
============================================================
 STAGE 5 TEST: Analytics + AI Insights
============================================================

[1] Initializing database...
2026-03-01 16:53:53,382 INFO sqlalchemy.engine.Engine BEGIN (implicit)
2026-03-01 16:53:53,382 INFO sqlalchemy.engine.Engine PRAGMA main.table_info("events")
2026-03-01 16:53:53,382 INFO sqlalchemy.engine.Engine [raw sql] ()
2026-03-01 16:53:53,382 INFO sqlalchemy.engine.Engine PRAGMA main.table_info("participants")
2026-03-01 16:53:53,382 INFO sqlalchemy.engine.Engine [raw sql] ()
2026-03-01 16:53:53,383 INFO sqlalchemy.engine.Engine PRAGMA main.table_info("attendance")
2026-03-01 16:53:53,383 INFO sqlalchemy.engine.Engine [raw sql] ()
2026-03-01 16:53:53,383 INFO sqlalchemy.engine.Engine PRAGMA main.table_info("analytics")
2026-03-01 16:53:53,383 INFO sqlalchemy.engine.Engine [raw sql] ()
2026-03-01 16:53:53,383 INFO sqlalchemy.engine.Engine COMMIT
[OK] Database initialized

============================================================
 TEST 1: Event Setup
============================================================
2026-03-01 16:53:53,391 INFO sqlalchemy.engine.Engine BEGIN (implicit)
2026-03-01 16:53:53,392 INFO sqlalchemy.engine.Engine INSERT INTO events (name, description, event_type, state, start_time, end_time, registration_deadline, venue, meeting_link, max_participants, created_at, updated_at, created_by) VALUES (?, ?, ?, ?, ?, ?, ?, ?, ?, ?, ?, ?, ?)
2026-03-01 16:53:53,392 INFO sqlalchemy.engine.Engine [generated in 0.00021s] ('Stage 5 Test - Analytics Demo Event', 'Test event for analytics and insights', 'OFFLINE', 'CREATED', '2026-03-01 09:23:53.383877', '2026-03-01 10:23:53.383877', None, 'Conference Room A', None, 50, '2026-03-01 11:23:53.392291', '2026-03-01 11:23:53.392295', None)
2026-03-01 16:53:53,393 INFO sqlalchemy.engine.Engine COMMIT
2026-03-01 16:53:53,396 INFO sqlalchemy.engine.Engine BEGIN (implicit)
2026-03-01 16:53:53,398 INFO sqlalchemy.engine.Engine SELECT events.id, events.name, events.description, events.event_type, events.state, events.start_time, events.end_time, events.registration_deadline, events.venue, events.meeting_link, events.max_participants, events.created_at, events.updated_at, events.created_by 
FROM events 
WHERE events.id = ?
2026-03-01 16:53:53,398 INFO sqlalchemy.engine.Engine [generated in 0.00014s] (3,)
2026-03-01 16:53:53 | INFO     | event_agent | Event created: Stage 5 Test - Analytics Demo Event (ID: 3, Type: OFFLINE)
2026-03-01 16:53:53 | INFO     | event_agent | [AGENT] Agent decision: Event 'Stage 5 Test - Analytics Demo Event' created in CREATED state | Reasoning: New OFFLINE event scheduled for 2026-03-01 09:23
[OK] Event created: ID=3

============================================================
 TEST 2: Opening Registration
============================================================
2026-03-01 16:53:53,400 INFO sqlalchemy.engine.Engine SELECT events.id AS events_id, events.name AS events_name, events.description AS events_description, events.event_type AS events_event_type, events.state AS events_state, events.start_time AS events_start_time, events.end_time AS events_end_time, events.registration_deadline AS events_registration_deadline, events.venue AS events_venue, events.meeting_link AS events_meeting_link, events.max_participants AS events_max_participants, events.created_at AS events_created_at, events.updated_at AS events_updated_at, events.created_by AS events_created_by 
FROM events 
WHERE events.id = ?
 LIMIT ? OFFSET ?
2026-03-01 16:53:53,400 INFO sqlalchemy.engine.Engine [generated in 0.00013s] (3, 1, 0)
2026-03-01 16:53:53 | INFO     | event_agent | [STATE_TRANSITION] Event #3 'Stage 5 Test - Analytics Demo Event' transitioned: CREATED -> REGISTRATION_OPEN | Reason: manual transition
2026-03-01 16:53:53,402 INFO sqlalchemy.engine.Engine UPDATE events SET state=?, updated_at=? WHERE events.id = ?
2026-03-01 16:53:53,402 INFO sqlalchemy.engine.Engine [generated in 0.00013s] ('REGISTRATION_OPEN', '2026-03-01 11:23:53.401962', 3)
2026-03-01 16:53:53,402 INFO sqlalchemy.engine.Engine COMMIT
2026-03-01 16:53:53,406 INFO sqlalchemy.engine.Engine BEGIN (implicit)
2026-03-01 16:53:53,406 INFO sqlalchemy.engine.Engine SELECT events.id, events.name, events.description, events.event_type, events.state, events.start_time, events.end_time, events.registration_deadline, events.venue, events.meeting_link, events.max_participants, events.created_at, events.updated_at, events.created_by 
FROM events 
WHERE events.id = ?
2026-03-01 16:53:53,406 INFO sqlalchemy.engine.Engine [cached since 0.008064s ago] (3,)
2026-03-01 16:53:53 | INFO     | event_agent | Event 3 transitioned: CREATED -> REGISTRATION_OPEN (by manual)
[OK] Transitioned to REGISTRATION_OPEN

============================================================
 TEST 3: Creating Test Data
============================================================
2026-03-01 16:53:53,407 INFO sqlalchemy.engine.Engine SELECT events.id AS events_id, events.name AS events_name, events.description AS events_description, events.event_type AS events_event_type, events.state AS events_state, events.start_time AS events_start_time, events.end_time AS events_end_time, events.registration_deadline AS events_registration_deadline, events.venue AS events_venue, events.meeting_link AS events_meeting_link, events.max_participants AS events_max_participants, events.created_at AS events_created_at, events.updated_at AS events_updated_at, events.created_by AS events_created_by 
FROM events 
WHERE events.id = ?
 LIMIT ? OFFSET ?
2026-03-01 16:53:53,407 INFO sqlalchemy.engine.Engine [cached since 0.006898s ago] (3, 1, 0)
2026-03-01 16:53:53,410 INFO sqlalchemy.engine.Engine SELECT count(*) AS count_1 
FROM (SELECT participants.id AS participants_id, participants.event_id AS participants_event_id, participants.name AS participants_name, participants.email AS participants_email, participants.phone AS participants_phone, participants.status AS participants_status, participants.is_confirmed AS participants_is_confirmed, participants.confirmed_at AS participants_confirmed_at, participants.qr_token AS participants_qr_token, participants.otp AS participants_otp, participants.otp_expires_at AS participants_otp_expires_at, participants.registered_at AS participants_registered_at, participants.updated_at AS participants_updated_at 
FROM participants 
WHERE participants.event_id = ? AND participants.status != ?) AS anon_1
2026-03-01 16:53:53,410 INFO sqlalchemy.engine.Engine [generated in 0.00014s] (3, 'CANCELLED')
2026-03-01 16:53:53,411 INFO sqlalchemy.engine.Engine SELECT participants.id AS participants_id, participants.event_id AS participants_event_id, participants.name AS participants_name, participants.email AS participants_email, participants.phone AS participants_phone, participants.status AS participants_status, participants.is_confirmed AS participants_is_confirmed, participants.confirmed_at AS participants_confirmed_at, participants.qr_token AS participants_qr_token, participants.otp AS participants_otp, participants.otp_expires_at AS participants_otp_expires_at, participants.registered_at AS participants_registered_at, participants.updated_at AS participants_updated_at 
FROM participants 
WHERE participants.event_id = ? AND participants.email = ? AND participants.status != ?
 LIMIT ? OFFSET ?
2026-03-01 16:53:53,411 INFO sqlalchemy.engine.Engine [generated in 0.00013s] (3, 'alice@test.com', 'CANCELLED', 1, 0)
2026-03-01 16:53:53,412 INFO sqlalchemy.engine.Engine INSERT INTO participants (event_id, name, email, phone, status, is_confirmed, confirmed_at, qr_token, otp, otp_expires_at, registered_at, updated_at) VALUES (?, ?, ?, ?, ?, ?, ?, ?, ?, ?, ?, ?)
2026-03-01 16:53:53,412 INFO sqlalchemy.engine.Engine [generated in 0.00018s] (3, 'Alice Brown', 'alice@test.com', None, 'REGISTERED', 0, None, None, None, None, '2026-03-01 11:23:53.412412', '2026-03-01 11:23:53.412415')
2026-03-01 16:53:53,413 INFO sqlalchemy.engine.Engine COMMIT
2026-03-01 16:53:53,417 INFO sqlalchemy.engine.Engine BEGIN (implicit)
2026-03-01 16:53:53,418 INFO sqlalchemy.engine.Engine SELECT participants.id, participants.event_id, participants.name, participants.email, participants.phone, participants.status, participants.is_confirmed, participants.confirmed_at, participants.qr_token, participants.otp, participants.otp_expires_at, participants.registered_at, participants.updated_at 
FROM participants 
WHERE participants.id = ?
2026-03-01 16:53:53,418 INFO sqlalchemy.engine.Engine [generated in 0.00012s] (16,)
2026-03-01 16:53:53,465 INFO sqlalchemy.engine.Engine UPDATE participants SET qr_token=?, updated_at=? WHERE participants.id = ?
2026-03-01 16:53:53,466 INFO sqlalchemy.engine.Engine [generated in 0.00025s] ('eyJhbGciOiJIUzI1NiIsInR5cCI6IkpXVCJ9.eyJwYXJ0aWNpcGFudF9pZCI6MTYsImV2ZW50X2lkIjozLCJpc3N1ZWRfYXQiOiIyMDI2LTAzLTAxVDExOjIzOjUzLjQxODUwNCswMDowMCIsImV4cGlyZXNfYXQiOiIyMDI2LTAzLTAyVDExOjIzOjUzLjQxODUxMyswMDowMCIsInR5cGUiOiJhdHRlbmRhbmNlX3FyIn0.fucMudeksyr33Pyf7Jb9QXvrdopa3jGobGZi6kFEE8U', '2026-03-01 11:23:53.465894', 16)
2026-03-01 16:53:53,467 INFO sqlalchemy.engine.Engine COMMIT
2026-03-01 16:53:53 | WARNING  | event_agent | [EMAIL] SendGrid credentials not configured - emails will be simulated
2026-03-01 16:53:53,470 INFO sqlalchemy.engine.Engine BEGIN (implicit)
2026-03-01 16:53:53,471 INFO sqlalchemy.engine.Engine SELECT events.id AS events_id, events.name AS events_name, events.description AS events_description, events.event_type AS events_event_type, events.state AS events_state, events.start_time AS events_start_time, events.end_time AS events_end_time, events.registration_deadline AS events_registration_deadline, events.venue AS events_venue, events.meeting_link AS events_meeting_link, events.max_participants AS events_max_participants, events.created_at AS events_created_at, events.updated_at AS events_updated_at, events.created_by AS events_created_by 
FROM events 
WHERE events.id = ?
2026-03-01 16:53:53,471 INFO sqlalchemy.engine.Engine [generated in 0.00010s] (3,)
2026-03-01 16:53:53 | INFO     | event_agent | [EMAIL] [SIMULATED] To: alice@test.com | Subject: Registration Confirmed: Stage 5 Test - Analytics Demo Event
2026-03-01 16:53:53 | INFO     | event_agent | [REGISTRATION] New registration for Event #3 'Stage 5 Test - Analytics Demo Event': Alice Brown (alice@test.com)
2026-03-01 16:53:53,472 INFO sqlalchemy.engine.Engine SELECT participants.id AS participants_id, participants.event_id AS participants_event_id, participants.name AS participants_name, participants.email AS participants_email, participants.phone AS participants_phone, participants.status AS participants_status, participants.is_confirmed AS participants_is_confirmed, participants.confirmed_at AS participants_confirmed_at, participants.qr_token AS participants_qr_token, participants.otp AS participants_otp, participants.otp_expires_at AS participants_otp_expires_at, participants.registered_at AS participants_registered_at, participants.updated_at AS participants_updated_at 
FROM participants 
WHERE participants.id = ?
2026-03-01 16:53:53,472 INFO sqlalchemy.engine.Engine [generated in 0.00009s] (16,)
2026-03-01 16:53:53,473 INFO sqlalchemy.engine.Engine SELECT participants.id AS participants_id, participants.event_id AS participants_event_id, participants.name AS participants_name, participants.email AS participants_email, participants.phone AS participants_phone, participants.status AS participants_status, participants.is_confirmed AS participants_is_confirmed, participants.confirmed_at AS participants_confirmed_at, participants.qr_token AS participants_qr_token, participants.otp AS participants_otp, participants.otp_expires_at AS participants_otp_expires_at, participants.registered_at AS participants_registered_at, participants.updated_at AS participants_updated_at 
FROM participants 
WHERE participants.id = ?
 LIMIT ? OFFSET ?
2026-03-01 16:53:53,473 INFO sqlalchemy.engine.Engine [generated in 0.00010s] (16, 1, 0)
2026-03-01 16:53:53,473 INFO sqlalchemy.engine.Engine UPDATE participants SET status=?, is_confirmed=?, confirmed_at=?, updated_at=? WHERE participants.id = ?
2026-03-01 16:53:53,473 INFO sqlalchemy.engine.Engine [generated in 0.00011s] ('CONFIRMED', 1, '2026-03-01 11:23:53.473524', '2026-03-01 11:23:53.473862', 16)
2026-03-01 16:53:53,474 INFO sqlalchemy.engine.Engine COMMIT
2026-03-01 16:53:53,477 INFO sqlalchemy.engine.Engine BEGIN (implicit)
2026-03-01 16:53:53,477 INFO sqlalchemy.engine.Engine SELECT participants.id, participants.event_id, participants.name, participants.email, participants.phone, participants.status, participants.is_confirmed, participants.confirmed_at, participants.qr_token, participants.otp, participants.otp_expires_at, participants.registered_at, participants.updated_at 
FROM participants 
WHERE participants.id = ?
2026-03-01 16:53:53,477 INFO sqlalchemy.engine.Engine [cached since 0.05978s ago] (16,)
2026-03-01 16:53:53,478 INFO sqlalchemy.engine.Engine SELECT events.id AS events_id, events.name AS events_name, events.description AS events_description, events.event_type AS events_event_type, events.state AS events_state, events.start_time AS events_start_time, events.end_time AS events_end_time, events.registration_deadline AS events_registration_deadline, events.venue AS events_venue, events.meeting_link AS events_meeting_link, events.max_participants AS events_max_participants, events.created_at AS events_created_at, events.updated_at AS events_updated_at, events.created_by AS events_created_by 
FROM events 
WHERE events.id = ?
 LIMIT ? OFFSET ?
2026-03-01 16:53:53,478 INFO sqlalchemy.engine.Engine [cached since 0.07815s ago] (3, 1, 0)
2026-03-01 16:53:53,479 INFO sqlalchemy.engine.Engine SELECT count(*) AS count_1 
FROM (SELECT participants.id AS participants_id, participants.event_id AS participants_event_id, participants.name AS participants_name, participants.email AS participants_email, participants.phone AS participants_phone, participants.status AS participants_status, participants.is_confirmed AS participants_is_confirmed, participants.confirmed_at AS participants_confirmed_at, participants.qr_token AS participants_qr_token, participants.otp AS participants_otp, participants.otp_expires_at AS participants_otp_expires_at, participants.registered_at AS participants_registered_at, participants.updated_at AS participants_updated_at 
FROM participants 
WHERE participants.event_id = ? AND participants.status != ?) AS anon_1
2026-03-01 16:53:53,479 INFO sqlalchemy.engine.Engine [cached since 0.06903s ago] (3, 'CANCELLED')
2026-03-01 16:53:53,480 INFO sqlalchemy.engine.Engine SELECT count(*) AS count_1 
FROM (SELECT participants.id AS participants_id, participants.event_id AS participants_event_id, participants.name AS participants_name, participants.email AS participants_email, participants.phone AS participants_phone, participants.status AS participants_status, participants.is_confirmed AS participants_is_confirmed, participants.confirmed_at AS participants_confirmed_at, participants.qr_token AS participants_qr_token, participants.otp AS participants_otp, participants.otp_expires_at AS participants_otp_expires_at, participants.registered_at AS participants_registered_at, participants.updated_at AS participants_updated_at 
FROM participants 
WHERE participants.event_id = ? AND participants.is_confirmed = 1) AS anon_1
2026-03-01 16:53:53,480 INFO sqlalchemy.engine.Engine [generated in 0.00010s] (3,)
2026-03-01 16:53:53 | INFO     | event_agent | [CONFIRMATION] Alice Brown confirmed for Event #3 'Stage 5 Test - Analytics Demo Event' (Rate now: 100.0%)
2026-03-01 16:53:53,481 INFO sqlalchemy.engine.Engine SELECT events.id AS events_id, events.name AS events_name, events.description AS events_description, events.event_type AS events_event_type, events.state AS events_state, events.start_time AS events_start_time, events.end_time AS events_end_time, events.registration_deadline AS events_registration_deadline, events.venue AS events_venue, events.meeting_link AS events_meeting_link, events.max_participants AS events_max_participants, events.created_at AS events_created_at, events.updated_at AS events_updated_at, events.created_by AS events_created_by 
FROM events 
WHERE events.id = ?
 LIMIT ? OFFSET ?
2026-03-01 16:53:53,481 INFO sqlalchemy.engine.Engine [cached since 0.08128s ago] (3, 1, 0)
2026-03-01 16:53:53,481 INFO sqlalchemy.engine.Engine SELECT count(*) AS count_1 
FROM (SELECT participants.id AS participants_id, participants.event_id AS participants_event_id, participants.name AS participants_name, participants.email AS participants_email, participants.phone AS participants_phone, participants.status AS participants_status, participants.is_confirmed AS participants_is_confirmed, participants.confirmed_at AS participants_confirmed_at, participants.qr_token AS participants_qr_token, participants.otp AS participants_otp, participants.otp_expires_at AS participants_otp_expires_at, participants.registered_at AS participants_registered_at, participants.updated_at AS participants_updated_at 
FROM participants 
WHERE participants.event_id = ? AND participants.status != ?) AS anon_1
2026-03-01 16:53:53,482 INFO sqlalchemy.engine.Engine [cached since 0.07199s ago] (3, 'CANCELLED')
2026-03-01 16:53:53,482 INFO sqlalchemy.engine.Engine SELECT participants.id AS participants_id, participants.event_id AS participants_event_id, participants.name AS participants_name, participants.email AS participants_email, participants.phone AS participants_phone, participants.status AS participants_status, participants.is_confirmed AS participants_is_confirmed, participants.confirmed_at AS participants_confirmed_at, participants.qr_token AS participants_qr_token, participants.otp AS participants_otp, participants.otp_expires_at AS participants_otp_expires_at, participants.registered_at AS participants_registered_at, participants.updated_at AS participants_updated_at 
FROM participants 
WHERE participants.event_id = ? AND participants.email = ? AND participants.status != ?
 LIMIT ? OFFSET ?
2026-03-01 16:53:53,482 INFO sqlalchemy.engine.Engine [cached since 0.07131s ago] (3, 'bob@test.com', 'CANCELLED', 1, 0)
2026-03-01 16:53:53,482 INFO sqlalchemy.engine.Engine INSERT INTO participants (event_id, name, email, phone, status, is_confirmed, confirmed_at, qr_token, otp, otp_expires_at, registered_at, updated_at) VALUES (?, ?, ?, ?, ?, ?, ?, ?, ?, ?, ?, ?)
2026-03-01 16:53:53,482 INFO sqlalchemy.engine.Engine [cached since 0.07059s ago] (3, 'Bob Wilson', 'bob@test.com', None, 'REGISTERED', 0, None, None, None, None, '2026-03-01 11:23:53.482881', '2026-03-01 11:23:53.482883')
2026-03-01 16:53:53,483 INFO sqlalchemy.engine.Engine COMMIT
2026-03-01 16:53:53,486 INFO sqlalchemy.engine.Engine BEGIN (implicit)
2026-03-01 16:53:53,486 INFO sqlalchemy.engine.Engine SELECT participants.id, participants.event_id, participants.name, participants.email, participants.phone, participants.status, participants.is_confirmed, participants.confirmed_at, participants.qr_token, participants.otp, participants.otp_expires_at, participants.registered_at, participants.updated_at 
FROM participants 
WHERE participants.id = ?
2026-03-01 16:53:53,486 INFO sqlalchemy.engine.Engine [cached since 0.06885s ago] (17,)
2026-03-01 16:53:53,523 INFO sqlalchemy.engine.Engine UPDATE participants SET qr_token=?, updated_at=? WHERE participants.id = ?
2026-03-01 16:53:53,523 INFO sqlalchemy.engine.Engine [cached since 0.05728s ago] ('eyJhbGciOiJIUzI1NiIsInR5cCI6IkpXVCJ9.eyJwYXJ0aWNpcGFudF9pZCI6MTcsImV2ZW50X2lkIjozLCJpc3N1ZWRfYXQiOiIyMDI2LTAzLTAxVDExOjIzOjUzLjQ4NzA3OSswMDowMCIsImV4cGlyZXNfYXQiOiIyMDI2LTAzLTAyVDExOjIzOjUzLjQ4NzA4NyswMDowMCIsInR5cGUiOiJhdHRlbmRhbmNlX3FyIn0.Pd57-GdCnLjalCtsJKqzfUr_PDPkjvyaSm_6-6Q5zoo', '2026-03-01 11:23:53.522976', 17)
2026-03-01 16:53:53,524 INFO sqlalchemy.engine.Engine COMMIT
2026-03-01 16:53:53,528 INFO sqlalchemy.engine.Engine BEGIN (implicit)
2026-03-01 16:53:53,528 INFO sqlalchemy.engine.Engine SELECT events.id AS events_id, events.name AS events_name, events.description AS events_description, events.event_type AS events_event_type, events.state AS events_state, events.start_time AS events_start_time, events.end_time AS events_end_time, events.registration_deadline AS events_registration_deadline, events.venue AS events_venue, events.meeting_link AS events_meeting_link, events.max_participants AS events_max_participants, events.created_at AS events_created_at, events.updated_at AS events_updated_at, events.created_by AS events_created_by 
FROM events 
WHERE events.id = ?
2026-03-01 16:53:53,528 INFO sqlalchemy.engine.Engine [cached since 0.05781s ago] (3,)
2026-03-01 16:53:53 | INFO     | event_agent | [EMAIL] [SIMULATED] To: bob@test.com | Subject: Registration Confirmed: Stage 5 Test - Analytics Demo Event
2026-03-01 16:53:53 | INFO     | event_agent | [REGISTRATION] New registration for Event #3 'Stage 5 Test - Analytics Demo Event': Bob Wilson (bob@test.com)
2026-03-01 16:53:53,529 INFO sqlalchemy.engine.Engine SELECT participants.id AS participants_id, participants.event_id AS participants_event_id, participants.name AS participants_name, participants.email AS participants_email, participants.phone AS participants_phone, participants.status AS participants_status, participants.is_confirmed AS participants_is_confirmed, participants.confirmed_at AS participants_confirmed_at, participants.qr_token AS participants_qr_token, participants.otp AS participants_otp, participants.otp_expires_at AS participants_otp_expires_at, participants.registered_at AS participants_registered_at, participants.updated_at AS participants_updated_at 
FROM participants 
WHERE participants.id = ?
2026-03-01 16:53:53,529 INFO sqlalchemy.engine.Engine [cached since 0.05763s ago] (17,)
2026-03-01 16:53:53,531 INFO sqlalchemy.engine.Engine SELECT participants.id AS participants_id, participants.event_id AS participants_event_id, participants.name AS participants_name, participants.email AS participants_email, participants.phone AS participants_phone, participants.status AS participants_status, participants.is_confirmed AS participants_is_confirmed, participants.confirmed_at AS participants_confirmed_at, participants.qr_token AS participants_qr_token, participants.otp AS participants_otp, participants.otp_expires_at AS participants_otp_expires_at, participants.registered_at AS participants_registered_at, participants.updated_at AS participants_updated_at 
FROM participants 
WHERE participants.id = ?
 LIMIT ? OFFSET ?
2026-03-01 16:53:53,531 INFO sqlalchemy.engine.Engine [cached since 0.0583s ago] (17, 1, 0)
2026-03-01 16:53:53,532 INFO sqlalchemy.engine.Engine UPDATE participants SET status=?, is_confirmed=?, confirmed_at=?, updated_at=? WHERE participants.id = ?
2026-03-01 16:53:53,532 INFO sqlalchemy.engine.Engine [cached since 0.05842s ago] ('CONFIRMED', 1, '2026-03-01 11:23:53.531949', '2026-03-01 11:23:53.532163', 17)
2026-03-01 16:53:53,533 INFO sqlalchemy.engine.Engine COMMIT
2026-03-01 16:53:53,536 INFO sqlalchemy.engine.Engine BEGIN (implicit)
2026-03-01 16:53:53,536 INFO sqlalchemy.engine.Engine SELECT participants.id, participants.event_id, participants.name, participants.email, participants.phone, participants.status, participants.is_confirmed, participants.confirmed_at, participants.qr_token, participants.otp, participants.otp_expires_at, participants.registered_at, participants.updated_at 
FROM participants 
WHERE participants.id = ?
2026-03-01 16:53:53,536 INFO sqlalchemy.engine.Engine [cached since 0.1183s ago] (17,)
2026-03-01 16:53:53,536 INFO sqlalchemy.engine.Engine SELECT events.id AS events_id, events.name AS events_name, events.description AS events_description, events.event_type AS events_event_type, events.state AS events_state, events.start_time AS events_start_time, events.end_time AS events_end_time, events.registration_deadline AS events_registration_deadline, events.venue AS events_venue, events.meeting_link AS events_meeting_link, events.max_participants AS events_max_participants, events.created_at AS events_created_at, events.updated_at AS events_updated_at, events.created_by AS events_created_by 
FROM events 
WHERE events.id = ?
 LIMIT ? OFFSET ?
2026-03-01 16:53:53,536 INFO sqlalchemy.engine.Engine [cached since 0.1368s ago] (3, 1, 0)
2026-03-01 16:53:53,537 INFO sqlalchemy.engine.Engine SELECT count(*) AS count_1 
FROM (SELECT participants.id AS participants_id, participants.event_id AS participants_event_id, participants.name AS participants_name, participants.email AS participants_email, participants.phone AS participants_phone, participants.status AS participants_status, participants.is_confirmed AS participants_is_confirmed, participants.confirmed_at AS participants_confirmed_at, participants.qr_token AS participants_qr_token, participants.otp AS participants_otp, participants.otp_expires_at AS participants_otp_expires_at, participants.registered_at AS participants_registered_at, participants.updated_at AS participants_updated_at 
FROM participants 
WHERE participants.event_id = ? AND participants.status != ?) AS anon_1
2026-03-01 16:53:53,537 INFO sqlalchemy.engine.Engine [cached since 0.1277s ago] (3, 'CANCELLED')
2026-03-01 16:53:53,538 INFO sqlalchemy.engine.Engine SELECT count(*) AS count_1 
FROM (SELECT participants.id AS participants_id, participants.event_id AS participants_event_id, participants.name AS participants_name, participants.email AS participants_email, participants.phone AS participants_phone, participants.status AS participants_status, participants.is_confirmed AS participants_is_confirmed, participants.confirmed_at AS participants_confirmed_at, participants.qr_token AS participants_qr_token, participants.otp AS participants_otp, participants.otp_expires_at AS participants_otp_expires_at, participants.registered_at AS participants_registered_at, participants.updated_at AS participants_updated_at 
FROM participants 
WHERE participants.event_id = ? AND participants.is_confirmed = 1) AS anon_1
2026-03-01 16:53:53,538 INFO sqlalchemy.engine.Engine [cached since 0.05759s ago] (3,)
2026-03-01 16:53:53 | INFO     | event_agent | [CONFIRMATION] Bob Wilson confirmed for Event #3 'Stage 5 Test - Analytics Demo Event' (Rate now: 100.0%)
2026-03-01 16:53:53,538 INFO sqlalchemy.engine.Engine SELECT events.id AS events_id, events.name AS events_name, events.description AS events_description, events.event_type AS events_event_type, events.state AS events_state, events.start_time AS events_start_time, events.end_time AS events_end_time, events.registration_deadline AS events_registration_deadline, events.venue AS events_venue, events.meeting_link AS events_meeting_link, events.max_participants AS events_max_participants, events.created_at AS events_created_at, events.updated_at AS events_updated_at, events.created_by AS events_created_by 
FROM events 
WHERE events.id = ?
 LIMIT ? OFFSET ?
2026-03-01 16:53:53,538 INFO sqlalchemy.engine.Engine [cached since 0.1386s ago] (3, 1, 0)
2026-03-01 16:53:53,539 INFO sqlalchemy.engine.Engine SELECT count(*) AS count_1 
FROM (SELECT participants.id AS participants_id, participants.event_id AS participants_event_id, participants.name AS participants_name, participants.email AS participants_email, participants.phone AS participants_phone, participants.status AS participants_status, participants.is_confirmed AS participants_is_confirmed, participants.confirmed_at AS participants_confirmed_at, participants.qr_token AS participants_qr_token, participants.otp AS participants_otp, participants.otp_expires_at AS participants_otp_expires_at, participants.registered_at AS participants_registered_at, participants.updated_at AS participants_updated_at 
FROM participants 
WHERE participants.event_id = ? AND participants.status != ?) AS anon_1
2026-03-01 16:53:53,539 INFO sqlalchemy.engine.Engine [cached since 0.1293s ago] (3, 'CANCELLED')
2026-03-01 16:53:53,539 INFO sqlalchemy.engine.Engine SELECT participants.id AS participants_id, participants.event_id AS participants_event_id, participants.name AS participants_name, participants.email AS participants_email, participants.phone AS participants_phone, participants.status AS participants_status, participants.is_confirmed AS participants_is_confirmed, participants.confirmed_at AS participants_confirmed_at, participants.qr_token AS participants_qr_token, participants.otp AS participants_otp, participants.otp_expires_at AS participants_otp_expires_at, participants.registered_at AS participants_registered_at, participants.updated_at AS participants_updated_at 
FROM participants 
WHERE participants.event_id = ? AND participants.email = ? AND participants.status != ?
 LIMIT ? OFFSET ?
2026-03-01 16:53:53,539 INFO sqlalchemy.engine.Engine [cached since 0.1286s ago] (3, 'charlie@test.com', 'CANCELLED', 1, 0)
2026-03-01 16:53:53,540 INFO sqlalchemy.engine.Engine INSERT INTO participants (event_id, name, email, phone, status, is_confirmed, confirmed_at, qr_token, otp, otp_expires_at, registered_at, updated_at) VALUES (?, ?, ?, ?, ?, ?, ?, ?, ?, ?, ?, ?)
2026-03-01 16:53:53,540 INFO sqlalchemy.engine.Engine [cached since 0.1279s ago] (3, 'Charlie Lee', 'charlie@test.com', None, 'REGISTERED', 0, None, None, None, None, '2026-03-01 11:23:53.540183', '2026-03-01 11:23:53.540185')
2026-03-01 16:53:53,541 INFO sqlalchemy.engine.Engine COMMIT
2026-03-01 16:53:53,545 INFO sqlalchemy.engine.Engine BEGIN (implicit)
2026-03-01 16:53:53,546 INFO sqlalchemy.engine.Engine SELECT participants.id, participants.event_id, participants.name, participants.email, participants.phone, participants.status, participants.is_confirmed, participants.confirmed_at, participants.qr_token, participants.otp, participants.otp_expires_at, participants.registered_at, participants.updated_at 
FROM participants 
WHERE participants.id = ?
2026-03-01 16:53:53,546 INFO sqlalchemy.engine.Engine [cached since 0.1285s ago] (18,)
2026-03-01 16:53:53,583 INFO sqlalchemy.engine.Engine UPDATE participants SET qr_token=?, updated_at=? WHERE participants.id = ?
2026-03-01 16:53:53,583 INFO sqlalchemy.engine.Engine [cached since 0.1174s ago] ('eyJhbGciOiJIUzI1NiIsInR5cCI6IkpXVCJ9.eyJwYXJ0aWNpcGFudF9pZCI6MTgsImV2ZW50X2lkIjozLCJpc3N1ZWRfYXQiOiIyMDI2LTAzLTAxVDExOjIzOjUzLjU0NzExMSswMDowMCIsImV4cGlyZXNfYXQiOiIyMDI2LTAzLTAyVDExOjIzOjUzLjU0NzEyNSswMDowMCIsInR5cGUiOiJhdHRlbmRhbmNlX3FyIn0.MWl92kAw3wPrJBD5aAR3Y46XNuN5xlHtwPm-dkOICuU', '2026-03-01 11:23:53.583100', 18)
2026-03-01 16:53:53,584 INFO sqlalchemy.engine.Engine COMMIT
2026-03-01 16:53:53,587 INFO sqlalchemy.engine.Engine BEGIN (implicit)
2026-03-01 16:53:53,587 INFO sqlalchemy.engine.Engine SELECT events.id AS events_id, events.name AS events_name, events.description AS events_description, events.event_type AS events_event_type, events.state AS events_state, events.start_time AS events_start_time, events.end_time AS events_end_time, events.registration_deadline AS events_registration_deadline, events.venue AS events_venue, events.meeting_link AS events_meeting_link, events.max_participants AS events_max_participants, events.created_at AS events_created_at, events.updated_at AS events_updated_at, events.created_by AS events_created_by 
FROM events 
WHERE events.id = ?
2026-03-01 16:53:53,587 INFO sqlalchemy.engine.Engine [cached since 0.1164s ago] (3,)
2026-03-01 16:53:53 | INFO     | event_agent | [EMAIL] [SIMULATED] To: charlie@test.com | Subject: Registration Confirmed: Stage 5 Test - Analytics Demo Event
2026-03-01 16:53:53 | INFO     | event_agent | [REGISTRATION] New registration for Event #3 'Stage 5 Test - Analytics Demo Event': Charlie Lee (charlie@test.com)
2026-03-01 16:53:53,587 INFO sqlalchemy.engine.Engine SELECT participants.id AS participants_id, participants.event_id AS participants_event_id, participants.name AS participants_name, participants.email AS participants_email, participants.phone AS participants_phone, participants.status AS participants_status, participants.is_confirmed AS participants_is_confirmed, participants.confirmed_at AS participants_confirmed_at, participants.qr_token AS participants_qr_token, participants.otp AS participants_otp, participants.otp_expires_at AS participants_otp_expires_at, participants.registered_at AS participants_registered_at, participants.updated_at AS participants_updated_at 
FROM participants 
WHERE participants.id = ?
2026-03-01 16:53:53,588 INFO sqlalchemy.engine.Engine [cached since 0.1159s ago] (18,)
2026-03-01 16:53:53,588 INFO sqlalchemy.engine.Engine SELECT participants.id AS participants_id, participants.event_id AS participants_event_id, participants.name AS participants_name, participants.email AS participants_email, participants.phone AS participants_phone, participants.status AS participants_status, participants.is_confirmed AS participants_is_confirmed, participants.confirmed_at AS participants_confirmed_at, participants.qr_token AS participants_qr_token, participants.otp AS participants_otp, participants.otp_expires_at AS participants_otp_expires_at, participants.registered_at AS participants_registered_at, participants.updated_at AS participants_updated_at 
FROM participants 
WHERE participants.id = ?
 LIMIT ? OFFSET ?
2026-03-01 16:53:53,588 INFO sqlalchemy.engine.Engine [cached since 0.1154s ago] (18, 1, 0)
2026-03-01 16:53:53,588 INFO sqlalchemy.engine.Engine UPDATE participants SET status=?, is_confirmed=?, confirmed_at=?, updated_at=? WHERE participants.id = ?
2026-03-01 16:53:53,588 INFO sqlalchemy.engine.Engine [cached since 0.1151s ago] ('CONFIRMED', 1, '2026-03-01 11:23:53.588740', '2026-03-01 11:23:53.588906', 18)
2026-03-01 16:53:53,589 INFO sqlalchemy.engine.Engine COMMIT
2026-03-01 16:53:53,592 INFO sqlalchemy.engine.Engine BEGIN (implicit)
2026-03-01 16:53:53,592 INFO sqlalchemy.engine.Engine SELECT participants.id, participants.event_id, participants.name, participants.email, participants.phone, participants.status, participants.is_confirmed, participants.confirmed_at, participants.qr_token, participants.otp, participants.otp_expires_at, participants.registered_at, participants.updated_at 
FROM participants 
WHERE participants.id = ?
2026-03-01 16:53:53,592 INFO sqlalchemy.engine.Engine [cached since 0.1747s ago] (18,)
2026-03-01 16:53:53,593 INFO sqlalchemy.engine.Engine SELECT events.id AS events_id, events.name AS events_name, events.description AS events_description, events.event_type AS events_event_type, events.state AS events_state, events.start_time AS events_start_time, events.end_time AS events_end_time, events.registration_deadline AS events_registration_deadline, events.venue AS events_venue, events.meeting_link AS events_meeting_link, events.max_participants AS events_max_participants, events.created_at AS events_created_at, events.updated_at AS events_updated_at, events.created_by AS events_created_by 
FROM events 
WHERE events.id = ?
 LIMIT ? OFFSET ?
2026-03-01 16:53:53,593 INFO sqlalchemy.engine.Engine [cached since 0.193s ago] (3, 1, 0)
2026-03-01 16:53:53,593 INFO sqlalchemy.engine.Engine SELECT count(*) AS count_1 
FROM (SELECT participants.id AS participants_id, participants.event_id AS participants_event_id, participants.name AS participants_name, participants.email AS participants_email, participants.phone AS participants_phone, participants.status AS participants_status, participants.is_confirmed AS participants_is_confirmed, participants.confirmed_at AS participants_confirmed_at, participants.qr_token AS participants_qr_token, participants.otp AS participants_otp, participants.otp_expires_at AS participants_otp_expires_at, participants.registered_at AS participants_registered_at, participants.updated_at AS participants_updated_at 
FROM participants 
WHERE participants.event_id = ? AND participants.status != ?) AS anon_1
2026-03-01 16:53:53,593 INFO sqlalchemy.engine.Engine [cached since 0.1837s ago] (3, 'CANCELLED')
2026-03-01 16:53:53,594 INFO sqlalchemy.engine.Engine SELECT count(*) AS count_1 
FROM (SELECT participants.id AS participants_id, participants.event_id AS participants_event_id, participants.name AS participants_name, participants.email AS participants_email, participants.phone AS participants_phone, participants.status AS participants_status, participants.is_confirmed AS participants_is_confirmed, participants.confirmed_at AS participants_confirmed_at, participants.qr_token AS participants_qr_token, participants.otp AS participants_otp, participants.otp_expires_at AS participants_otp_expires_at, participants.registered_at AS participants_registered_at, participants.updated_at AS participants_updated_at 
FROM participants 
WHERE participants.event_id = ? AND participants.is_confirmed = 1) AS anon_1
2026-03-01 16:53:53,594 INFO sqlalchemy.engine.Engine [cached since 0.1135s ago] (3,)
2026-03-01 16:53:53 | INFO     | event_agent | [CONFIRMATION] Charlie Lee confirmed for Event #3 'Stage 5 Test - Analytics Demo Event' (Rate now: 100.0%)
2026-03-01 16:53:53,594 INFO sqlalchemy.engine.Engine SELECT events.id AS events_id, events.name AS events_name, events.description AS events_description, events.event_type AS events_event_type, events.state AS events_state, events.start_time AS events_start_time, events.end_time AS events_end_time, events.registration_deadline AS events_registration_deadline, events.venue AS events_venue, events.meeting_link AS events_meeting_link, events.max_participants AS events_max_participants, events.created_at AS events_created_at, events.updated_at AS events_updated_at, events.created_by AS events_created_by 
FROM events 
WHERE events.id = ?
 LIMIT ? OFFSET ?
2026-03-01 16:53:53,594 INFO sqlalchemy.engine.Engine [cached since 0.1945s ago] (3, 1, 0)
2026-03-01 16:53:53,595 INFO sqlalchemy.engine.Engine SELECT count(*) AS count_1 
FROM (SELECT participants.id AS participants_id, participants.event_id AS participants_event_id, participants.name AS participants_name, participants.email AS participants_email, participants.phone AS participants_phone, participants.status AS participants_status, participants.is_confirmed AS participants_is_confirmed, participants.confirmed_at AS participants_confirmed_at, participants.qr_token AS participants_qr_token, participants.otp AS participants_otp, participants.otp_expires_at AS participants_otp_expires_at, participants.registered_at AS participants_registered_at, participants.updated_at AS participants_updated_at 
FROM participants 
WHERE participants.event_id = ? AND participants.status != ?) AS anon_1
2026-03-01 16:53:53,595 INFO sqlalchemy.engine.Engine [cached since 0.1852s ago] (3, 'CANCELLED')
2026-03-01 16:53:53,595 INFO sqlalchemy.engine.Engine SELECT participants.id AS participants_id, participants.event_id AS participants_event_id, participants.name AS participants_name, participants.email AS participants_email, participants.phone AS participants_phone, participants.status AS participants_status, participants.is_confirmed AS participants_is_confirmed, participants.confirmed_at AS participants_confirmed_at, participants.qr_token AS participants_qr_token, participants.otp AS participants_otp, participants.otp_expires_at AS participants_otp_expires_at, participants.registered_at AS participants_registered_at, participants.updated_at AS participants_updated_at 
FROM participants 
WHERE participants.event_id = ? AND participants.email = ? AND participants.status != ?
 LIMIT ? OFFSET ?
2026-03-01 16:53:53,595 INFO sqlalchemy.engine.Engine [cached since 0.1845s ago] (3, 'diana@test.com', 'CANCELLED', 1, 0)
2026-03-01 16:53:53,596 INFO sqlalchemy.engine.Engine INSERT INTO participants (event_id, name, email, phone, status, is_confirmed, confirmed_at, qr_token, otp, otp_expires_at, registered_at, updated_at) VALUES (?, ?, ?, ?, ?, ?, ?, ?, ?, ?, ?, ?)
2026-03-01 16:53:53,596 INFO sqlalchemy.engine.Engine [cached since 0.1838s ago] (3, 'Diana Chen', 'diana@test.com', None, 'REGISTERED', 0, None, None, None, None, '2026-03-01 11:23:53.596056', '2026-03-01 11:23:53.596058')
2026-03-01 16:53:53,596 INFO sqlalchemy.engine.Engine COMMIT
2026-03-01 16:53:53,599 INFO sqlalchemy.engine.Engine BEGIN (implicit)
2026-03-01 16:53:53,599 INFO sqlalchemy.engine.Engine SELECT participants.id, participants.event_id, participants.name, participants.email, participants.phone, participants.status, participants.is_confirmed, participants.confirmed_at, participants.qr_token, participants.otp, participants.otp_expires_at, participants.registered_at, participants.updated_at 
FROM participants 
WHERE participants.id = ?
2026-03-01 16:53:53,599 INFO sqlalchemy.engine.Engine [cached since 0.1817s ago] (19,)
2026-03-01 16:53:53,635 INFO sqlalchemy.engine.Engine UPDATE participants SET qr_token=?, updated_at=? WHERE participants.id = ?
2026-03-01 16:53:53,635 INFO sqlalchemy.engine.Engine [cached since 0.1699s ago] ('eyJhbGciOiJIUzI1NiIsInR5cCI6IkpXVCJ9.eyJwYXJ0aWNpcGFudF9pZCI6MTksImV2ZW50X2lkIjozLCJpc3N1ZWRfYXQiOiIyMDI2LTAzLTAxVDExOjIzOjUzLjU5OTg2OCswMDowMCIsImV4cGlyZXNfYXQiOiIyMDI2LTAzLTAyVDExOjIzOjUzLjU5OTg3NSswMDowMCIsInR5cGUiOiJhdHRlbmRhbmNlX3FyIn0.iUNDWxgP0QGX2AWrR3_7pEGvKktNJl94T_0fVzIOwcE', '2026-03-01 11:23:53.635544', 19)
2026-03-01 16:53:53,636 INFO sqlalchemy.engine.Engine COMMIT
2026-03-01 16:53:53,639 INFO sqlalchemy.engine.Engine BEGIN (implicit)
2026-03-01 16:53:53,640 INFO sqlalchemy.engine.Engine SELECT events.id AS events_id, events.name AS events_name, events.description AS events_description, events.event_type AS events_event_type, events.state AS events_state, events.start_time AS events_start_time, events.end_time AS events_end_time, events.registration_deadline AS events_registration_deadline, events.venue AS events_venue, events.meeting_link AS events_meeting_link, events.max_participants AS events_max_participants, events.created_at AS events_created_at, events.updated_at AS events_updated_at, events.created_by AS events_created_by 
FROM events 
WHERE events.id = ?
2026-03-01 16:53:53,640 INFO sqlalchemy.engine.Engine [cached since 0.1691s ago] (3,)
2026-03-01 16:53:53 | INFO     | event_agent | [EMAIL] [SIMULATED] To: diana@test.com | Subject: Registration Confirmed: Stage 5 Test - Analytics Demo Event
2026-03-01 16:53:53 | INFO     | event_agent | [REGISTRATION] New registration for Event #3 'Stage 5 Test - Analytics Demo Event': Diana Chen (diana@test.com)
2026-03-01 16:53:53,640 INFO sqlalchemy.engine.Engine SELECT participants.id AS participants_id, participants.event_id AS participants_event_id, participants.name AS participants_name, participants.email AS participants_email, participants.phone AS participants_phone, participants.status AS participants_status, participants.is_confirmed AS participants_is_confirmed, participants.confirmed_at AS participants_confirmed_at, participants.qr_token AS participants_qr_token, participants.otp AS participants_otp, participants.otp_expires_at AS participants_otp_expires_at, participants.registered_at AS participants_registered_at, participants.updated_at AS participants_updated_at 
FROM participants 
WHERE participants.id = ?
2026-03-01 16:53:53,640 INFO sqlalchemy.engine.Engine [cached since 0.1686s ago] (19,)
2026-03-01 16:53:53,641 INFO sqlalchemy.engine.Engine SELECT participants.id AS participants_id, participants.event_id AS participants_event_id, participants.name AS participants_name, participants.email AS participants_email, participants.phone AS participants_phone, participants.status AS participants_status, participants.is_confirmed AS participants_is_confirmed, participants.confirmed_at AS participants_confirmed_at, participants.qr_token AS participants_qr_token, participants.otp AS participants_otp, participants.otp_expires_at AS participants_otp_expires_at, participants.registered_at AS participants_registered_at, participants.updated_at AS participants_updated_at 
FROM participants 
WHERE participants.id = ?
 LIMIT ? OFFSET ?
2026-03-01 16:53:53,641 INFO sqlalchemy.engine.Engine [cached since 0.1681s ago] (19, 1, 0)
2026-03-01 16:53:53,641 INFO sqlalchemy.engine.Engine UPDATE participants SET status=?, is_confirmed=?, confirmed_at=?, updated_at=? WHERE participants.id = ?
2026-03-01 16:53:53,641 INFO sqlalchemy.engine.Engine [cached since 0.1678s ago] ('CONFIRMED', 1, '2026-03-01 11:23:53.641436', '2026-03-01 11:23:53.641595', 19)
2026-03-01 16:53:53,642 INFO sqlalchemy.engine.Engine COMMIT
2026-03-01 16:53:53,644 INFO sqlalchemy.engine.Engine BEGIN (implicit)
2026-03-01 16:53:53,645 INFO sqlalchemy.engine.Engine SELECT participants.id, participants.event_id, participants.name, participants.email, participants.phone, participants.status, participants.is_confirmed, participants.confirmed_at, participants.qr_token, participants.otp, participants.otp_expires_at, participants.registered_at, participants.updated_at 
FROM participants 
WHERE participants.id = ?
2026-03-01 16:53:53,645 INFO sqlalchemy.engine.Engine [cached since 0.2272s ago] (19,)
2026-03-01 16:53:53,645 INFO sqlalchemy.engine.Engine SELECT events.id AS events_id, events.name AS events_name, events.description AS events_description, events.event_type AS events_event_type, events.state AS events_state, events.start_time AS events_start_time, events.end_time AS events_end_time, events.registration_deadline AS events_registration_deadline, events.venue AS events_venue, events.meeting_link AS events_meeting_link, events.max_participants AS events_max_participants, events.created_at AS events_created_at, events.updated_at AS events_updated_at, events.created_by AS events_created_by 
FROM events 
WHERE events.id = ?
 LIMIT ? OFFSET ?
2026-03-01 16:53:53,645 INFO sqlalchemy.engine.Engine [cached since 0.2456s ago] (3, 1, 0)
2026-03-01 16:53:53,646 INFO sqlalchemy.engine.Engine SELECT count(*) AS count_1 
FROM (SELECT participants.id AS participants_id, participants.event_id AS participants_event_id, participants.name AS participants_name, participants.email AS participants_email, participants.phone AS participants_phone, participants.status AS participants_status, participants.is_confirmed AS participants_is_confirmed, participants.confirmed_at AS participants_confirmed_at, participants.qr_token AS participants_qr_token, participants.otp AS participants_otp, participants.otp_expires_at AS participants_otp_expires_at, participants.registered_at AS participants_registered_at, participants.updated_at AS participants_updated_at 
FROM participants 
WHERE participants.event_id = ? AND participants.status != ?) AS anon_1
2026-03-01 16:53:53,646 INFO sqlalchemy.engine.Engine [cached since 0.2363s ago] (3, 'CANCELLED')
2026-03-01 16:53:53,646 INFO sqlalchemy.engine.Engine SELECT count(*) AS count_1 
FROM (SELECT participants.id AS participants_id, participants.event_id AS participants_event_id, participants.name AS participants_name, participants.email AS participants_email, participants.phone AS participants_phone, participants.status AS participants_status, participants.is_confirmed AS participants_is_confirmed, participants.confirmed_at AS participants_confirmed_at, participants.qr_token AS participants_qr_token, participants.otp AS participants_otp, participants.otp_expires_at AS participants_otp_expires_at, participants.registered_at AS participants_registered_at, participants.updated_at AS participants_updated_at 
FROM participants 
WHERE participants.event_id = ? AND participants.is_confirmed = 1) AS anon_1
2026-03-01 16:53:53,646 INFO sqlalchemy.engine.Engine [cached since 0.1661s ago] (3,)
2026-03-01 16:53:53 | INFO     | event_agent | [CONFIRMATION] Diana Chen confirmed for Event #3 'Stage 5 Test - Analytics Demo Event' (Rate now: 100.0%)
2026-03-01 16:53:53,647 INFO sqlalchemy.engine.Engine SELECT events.id AS events_id, events.name AS events_name, events.description AS events_description, events.event_type AS events_event_type, events.state AS events_state, events.start_time AS events_start_time, events.end_time AS events_end_time, events.registration_deadline AS events_registration_deadline, events.venue AS events_venue, events.meeting_link AS events_meeting_link, events.max_participants AS events_max_participants, events.created_at AS events_created_at, events.updated_at AS events_updated_at, events.created_by AS events_created_by 
FROM events 
WHERE events.id = ?
 LIMIT ? OFFSET ?
2026-03-01 16:53:53,647 INFO sqlalchemy.engine.Engine [cached since 0.2472s ago] (3, 1, 0)
2026-03-01 16:53:53,647 INFO sqlalchemy.engine.Engine SELECT count(*) AS count_1 
FROM (SELECT participants.id AS participants_id, participants.event_id AS participants_event_id, participants.name AS participants_name, participants.email AS participants_email, participants.phone AS participants_phone, participants.status AS participants_status, participants.is_confirmed AS participants_is_confirmed, participants.confirmed_at AS participants_confirmed_at, participants.qr_token AS participants_qr_token, participants.otp AS participants_otp, participants.otp_expires_at AS participants_otp_expires_at, participants.registered_at AS participants_registered_at, participants.updated_at AS participants_updated_at 
FROM participants 
WHERE participants.event_id = ? AND participants.status != ?) AS anon_1
2026-03-01 16:53:53,647 INFO sqlalchemy.engine.Engine [cached since 0.2378s ago] (3, 'CANCELLED')
2026-03-01 16:53:53,648 INFO sqlalchemy.engine.Engine SELECT participants.id AS participants_id, participants.event_id AS participants_event_id, participants.name AS participants_name, participants.email AS participants_email, participants.phone AS participants_phone, participants.status AS participants_status, participants.is_confirmed AS participants_is_confirmed, participants.confirmed_at AS participants_confirmed_at, participants.qr_token AS participants_qr_token, participants.otp AS participants_otp, participants.otp_expires_at AS participants_otp_expires_at, participants.registered_at AS participants_registered_at, participants.updated_at AS participants_updated_at 
FROM participants 
WHERE participants.event_id = ? AND participants.email = ? AND participants.status != ?
 LIMIT ? OFFSET ?
2026-03-01 16:53:53,648 INFO sqlalchemy.engine.Engine [cached since 0.2371s ago] (3, 'eve@test.com', 'CANCELLED', 1, 0)
2026-03-01 16:53:53,648 INFO sqlalchemy.engine.Engine INSERT INTO participants (event_id, name, email, phone, status, is_confirmed, confirmed_at, qr_token, otp, otp_expires_at, registered_at, updated_at) VALUES (?, ?, ?, ?, ?, ?, ?, ?, ?, ?, ?, ?)
2026-03-01 16:53:53,648 INFO sqlalchemy.engine.Engine [cached since 0.2364s ago] (3, 'Eve Taylor', 'eve@test.com', None, 'REGISTERED', 0, None, None, None, None, '2026-03-01 11:23:53.648658', '2026-03-01 11:23:53.648660')
2026-03-01 16:53:53,649 INFO sqlalchemy.engine.Engine COMMIT
2026-03-01 16:53:53,652 INFO sqlalchemy.engine.Engine BEGIN (implicit)
2026-03-01 16:53:53,653 INFO sqlalchemy.engine.Engine SELECT participants.id, participants.event_id, participants.name, participants.email, participants.phone, participants.status, participants.is_confirmed, participants.confirmed_at, participants.qr_token, participants.otp, participants.otp_expires_at, participants.registered_at, participants.updated_at 
FROM participants 
WHERE participants.id = ?
2026-03-01 16:53:53,653 INFO sqlalchemy.engine.Engine [cached since 0.2351s ago] (20,)
2026-03-01 16:53:53,687 INFO sqlalchemy.engine.Engine UPDATE participants SET qr_token=?, updated_at=? WHERE participants.id = ?
2026-03-01 16:53:53,687 INFO sqlalchemy.engine.Engine [cached since 0.2216s ago] ('eyJhbGciOiJIUzI1NiIsInR5cCI6IkpXVCJ9.eyJwYXJ0aWNpcGFudF9pZCI6MjAsImV2ZW50X2lkIjozLCJpc3N1ZWRfYXQiOiIyMDI2LTAzLTAxVDExOjIzOjUzLjY1MzQ0NyswMDowMCIsImV4cGlyZXNfYXQiOiIyMDI2LTAzLTAyVDExOjIzOjUzLjY1MzQ1NCswMDowMCIsInR5cGUiOiJhdHRlbmRhbmNlX3FyIn0.1oSgNL8GJMw4K9FZMrYxqoH224Du_qyXB1FMXMoBzno', '2026-03-01 11:23:53.687333', 20)
2026-03-01 16:53:53,688 INFO sqlalchemy.engine.Engine COMMIT
2026-03-01 16:53:53,692 INFO sqlalchemy.engine.Engine BEGIN (implicit)
2026-03-01 16:53:53,692 INFO sqlalchemy.engine.Engine SELECT events.id AS events_id, events.name AS events_name, events.description AS events_description, events.event_type AS events_event_type, events.state AS events_state, events.start_time AS events_start_time, events.end_time AS events_end_time, events.registration_deadline AS events_registration_deadline, events.venue AS events_venue, events.meeting_link AS events_meeting_link, events.max_participants AS events_max_participants, events.created_at AS events_created_at, events.updated_at AS events_updated_at, events.created_by AS events_created_by 
FROM events 
WHERE events.id = ?
2026-03-01 16:53:53,692 INFO sqlalchemy.engine.Engine [cached since 0.2217s ago] (3,)
2026-03-01 16:53:53 | INFO     | event_agent | [EMAIL] [SIMULATED] To: eve@test.com | Subject: Registration Confirmed: Stage 5 Test - Analytics Demo Event
2026-03-01 16:53:53 | INFO     | event_agent | [REGISTRATION] New registration for Event #3 'Stage 5 Test - Analytics Demo Event': Eve Taylor (eve@test.com)
2026-03-01 16:53:53,693 INFO sqlalchemy.engine.Engine SELECT participants.id AS participants_id, participants.event_id AS participants_event_id, participants.name AS participants_name, participants.email AS participants_email, participants.phone AS participants_phone, participants.status AS participants_status, participants.is_confirmed AS participants_is_confirmed, participants.confirmed_at AS participants_confirmed_at, participants.qr_token AS participants_qr_token, participants.otp AS participants_otp, participants.otp_expires_at AS participants_otp_expires_at, participants.registered_at AS participants_registered_at, participants.updated_at AS participants_updated_at 
FROM participants 
WHERE participants.id = ?
2026-03-01 16:53:53,693 INFO sqlalchemy.engine.Engine [cached since 0.2212s ago] (20,)
2026-03-01 16:53:53,693 INFO sqlalchemy.engine.Engine SELECT events.id AS events_id, events.name AS events_name, events.description AS events_description, events.event_type AS events_event_type, events.state AS events_state, events.start_time AS events_start_time, events.end_time AS events_end_time, events.registration_deadline AS events_registration_deadline, events.venue AS events_venue, events.meeting_link AS events_meeting_link, events.max_participants AS events_max_participants, events.created_at AS events_created_at, events.updated_at AS events_updated_at, events.created_by AS events_created_by 
FROM events 
WHERE events.id = ?
 LIMIT ? OFFSET ?
2026-03-01 16:53:53,693 INFO sqlalchemy.engine.Engine [cached since 0.2936s ago] (3, 1, 0)
2026-03-01 16:53:53,694 INFO sqlalchemy.engine.Engine SELECT count(*) AS count_1 
FROM (SELECT participants.id AS participants_id, participants.event_id AS participants_event_id, participants.name AS participants_name, participants.email AS participants_email, participants.phone AS participants_phone, participants.status AS participants_status, participants.is_confirmed AS participants_is_confirmed, participants.confirmed_at AS participants_confirmed_at, participants.qr_token AS participants_qr_token, participants.otp AS participants_otp, participants.otp_expires_at AS participants_otp_expires_at, participants.registered_at AS participants_registered_at, participants.updated_at AS participants_updated_at 
FROM participants 
WHERE participants.event_id = ? AND participants.status != ?) AS anon_1
2026-03-01 16:53:53,694 INFO sqlalchemy.engine.Engine [cached since 0.2844s ago] (3, 'CANCELLED')
2026-03-01 16:53:53,695 INFO sqlalchemy.engine.Engine SELECT participants.id AS participants_id, participants.event_id AS participants_event_id, participants.name AS participants_name, participants.email AS participants_email, participants.phone AS participants_phone, participants.status AS participants_status, participants.is_confirmed AS participants_is_confirmed, participants.confirmed_at AS participants_confirmed_at, participants.qr_token AS participants_qr_token, participants.otp AS participants_otp, participants.otp_expires_at AS participants_otp_expires_at, participants.registered_at AS participants_registered_at, participants.updated_at AS participants_updated_at 
FROM participants 
WHERE participants.event_id = ? AND participants.email = ? AND participants.status != ?
 LIMIT ? OFFSET ?
2026-03-01 16:53:53,695 INFO sqlalchemy.engine.Engine [cached since 0.284s ago] (3, 'frank@test.com', 'CANCELLED', 1, 0)
2026-03-01 16:53:53,695 INFO sqlalchemy.engine.Engine INSERT INTO participants (event_id, name, email, phone, status, is_confirmed, confirmed_at, qr_token, otp, otp_expires_at, registered_at, updated_at) VALUES (?, ?, ?, ?, ?, ?, ?, ?, ?, ?, ?, ?)
2026-03-01 16:53:53,695 INFO sqlalchemy.engine.Engine [cached since 0.2833s ago] (3, 'Frank Moore', 'frank@test.com', None, 'REGISTERED', 0, None, None, None, None, '2026-03-01 11:23:53.695537', '2026-03-01 11:23:53.695539')
2026-03-01 16:53:53,696 INFO sqlalchemy.engine.Engine COMMIT
2026-03-01 16:53:53,699 INFO sqlalchemy.engine.Engine BEGIN (implicit)
2026-03-01 16:53:53,699 INFO sqlalchemy.engine.Engine SELECT participants.id, participants.event_id, participants.name, participants.email, participants.phone, participants.status, participants.is_confirmed, participants.confirmed_at, participants.qr_token, participants.otp, participants.otp_expires_at, participants.registered_at, participants.updated_at 
FROM participants 
WHERE participants.id = ?
2026-03-01 16:53:53,699 INFO sqlalchemy.engine.Engine [cached since 0.2817s ago] (21,)
2026-03-01 16:53:53,735 INFO sqlalchemy.engine.Engine UPDATE participants SET qr_token=?, updated_at=? WHERE participants.id = ?
2026-03-01 16:53:53,735 INFO sqlalchemy.engine.Engine [cached since 0.2698s ago] ('eyJhbGciOiJIUzI1NiIsInR5cCI6IkpXVCJ9.eyJwYXJ0aWNpcGFudF9pZCI6MjEsImV2ZW50X2lkIjozLCJpc3N1ZWRfYXQiOiIyMDI2LTAzLTAxVDExOjIzOjUzLjY5OTk2MiswMDowMCIsImV4cGlyZXNfYXQiOiIyMDI2LTAzLTAyVDExOjIzOjUzLjY5OTk2OCswMDowMCIsInR5cGUiOiJhdHRlbmRhbmNlX3FyIn0.nNfxu64MCh0aeadUmVauXMbCNfXQB-UARwp-XmCgoN8', '2026-03-01 11:23:53.735528', 21)
2026-03-01 16:53:53,736 INFO sqlalchemy.engine.Engine COMMIT
2026-03-01 16:53:53,740 INFO sqlalchemy.engine.Engine BEGIN (implicit)
2026-03-01 16:53:53,740 INFO sqlalchemy.engine.Engine SELECT events.id AS events_id, events.name AS events_name, events.description AS events_description, events.event_type AS events_event_type, events.state AS events_state, events.start_time AS events_start_time, events.end_time AS events_end_time, events.registration_deadline AS events_registration_deadline, events.venue AS events_venue, events.meeting_link AS events_meeting_link, events.max_participants AS events_max_participants, events.created_at AS events_created_at, events.updated_at AS events_updated_at, events.created_by AS events_created_by 
FROM events 
WHERE events.id = ?
2026-03-01 16:53:53,740 INFO sqlalchemy.engine.Engine [cached since 0.2698s ago] (3,)
2026-03-01 16:53:53 | INFO     | event_agent | [EMAIL] [SIMULATED] To: frank@test.com | Subject: Registration Confirmed: Stage 5 Test - Analytics Demo Event
2026-03-01 16:53:53 | INFO     | event_agent | [REGISTRATION] New registration for Event #3 'Stage 5 Test - Analytics Demo Event': Frank Moore (frank@test.com)
2026-03-01 16:53:53,741 INFO sqlalchemy.engine.Engine SELECT participants.id AS participants_id, participants.event_id AS participants_event_id, participants.name AS participants_name, participants.email AS participants_email, participants.phone AS participants_phone, participants.status AS participants_status, participants.is_confirmed AS participants_is_confirmed, participants.confirmed_at AS participants_confirmed_at, participants.qr_token AS participants_qr_token, participants.otp AS participants_otp, participants.otp_expires_at AS participants_otp_expires_at, participants.registered_at AS participants_registered_at, participants.updated_at AS participants_updated_at 
FROM participants 
WHERE participants.id = ?
2026-03-01 16:53:53,741 INFO sqlalchemy.engine.Engine [cached since 0.2693s ago] (21,)
2026-03-01 16:53:53,741 INFO sqlalchemy.engine.Engine SELECT participants.id AS participants_id, participants.event_id AS participants_event_id, participants.name AS participants_name, participants.email AS participants_email, participants.phone AS participants_phone, participants.status AS participants_status, participants.is_confirmed AS participants_is_confirmed, participants.confirmed_at AS participants_confirmed_at, participants.qr_token AS participants_qr_token, participants.otp AS participants_otp, participants.otp_expires_at AS participants_otp_expires_at, participants.registered_at AS participants_registered_at, participants.updated_at AS participants_updated_at 
FROM participants 
WHERE participants.id = ?
 LIMIT ? OFFSET ?
2026-03-01 16:53:53,741 INFO sqlalchemy.engine.Engine [cached since 0.2688s ago] (21, 1, 0)
2026-03-01 16:53:53,742 INFO sqlalchemy.engine.Engine UPDATE participants SET status=?, is_confirmed=?, confirmed_at=?, updated_at=? WHERE participants.id = ?
2026-03-01 16:53:53,742 INFO sqlalchemy.engine.Engine [cached since 0.2685s ago] ('CONFIRMED', 1, '2026-03-01 11:23:53.742129', '2026-03-01 11:23:53.742293', 21)
2026-03-01 16:53:53,742 INFO sqlalchemy.engine.Engine COMMIT
2026-03-01 16:53:53,746 INFO sqlalchemy.engine.Engine BEGIN (implicit)
2026-03-01 16:53:53,746 INFO sqlalchemy.engine.Engine SELECT participants.id, participants.event_id, participants.name, participants.email, participants.phone, participants.status, participants.is_confirmed, participants.confirmed_at, participants.qr_token, participants.otp, participants.otp_expires_at, participants.registered_at, participants.updated_at 
FROM participants 
WHERE participants.id = ?
2026-03-01 16:53:53,746 INFO sqlalchemy.engine.Engine [cached since 0.3284s ago] (21,)
2026-03-01 16:53:53,746 INFO sqlalchemy.engine.Engine SELECT events.id AS events_id, events.name AS events_name, events.description AS events_description, events.event_type AS events_event_type, events.state AS events_state, events.start_time AS events_start_time, events.end_time AS events_end_time, events.registration_deadline AS events_registration_deadline, events.venue AS events_venue, events.meeting_link AS events_meeting_link, events.max_participants AS events_max_participants, events.created_at AS events_created_at, events.updated_at AS events_updated_at, events.created_by AS events_created_by 
FROM events 
WHERE events.id = ?
 LIMIT ? OFFSET ?
2026-03-01 16:53:53,746 INFO sqlalchemy.engine.Engine [cached since 0.3467s ago] (3, 1, 0)
2026-03-01 16:53:53,747 INFO sqlalchemy.engine.Engine SELECT count(*) AS count_1 
FROM (SELECT participants.id AS participants_id, participants.event_id AS participants_event_id, participants.name AS participants_name, participants.email AS participants_email, participants.phone AS participants_phone, participants.status AS participants_status, participants.is_confirmed AS participants_is_confirmed, participants.confirmed_at AS participants_confirmed_at, participants.qr_token AS participants_qr_token, participants.otp AS participants_otp, participants.otp_expires_at AS participants_otp_expires_at, participants.registered_at AS participants_registered_at, participants.updated_at AS participants_updated_at 
FROM participants 
WHERE participants.event_id = ? AND participants.status != ?) AS anon_1
2026-03-01 16:53:53,747 INFO sqlalchemy.engine.Engine [cached since 0.3374s ago] (3, 'CANCELLED')
2026-03-01 16:53:53,747 INFO sqlalchemy.engine.Engine SELECT count(*) AS count_1 
FROM (SELECT participants.id AS participants_id, participants.event_id AS participants_event_id, participants.name AS participants_name, participants.email AS participants_email, participants.phone AS participants_phone, participants.status AS participants_status, participants.is_confirmed AS participants_is_confirmed, participants.confirmed_at AS participants_confirmed_at, participants.qr_token AS participants_qr_token, participants.otp AS participants_otp, participants.otp_expires_at AS participants_otp_expires_at, participants.registered_at AS participants_registered_at, participants.updated_at AS participants_updated_at 
FROM participants 
WHERE participants.event_id = ? AND participants.is_confirmed = 1) AS anon_1
2026-03-01 16:53:53,747 INFO sqlalchemy.engine.Engine [cached since 0.2672s ago] (3,)
2026-03-01 16:53:53 | INFO     | event_agent | [CONFIRMATION] Frank Moore confirmed for Event #3 'Stage 5 Test - Analytics Demo Event' (Rate now: 83.3%)
2026-03-01 16:53:53,748 INFO sqlalchemy.engine.Engine SELECT events.id AS events_id, events.name AS events_name, events.description AS events_description, events.event_type AS events_event_type, events.state AS events_state, events.start_time AS events_start_time, events.end_time AS events_end_time, events.registration_deadline AS events_registration_deadline, events.venue AS events_venue, events.meeting_link AS events_meeting_link, events.max_participants AS events_max_participants, events.created_at AS events_created_at, events.updated_at AS events_updated_at, events.created_by AS events_created_by 
FROM events 
WHERE events.id = ?
 LIMIT ? OFFSET ?
2026-03-01 16:53:53,748 INFO sqlalchemy.engine.Engine [cached since 0.3482s ago] (3, 1, 0)
2026-03-01 16:53:53,748 INFO sqlalchemy.engine.Engine SELECT count(*) AS count_1 
FROM (SELECT participants.id AS participants_id, participants.event_id AS participants_event_id, participants.name AS participants_name, participants.email AS participants_email, participants.phone AS participants_phone, participants.status AS participants_status, participants.is_confirmed AS participants_is_confirmed, participants.confirmed_at AS participants_confirmed_at, participants.qr_token AS participants_qr_token, participants.otp AS participants_otp, participants.otp_expires_at AS participants_otp_expires_at, participants.registered_at AS participants_registered_at, participants.updated_at AS participants_updated_at 
FROM participants 
WHERE participants.event_id = ? AND participants.status != ?) AS anon_1
2026-03-01 16:53:53,748 INFO sqlalchemy.engine.Engine [cached since 0.3389s ago] (3, 'CANCELLED')
2026-03-01 16:53:53,749 INFO sqlalchemy.engine.Engine SELECT participants.id AS participants_id, participants.event_id AS participants_event_id, participants.name AS participants_name, participants.email AS participants_email, participants.phone AS participants_phone, participants.status AS participants_status, participants.is_confirmed AS participants_is_confirmed, participants.confirmed_at AS participants_confirmed_at, participants.qr_token AS participants_qr_token, participants.otp AS participants_otp, participants.otp_expires_at AS participants_otp_expires_at, participants.registered_at AS participants_registered_at, participants.updated_at AS participants_updated_at 
FROM participants 
WHERE participants.event_id = ? AND participants.email = ? AND participants.status != ?
 LIMIT ? OFFSET ?
2026-03-01 16:53:53,749 INFO sqlalchemy.engine.Engine [cached since 0.3381s ago] (3, 'grace@test.com', 'CANCELLED', 1, 0)
2026-03-01 16:53:53,749 INFO sqlalchemy.engine.Engine INSERT INTO participants (event_id, name, email, phone, status, is_confirmed, confirmed_at, qr_token, otp, otp_expires_at, registered_at, updated_at) VALUES (?, ?, ?, ?, ?, ?, ?, ?, ?, ?, ?, ?)
2026-03-01 16:53:53,749 INFO sqlalchemy.engine.Engine [cached since 0.3374s ago] (3, 'Grace Kim', 'grace@test.com', None, 'REGISTERED', 0, None, None, None, None, '2026-03-01 11:23:53.749731', '2026-03-01 11:23:53.749733')
2026-03-01 16:53:53,750 INFO sqlalchemy.engine.Engine COMMIT
2026-03-01 16:53:53,753 INFO sqlalchemy.engine.Engine BEGIN (implicit)
2026-03-01 16:53:53,753 INFO sqlalchemy.engine.Engine SELECT participants.id, participants.event_id, participants.name, participants.email, participants.phone, participants.status, participants.is_confirmed, participants.confirmed_at, participants.qr_token, participants.otp, participants.otp_expires_at, participants.registered_at, participants.updated_at 
FROM participants 
WHERE participants.id = ?
2026-03-01 16:53:53,753 INFO sqlalchemy.engine.Engine [cached since 0.336s ago] (22,)
2026-03-01 16:53:53,789 INFO sqlalchemy.engine.Engine UPDATE participants SET qr_token=?, updated_at=? WHERE participants.id = ?
2026-03-01 16:53:53,789 INFO sqlalchemy.engine.Engine [cached since 0.3241s ago] ('eyJhbGciOiJIUzI1NiIsInR5cCI6IkpXVCJ9.eyJwYXJ0aWNpcGFudF9pZCI6MjIsImV2ZW50X2lkIjozLCJpc3N1ZWRfYXQiOiIyMDI2LTAzLTAxVDExOjIzOjUzLjc1NDI4NCswMDowMCIsImV4cGlyZXNfYXQiOiIyMDI2LTAzLTAyVDExOjIzOjUzLjc1NDI5MCswMDowMCIsInR5cGUiOiJhdHRlbmRhbmNlX3FyIn0.YMWW66QJqMsZnafoFylNDWPJKxPfi96iBoS7lwa8Lds', '2026-03-01 11:23:53.789770', 22)
2026-03-01 16:53:53,790 INFO sqlalchemy.engine.Engine COMMIT
2026-03-01 16:53:53,794 INFO sqlalchemy.engine.Engine BEGIN (implicit)
2026-03-01 16:53:53,794 INFO sqlalchemy.engine.Engine SELECT events.id AS events_id, events.name AS events_name, events.description AS events_description, events.event_type AS events_event_type, events.state AS events_state, events.start_time AS events_start_time, events.end_time AS events_end_time, events.registration_deadline AS events_registration_deadline, events.venue AS events_venue, events.meeting_link AS events_meeting_link, events.max_participants AS events_max_participants, events.created_at AS events_created_at, events.updated_at AS events_updated_at, events.created_by AS events_created_by 
FROM events 
WHERE events.id = ?
2026-03-01 16:53:53,794 INFO sqlalchemy.engine.Engine [cached since 0.3233s ago] (3,)
2026-03-01 16:53:53 | INFO     | event_agent | [EMAIL] [SIMULATED] To: grace@test.com | Subject: Registration Confirmed: Stage 5 Test - Analytics Demo Event
2026-03-01 16:53:53 | INFO     | event_agent | [REGISTRATION] New registration for Event #3 'Stage 5 Test - Analytics Demo Event': Grace Kim (grace@test.com)
2026-03-01 16:53:53,795 INFO sqlalchemy.engine.Engine SELECT participants.id AS participants_id, participants.event_id AS participants_event_id, participants.name AS participants_name, participants.email AS participants_email, participants.phone AS participants_phone, participants.status AS participants_status, participants.is_confirmed AS participants_is_confirmed, participants.confirmed_at AS participants_confirmed_at, participants.qr_token AS participants_qr_token, participants.otp AS participants_otp, participants.otp_expires_at AS participants_otp_expires_at, participants.registered_at AS participants_registered_at, participants.updated_at AS participants_updated_at 
FROM participants 
WHERE participants.id = ?
2026-03-01 16:53:53,795 INFO sqlalchemy.engine.Engine [cached since 0.3231s ago] (22,)
2026-03-01 16:53:53,795 INFO sqlalchemy.engine.Engine SELECT participants.id AS participants_id, participants.event_id AS participants_event_id, participants.name AS participants_name, participants.email AS participants_email, participants.phone AS participants_phone, participants.status AS participants_status, participants.is_confirmed AS participants_is_confirmed, participants.confirmed_at AS participants_confirmed_at, participants.qr_token AS participants_qr_token, participants.otp AS participants_otp, participants.otp_expires_at AS participants_otp_expires_at, participants.registered_at AS participants_registered_at, participants.updated_at AS participants_updated_at 
FROM participants 
WHERE participants.id = ?
 LIMIT ? OFFSET ?
2026-03-01 16:53:53,795 INFO sqlalchemy.engine.Engine [cached since 0.3226s ago] (22, 1, 0)
2026-03-01 16:53:53,796 INFO sqlalchemy.engine.Engine UPDATE participants SET status=?, is_confirmed=?, confirmed_at=?, updated_at=? WHERE participants.id = ?
2026-03-01 16:53:53,796 INFO sqlalchemy.engine.Engine [cached since 0.3224s ago] ('CONFIRMED', 1, '2026-03-01 11:23:53.795976', '2026-03-01 11:23:53.796145', 22)
2026-03-01 16:53:53,797 INFO sqlalchemy.engine.Engine COMMIT
2026-03-01 16:53:53,800 INFO sqlalchemy.engine.Engine BEGIN (implicit)
2026-03-01 16:53:53,800 INFO sqlalchemy.engine.Engine SELECT participants.id, participants.event_id, participants.name, participants.email, participants.phone, participants.status, participants.is_confirmed, participants.confirmed_at, participants.qr_token, participants.otp, participants.otp_expires_at, participants.registered_at, participants.updated_at 
FROM participants 
WHERE participants.id = ?
2026-03-01 16:53:53,800 INFO sqlalchemy.engine.Engine [cached since 0.3824s ago] (22,)
2026-03-01 16:53:53,800 INFO sqlalchemy.engine.Engine SELECT events.id AS events_id, events.name AS events_name, events.description AS events_description, events.event_type AS events_event_type, events.state AS events_state, events.start_time AS events_start_time, events.end_time AS events_end_time, events.registration_deadline AS events_registration_deadline, events.venue AS events_venue, events.meeting_link AS events_meeting_link, events.max_participants AS events_max_participants, events.created_at AS events_created_at, events.updated_at AS events_updated_at, events.created_by AS events_created_by 
FROM events 
WHERE events.id = ?
 LIMIT ? OFFSET ?
2026-03-01 16:53:53,801 INFO sqlalchemy.engine.Engine [cached since 0.4008s ago] (3, 1, 0)
2026-03-01 16:53:53,801 INFO sqlalchemy.engine.Engine SELECT count(*) AS count_1 
FROM (SELECT participants.id AS participants_id, participants.event_id AS participants_event_id, participants.name AS participants_name, participants.email AS participants_email, participants.phone AS participants_phone, participants.status AS participants_status, participants.is_confirmed AS participants_is_confirmed, participants.confirmed_at AS participants_confirmed_at, participants.qr_token AS participants_qr_token, participants.otp AS participants_otp, participants.otp_expires_at AS participants_otp_expires_at, participants.registered_at AS participants_registered_at, participants.updated_at AS participants_updated_at 
FROM participants 
WHERE participants.event_id = ? AND participants.status != ?) AS anon_1
2026-03-01 16:53:53,801 INFO sqlalchemy.engine.Engine [cached since 0.3916s ago] (3, 'CANCELLED')
2026-03-01 16:53:53,802 INFO sqlalchemy.engine.Engine SELECT count(*) AS count_1 
FROM (SELECT participants.id AS participants_id, participants.event_id AS participants_event_id, participants.name AS participants_name, participants.email AS participants_email, participants.phone AS participants_phone, participants.status AS participants_status, participants.is_confirmed AS participants_is_confirmed, participants.confirmed_at AS participants_confirmed_at, participants.qr_token AS participants_qr_token, participants.otp AS participants_otp, participants.otp_expires_at AS participants_otp_expires_at, participants.registered_at AS participants_registered_at, participants.updated_at AS participants_updated_at 
FROM participants 
WHERE participants.event_id = ? AND participants.is_confirmed = 1) AS anon_1
2026-03-01 16:53:53,802 INFO sqlalchemy.engine.Engine [cached since 0.3214s ago] (3,)
2026-03-01 16:53:53 | INFO     | event_agent | [CONFIRMATION] Grace Kim confirmed for Event #3 'Stage 5 Test - Analytics Demo Event' (Rate now: 85.7%)
2026-03-01 16:53:53,802 INFO sqlalchemy.engine.Engine SELECT events.id AS events_id, events.name AS events_name, events.description AS events_description, events.event_type AS events_event_type, events.state AS events_state, events.start_time AS events_start_time, events.end_time AS events_end_time, events.registration_deadline AS events_registration_deadline, events.venue AS events_venue, events.meeting_link AS events_meeting_link, events.max_participants AS events_max_participants, events.created_at AS events_created_at, events.updated_at AS events_updated_at, events.created_by AS events_created_by 
FROM events 
WHERE events.id = ?
 LIMIT ? OFFSET ?
2026-03-01 16:53:53,802 INFO sqlalchemy.engine.Engine [cached since 0.4024s ago] (3, 1, 0)
2026-03-01 16:53:53,803 INFO sqlalchemy.engine.Engine SELECT count(*) AS count_1 
FROM (SELECT participants.id AS participants_id, participants.event_id AS participants_event_id, participants.name AS participants_name, participants.email AS participants_email, participants.phone AS participants_phone, participants.status AS participants_status, participants.is_confirmed AS participants_is_confirmed, participants.confirmed_at AS participants_confirmed_at, participants.qr_token AS participants_qr_token, participants.otp AS participants_otp, participants.otp_expires_at AS participants_otp_expires_at, participants.registered_at AS participants_registered_at, participants.updated_at AS participants_updated_at 
FROM participants 
WHERE participants.event_id = ? AND participants.status != ?) AS anon_1
2026-03-01 16:53:53,803 INFO sqlalchemy.engine.Engine [cached since 0.3931s ago] (3, 'CANCELLED')
2026-03-01 16:53:53,803 INFO sqlalchemy.engine.Engine SELECT participants.id AS participants_id, participants.event_id AS participants_event_id, participants.name AS participants_name, participants.email AS participants_email, participants.phone AS participants_phone, participants.status AS participants_status, participants.is_confirmed AS participants_is_confirmed, participants.confirmed_at AS participants_confirmed_at, participants.qr_token AS participants_qr_token, participants.otp AS participants_otp, participants.otp_expires_at AS participants_otp_expires_at, participants.registered_at AS participants_registered_at, participants.updated_at AS participants_updated_at 
FROM participants 
WHERE participants.event_id = ? AND participants.email = ? AND participants.status != ?
 LIMIT ? OFFSET ?
2026-03-01 16:53:53,803 INFO sqlalchemy.engine.Engine [cached since 0.3925s ago] (3, 'henry@test.com', 'CANCELLED', 1, 0)
2026-03-01 16:53:53,804 INFO sqlalchemy.engine.Engine INSERT INTO participants (event_id, name, email, phone, status, is_confirmed, confirmed_at, qr_token, otp, otp_expires_at, registered_at, updated_at) VALUES (?, ?, ?, ?, ?, ?, ?, ?, ?, ?, ?, ?)
2026-03-01 16:53:53,804 INFO sqlalchemy.engine.Engine [cached since 0.3918s ago] (3, 'Henry Park', 'henry@test.com', None, 'REGISTERED', 0, None, None, None, None, '2026-03-01 11:23:53.804059', '2026-03-01 11:23:53.804061')
2026-03-01 16:53:53,804 INFO sqlalchemy.engine.Engine COMMIT
2026-03-01 16:53:53,808 INFO sqlalchemy.engine.Engine BEGIN (implicit)
2026-03-01 16:53:53,808 INFO sqlalchemy.engine.Engine SELECT participants.id, participants.event_id, participants.name, participants.email, participants.phone, participants.status, participants.is_confirmed, participants.confirmed_at, participants.qr_token, participants.otp, participants.otp_expires_at, participants.registered_at, participants.updated_at 
FROM participants 
WHERE participants.id = ?
2026-03-01 16:53:53,808 INFO sqlalchemy.engine.Engine [cached since 0.3903s ago] (23,)
2026-03-01 16:53:53,844 INFO sqlalchemy.engine.Engine UPDATE participants SET qr_token=?, updated_at=? WHERE participants.id = ?
2026-03-01 16:53:53,844 INFO sqlalchemy.engine.Engine [cached since 0.3789s ago] ('eyJhbGciOiJIUzI1NiIsInR5cCI6IkpXVCJ9.eyJwYXJ0aWNpcGFudF9pZCI6MjMsImV2ZW50X2lkIjozLCJpc3N1ZWRfYXQiOiIyMDI2LTAzLTAxVDExOjIzOjUzLjgwODc2OSswMDowMCIsImV4cGlyZXNfYXQiOiIyMDI2LTAzLTAyVDExOjIzOjUzLjgwODc4MCswMDowMCIsInR5cGUiOiJhdHRlbmRhbmNlX3FyIn0.fEPXYwsepeQzAZsueP4tx1anJgrAuBMkWHr2HGtaGuA', '2026-03-01 11:23:53.844644', 23)
2026-03-01 16:53:53,845 INFO sqlalchemy.engine.Engine COMMIT
2026-03-01 16:53:53,849 INFO sqlalchemy.engine.Engine BEGIN (implicit)
2026-03-01 16:53:53,849 INFO sqlalchemy.engine.Engine SELECT events.id AS events_id, events.name AS events_name, events.description AS events_description, events.event_type AS events_event_type, events.state AS events_state, events.start_time AS events_start_time, events.end_time AS events_end_time, events.registration_deadline AS events_registration_deadline, events.venue AS events_venue, events.meeting_link AS events_meeting_link, events.max_participants AS events_max_participants, events.created_at AS events_created_at, events.updated_at AS events_updated_at, events.created_by AS events_created_by 
FROM events 
WHERE events.id = ?
2026-03-01 16:53:53,849 INFO sqlalchemy.engine.Engine [cached since 0.3784s ago] (3,)
2026-03-01 16:53:53 | INFO     | event_agent | [EMAIL] [SIMULATED] To: henry@test.com | Subject: Registration Confirmed: Stage 5 Test - Analytics Demo Event
2026-03-01 16:53:53 | INFO     | event_agent | [REGISTRATION] New registration for Event #3 'Stage 5 Test - Analytics Demo Event': Henry Park (henry@test.com)
2026-03-01 16:53:53,849 INFO sqlalchemy.engine.Engine SELECT participants.id AS participants_id, participants.event_id AS participants_event_id, participants.name AS participants_name, participants.email AS participants_email, participants.phone AS participants_phone, participants.status AS participants_status, participants.is_confirmed AS participants_is_confirmed, participants.confirmed_at AS participants_confirmed_at, participants.qr_token AS participants_qr_token, participants.otp AS participants_otp, participants.otp_expires_at AS participants_otp_expires_at, participants.registered_at AS participants_registered_at, participants.updated_at AS participants_updated_at 
FROM participants 
WHERE participants.id = ?
2026-03-01 16:53:53,850 INFO sqlalchemy.engine.Engine [cached since 0.378s ago] (23,)
2026-03-01 16:53:53,850 INFO sqlalchemy.engine.Engine SELECT events.id AS events_id, events.name AS events_name, events.description AS events_description, events.event_type AS events_event_type, events.state AS events_state, events.start_time AS events_start_time, events.end_time AS events_end_time, events.registration_deadline AS events_registration_deadline, events.venue AS events_venue, events.meeting_link AS events_meeting_link, events.max_participants AS events_max_participants, events.created_at AS events_created_at, events.updated_at AS events_updated_at, events.created_by AS events_created_by 
FROM events 
WHERE events.id = ?
 LIMIT ? OFFSET ?
2026-03-01 16:53:53,850 INFO sqlalchemy.engine.Engine [cached since 0.4504s ago] (3, 1, 0)
2026-03-01 16:53:53,851 INFO sqlalchemy.engine.Engine SELECT count(*) AS count_1 
FROM (SELECT participants.id AS participants_id, participants.event_id AS participants_event_id, participants.name AS participants_name, participants.email AS participants_email, participants.phone AS participants_phone, participants.status AS participants_status, participants.is_confirmed AS participants_is_confirmed, participants.confirmed_at AS participants_confirmed_at, participants.qr_token AS participants_qr_token, participants.otp AS participants_otp, participants.otp_expires_at AS participants_otp_expires_at, participants.registered_at AS participants_registered_at, participants.updated_at AS participants_updated_at 
FROM participants 
WHERE participants.event_id = ? AND participants.status != ?) AS anon_1
2026-03-01 16:53:53,851 INFO sqlalchemy.engine.Engine [cached since 0.4411s ago] (3, 'CANCELLED')
2026-03-01 16:53:53,851 INFO sqlalchemy.engine.Engine SELECT participants.id AS participants_id, participants.event_id AS participants_event_id, participants.name AS participants_name, participants.email AS participants_email, participants.phone AS participants_phone, participants.status AS participants_status, participants.is_confirmed AS participants_is_confirmed, participants.confirmed_at AS participants_confirmed_at, participants.qr_token AS participants_qr_token, participants.otp AS participants_otp, participants.otp_expires_at AS participants_otp_expires_at, participants.registered_at AS participants_registered_at, participants.updated_at AS participants_updated_at 
FROM participants 
WHERE participants.event_id = ? AND participants.email = ? AND participants.status != ?
 LIMIT ? OFFSET ?
2026-03-01 16:53:53,851 INFO sqlalchemy.engine.Engine [cached since 0.4404s ago] (3, 'ivy@test.com', 'CANCELLED', 1, 0)
2026-03-01 16:53:53,852 INFO sqlalchemy.engine.Engine INSERT INTO participants (event_id, name, email, phone, status, is_confirmed, confirmed_at, qr_token, otp, otp_expires_at, registered_at, updated_at) VALUES (?, ?, ?, ?, ?, ?, ?, ?, ?, ?, ?, ?)
2026-03-01 16:53:53,852 INFO sqlalchemy.engine.Engine [cached since 0.4397s ago] (3, 'Ivy Zhang', 'ivy@test.com', None, 'REGISTERED', 0, None, None, None, None, '2026-03-01 11:23:53.851982', '2026-03-01 11:23:53.851984')
2026-03-01 16:53:53,852 INFO sqlalchemy.engine.Engine COMMIT
2026-03-01 16:53:53,856 INFO sqlalchemy.engine.Engine BEGIN (implicit)
2026-03-01 16:53:53,856 INFO sqlalchemy.engine.Engine SELECT participants.id, participants.event_id, participants.name, participants.email, participants.phone, participants.status, participants.is_confirmed, participants.confirmed_at, participants.qr_token, participants.otp, participants.otp_expires_at, participants.registered_at, participants.updated_at 
FROM participants 
WHERE participants.id = ?
2026-03-01 16:53:53,856 INFO sqlalchemy.engine.Engine [cached since 0.4384s ago] (24,)
2026-03-01 16:53:53,891 INFO sqlalchemy.engine.Engine UPDATE participants SET qr_token=?, updated_at=? WHERE participants.id = ?
2026-03-01 16:53:53,891 INFO sqlalchemy.engine.Engine [cached since 0.4261s ago] ('eyJhbGciOiJIUzI1NiIsInR5cCI6IkpXVCJ9.eyJwYXJ0aWNpcGFudF9pZCI6MjQsImV2ZW50X2lkIjozLCJpc3N1ZWRfYXQiOiIyMDI2LTAzLTAxVDExOjIzOjUzLjg1NjY0NCswMDowMCIsImV4cGlyZXNfYXQiOiIyMDI2LTAzLTAyVDExOjIzOjUzLjg1NjY1MCswMDowMCIsInR5cGUiOiJhdHRlbmRhbmNlX3FyIn0.ixaalfdzyUPfI-jz7Fzkjx9FcBwRZ4w_s25VI8qQvq0', '2026-03-01 11:23:53.891813', 24)
2026-03-01 16:53:53,893 INFO sqlalchemy.engine.Engine COMMIT
2026-03-01 16:53:53,896 INFO sqlalchemy.engine.Engine BEGIN (implicit)
2026-03-01 16:53:53,896 INFO sqlalchemy.engine.Engine SELECT events.id AS events_id, events.name AS events_name, events.description AS events_description, events.event_type AS events_event_type, events.state AS events_state, events.start_time AS events_start_time, events.end_time AS events_end_time, events.registration_deadline AS events_registration_deadline, events.venue AS events_venue, events.meeting_link AS events_meeting_link, events.max_participants AS events_max_participants, events.created_at AS events_created_at, events.updated_at AS events_updated_at, events.created_by AS events_created_by 
FROM events 
WHERE events.id = ?
2026-03-01 16:53:53,896 INFO sqlalchemy.engine.Engine [cached since 0.4256s ago] (3,)
2026-03-01 16:53:53 | INFO     | event_agent | [EMAIL] [SIMULATED] To: ivy@test.com | Subject: Registration Confirmed: Stage 5 Test - Analytics Demo Event
2026-03-01 16:53:53 | INFO     | event_agent | [REGISTRATION] New registration for Event #3 'Stage 5 Test - Analytics Demo Event': Ivy Zhang (ivy@test.com)
2026-03-01 16:53:53,897 INFO sqlalchemy.engine.Engine SELECT participants.id AS participants_id, participants.event_id AS participants_event_id, participants.name AS participants_name, participants.email AS participants_email, participants.phone AS participants_phone, participants.status AS participants_status, participants.is_confirmed AS participants_is_confirmed, participants.confirmed_at AS participants_confirmed_at, participants.qr_token AS participants_qr_token, participants.otp AS participants_otp, participants.otp_expires_at AS participants_otp_expires_at, participants.registered_at AS participants_registered_at, participants.updated_at AS participants_updated_at 
FROM participants 
WHERE participants.id = ?
2026-03-01 16:53:53,897 INFO sqlalchemy.engine.Engine [cached since 0.4252s ago] (24,)
2026-03-01 16:53:53,897 INFO sqlalchemy.engine.Engine SELECT participants.id AS participants_id, participants.event_id AS participants_event_id, participants.name AS participants_name, participants.email AS participants_email, participants.phone AS participants_phone, participants.status AS participants_status, participants.is_confirmed AS participants_is_confirmed, participants.confirmed_at AS participants_confirmed_at, participants.qr_token AS participants_qr_token, participants.otp AS participants_otp, participants.otp_expires_at AS participants_otp_expires_at, participants.registered_at AS participants_registered_at, participants.updated_at AS participants_updated_at 
FROM participants 
WHERE participants.id = ?
 LIMIT ? OFFSET ?
2026-03-01 16:53:53,897 INFO sqlalchemy.engine.Engine [cached since 0.4246s ago] (24, 1, 0)
2026-03-01 16:53:53,898 INFO sqlalchemy.engine.Engine UPDATE participants SET status=?, is_confirmed=?, confirmed_at=?, updated_at=? WHERE participants.id = ?
2026-03-01 16:53:53,898 INFO sqlalchemy.engine.Engine [cached since 0.4244s ago] ('CONFIRMED', 1, '2026-03-01 11:23:53.897988', '2026-03-01 11:23:53.898159', 24)
2026-03-01 16:53:53,899 INFO sqlalchemy.engine.Engine COMMIT
2026-03-01 16:53:53,902 INFO sqlalchemy.engine.Engine BEGIN (implicit)
2026-03-01 16:53:53,902 INFO sqlalchemy.engine.Engine SELECT participants.id, participants.event_id, participants.name, participants.email, participants.phone, participants.status, participants.is_confirmed, participants.confirmed_at, participants.qr_token, participants.otp, participants.otp_expires_at, participants.registered_at, participants.updated_at 
FROM participants 
WHERE participants.id = ?
2026-03-01 16:53:53,903 INFO sqlalchemy.engine.Engine [cached since 0.4851s ago] (24,)
2026-03-01 16:53:53,904 INFO sqlalchemy.engine.Engine SELECT events.id AS events_id, events.name AS events_name, events.description AS events_description, events.event_type AS events_event_type, events.state AS events_state, events.start_time AS events_start_time, events.end_time AS events_end_time, events.registration_deadline AS events_registration_deadline, events.venue AS events_venue, events.meeting_link AS events_meeting_link, events.max_participants AS events_max_participants, events.created_at AS events_created_at, events.updated_at AS events_updated_at, events.created_by AS events_created_by 
FROM events 
WHERE events.id = ?
 LIMIT ? OFFSET ?
2026-03-01 16:53:53,904 INFO sqlalchemy.engine.Engine [cached since 0.5039s ago] (3, 1, 0)
2026-03-01 16:53:53,904 INFO sqlalchemy.engine.Engine SELECT count(*) AS count_1 
FROM (SELECT participants.id AS participants_id, participants.event_id AS participants_event_id, participants.name AS participants_name, participants.email AS participants_email, participants.phone AS participants_phone, participants.status AS participants_status, participants.is_confirmed AS participants_is_confirmed, participants.confirmed_at AS participants_confirmed_at, participants.qr_token AS participants_qr_token, participants.otp AS participants_otp, participants.otp_expires_at AS participants_otp_expires_at, participants.registered_at AS participants_registered_at, participants.updated_at AS participants_updated_at 
FROM participants 
WHERE participants.event_id = ? AND participants.status != ?) AS anon_1
2026-03-01 16:53:53,904 INFO sqlalchemy.engine.Engine [cached since 0.4948s ago] (3, 'CANCELLED')
2026-03-01 16:53:53,905 INFO sqlalchemy.engine.Engine SELECT count(*) AS count_1 
FROM (SELECT participants.id AS participants_id, participants.event_id AS participants_event_id, participants.name AS participants_name, participants.email AS participants_email, participants.phone AS participants_phone, participants.status AS participants_status, participants.is_confirmed AS participants_is_confirmed, participants.confirmed_at AS participants_confirmed_at, participants.qr_token AS participants_qr_token, participants.otp AS participants_otp, participants.otp_expires_at AS participants_otp_expires_at, participants.registered_at AS participants_registered_at, participants.updated_at AS participants_updated_at 
FROM participants 
WHERE participants.event_id = ? AND participants.is_confirmed = 1) AS anon_1
2026-03-01 16:53:53,905 INFO sqlalchemy.engine.Engine [cached since 0.4247s ago] (3,)
2026-03-01 16:53:53 | INFO     | event_agent | [CONFIRMATION] Ivy Zhang confirmed for Event #3 'Stage 5 Test - Analytics Demo Event' (Rate now: 77.8%)
2026-03-01 16:53:53,905 INFO sqlalchemy.engine.Engine SELECT events.id AS events_id, events.name AS events_name, events.description AS events_description, events.event_type AS events_event_type, events.state AS events_state, events.start_time AS events_start_time, events.end_time AS events_end_time, events.registration_deadline AS events_registration_deadline, events.venue AS events_venue, events.meeting_link AS events_meeting_link, events.max_participants AS events_max_participants, events.created_at AS events_created_at, events.updated_at AS events_updated_at, events.created_by AS events_created_by 
FROM events 
WHERE events.id = ?
 LIMIT ? OFFSET ?
2026-03-01 16:53:53,905 INFO sqlalchemy.engine.Engine [cached since 0.5058s ago] (3, 1, 0)
2026-03-01 16:53:53,906 INFO sqlalchemy.engine.Engine SELECT count(*) AS count_1 
FROM (SELECT participants.id AS participants_id, participants.event_id AS participants_event_id, participants.name AS participants_name, participants.email AS participants_email, participants.phone AS participants_phone, participants.status AS participants_status, participants.is_confirmed AS participants_is_confirmed, participants.confirmed_at AS participants_confirmed_at, participants.qr_token AS participants_qr_token, participants.otp AS participants_otp, participants.otp_expires_at AS participants_otp_expires_at, participants.registered_at AS participants_registered_at, participants.updated_at AS participants_updated_at 
FROM participants 
WHERE participants.event_id = ? AND participants.status != ?) AS anon_1
2026-03-01 16:53:53,906 INFO sqlalchemy.engine.Engine [cached since 0.4965s ago] (3, 'CANCELLED')
2026-03-01 16:53:53,906 INFO sqlalchemy.engine.Engine SELECT participants.id AS participants_id, participants.event_id AS participants_event_id, participants.name AS participants_name, participants.email AS participants_email, participants.phone AS participants_phone, participants.status AS participants_status, participants.is_confirmed AS participants_is_confirmed, participants.confirmed_at AS participants_confirmed_at, participants.qr_token AS participants_qr_token, participants.otp AS participants_otp, participants.otp_expires_at AS participants_otp_expires_at, participants.registered_at AS participants_registered_at, participants.updated_at AS participants_updated_at 
FROM participants 
WHERE participants.event_id = ? AND participants.email = ? AND participants.status != ?
 LIMIT ? OFFSET ?
2026-03-01 16:53:53,906 INFO sqlalchemy.engine.Engine [cached since 0.4958s ago] (3, 'jack@test.com', 'CANCELLED', 1, 0)
2026-03-01 16:53:53,907 INFO sqlalchemy.engine.Engine INSERT INTO participants (event_id, name, email, phone, status, is_confirmed, confirmed_at, qr_token, otp, otp_expires_at, registered_at, updated_at) VALUES (?, ?, ?, ?, ?, ?, ?, ?, ?, ?, ?, ?)
2026-03-01 16:53:53,907 INFO sqlalchemy.engine.Engine [cached since 0.4951s ago] (3, 'Jack Smith', 'jack@test.com', None, 'REGISTERED', 0, None, None, None, None, '2026-03-01 11:23:53.907367', '2026-03-01 11:23:53.907369')
2026-03-01 16:53:53,908 INFO sqlalchemy.engine.Engine COMMIT
2026-03-01 16:53:53,911 INFO sqlalchemy.engine.Engine BEGIN (implicit)
2026-03-01 16:53:53,911 INFO sqlalchemy.engine.Engine SELECT participants.id, participants.event_id, participants.name, participants.email, participants.phone, participants.status, participants.is_confirmed, participants.confirmed_at, participants.qr_token, participants.otp, participants.otp_expires_at, participants.registered_at, participants.updated_at 
FROM participants 
WHERE participants.id = ?
2026-03-01 16:53:53,911 INFO sqlalchemy.engine.Engine [cached since 0.494s ago] (25,)
2026-03-01 16:53:53,947 INFO sqlalchemy.engine.Engine UPDATE participants SET qr_token=?, updated_at=? WHERE participants.id = ?
2026-03-01 16:53:53,947 INFO sqlalchemy.engine.Engine [cached since 0.4816s ago] ('eyJhbGciOiJIUzI1NiIsInR5cCI6IkpXVCJ9.eyJwYXJ0aWNpcGFudF9pZCI6MjUsImV2ZW50X2lkIjozLCJpc3N1ZWRfYXQiOiIyMDI2LTAzLTAxVDExOjIzOjUzLjkxMjM0MiswMDowMCIsImV4cGlyZXNfYXQiOiIyMDI2LTAzLTAyVDExOjIzOjUzLjkxMjM1MSswMDowMCIsInR5cGUiOiJhdHRlbmRhbmNlX3FyIn0.aLJGPLFzK1F-YvapdbctU3XtOTMevoaUVdWoqgP1ExY', '2026-03-01 11:23:53.947324', 25)
2026-03-01 16:53:53,949 INFO sqlalchemy.engine.Engine COMMIT
2026-03-01 16:53:53,952 INFO sqlalchemy.engine.Engine BEGIN (implicit)
2026-03-01 16:53:53,952 INFO sqlalchemy.engine.Engine SELECT events.id AS events_id, events.name AS events_name, events.description AS events_description, events.event_type AS events_event_type, events.state AS events_state, events.start_time AS events_start_time, events.end_time AS events_end_time, events.registration_deadline AS events_registration_deadline, events.venue AS events_venue, events.meeting_link AS events_meeting_link, events.max_participants AS events_max_participants, events.created_at AS events_created_at, events.updated_at AS events_updated_at, events.created_by AS events_created_by 
FROM events 
WHERE events.id = ?
2026-03-01 16:53:53,952 INFO sqlalchemy.engine.Engine [cached since 0.4816s ago] (3,)
2026-03-01 16:53:53 | INFO     | event_agent | [EMAIL] [SIMULATED] To: jack@test.com | Subject: Registration Confirmed: Stage 5 Test - Analytics Demo Event
2026-03-01 16:53:53 | INFO     | event_agent | [REGISTRATION] New registration for Event #3 'Stage 5 Test - Analytics Demo Event': Jack Smith (jack@test.com)
2026-03-01 16:53:53,953 INFO sqlalchemy.engine.Engine SELECT participants.id AS participants_id, participants.event_id AS participants_event_id, participants.name AS participants_name, participants.email AS participants_email, participants.phone AS participants_phone, participants.status AS participants_status, participants.is_confirmed AS participants_is_confirmed, participants.confirmed_at AS participants_confirmed_at, participants.qr_token AS participants_qr_token, participants.otp AS participants_otp, participants.otp_expires_at AS participants_otp_expires_at, participants.registered_at AS participants_registered_at, participants.updated_at AS participants_updated_at 
FROM participants 
WHERE participants.id = ?
2026-03-01 16:53:53,953 INFO sqlalchemy.engine.Engine [cached since 0.4812s ago] (25,)
2026-03-01 16:53:53,953 INFO sqlalchemy.engine.Engine SELECT participants.id AS participants_id, participants.event_id AS participants_event_id, participants.name AS participants_name, participants.email AS participants_email, participants.phone AS participants_phone, participants.status AS participants_status, participants.is_confirmed AS participants_is_confirmed, participants.confirmed_at AS participants_confirmed_at, participants.qr_token AS participants_qr_token, participants.otp AS participants_otp, participants.otp_expires_at AS participants_otp_expires_at, participants.registered_at AS participants_registered_at, participants.updated_at AS participants_updated_at 
FROM participants 
WHERE participants.id = ?
 LIMIT ? OFFSET ?
2026-03-01 16:53:53,953 INFO sqlalchemy.engine.Engine [cached since 0.4808s ago] (25, 1, 0)
2026-03-01 16:53:53,954 INFO sqlalchemy.engine.Engine UPDATE participants SET status=?, is_confirmed=?, confirmed_at=?, updated_at=? WHERE participants.id = ?
2026-03-01 16:53:53,954 INFO sqlalchemy.engine.Engine [cached since 0.4805s ago] ('CONFIRMED', 1, '2026-03-01 11:23:53.954123', '2026-03-01 11:23:53.954292', 25)
2026-03-01 16:53:53,954 INFO sqlalchemy.engine.Engine COMMIT
2026-03-01 16:53:53,957 INFO sqlalchemy.engine.Engine BEGIN (implicit)
2026-03-01 16:53:53,958 INFO sqlalchemy.engine.Engine SELECT participants.id, participants.event_id, participants.name, participants.email, participants.phone, participants.status, participants.is_confirmed, participants.confirmed_at, participants.qr_token, participants.otp, participants.otp_expires_at, participants.registered_at, participants.updated_at 
FROM participants 
WHERE participants.id = ?
2026-03-01 16:53:53,958 INFO sqlalchemy.engine.Engine [cached since 0.5401s ago] (25,)
2026-03-01 16:53:53,958 INFO sqlalchemy.engine.Engine SELECT events.id AS events_id, events.name AS events_name, events.description AS events_description, events.event_type AS events_event_type, events.state AS events_state, events.start_time AS events_start_time, events.end_time AS events_end_time, events.registration_deadline AS events_registration_deadline, events.venue AS events_venue, events.meeting_link AS events_meeting_link, events.max_participants AS events_max_participants, events.created_at AS events_created_at, events.updated_at AS events_updated_at, events.created_by AS events_created_by 
FROM events 
WHERE events.id = ?
 LIMIT ? OFFSET ?
2026-03-01 16:53:53,958 INFO sqlalchemy.engine.Engine [cached since 0.5585s ago] (3, 1, 0)
2026-03-01 16:53:53,959 INFO sqlalchemy.engine.Engine SELECT count(*) AS count_1 
FROM (SELECT participants.id AS participants_id, participants.event_id AS participants_event_id, participants.name AS participants_name, participants.email AS participants_email, participants.phone AS participants_phone, participants.status AS participants_status, participants.is_confirmed AS participants_is_confirmed, participants.confirmed_at AS participants_confirmed_at, participants.qr_token AS participants_qr_token, participants.otp AS participants_otp, participants.otp_expires_at AS participants_otp_expires_at, participants.registered_at AS participants_registered_at, participants.updated_at AS participants_updated_at 
FROM participants 
WHERE participants.event_id = ? AND participants.status != ?) AS anon_1
2026-03-01 16:53:53,959 INFO sqlalchemy.engine.Engine [cached since 0.5492s ago] (3, 'CANCELLED')
2026-03-01 16:53:53,959 INFO sqlalchemy.engine.Engine SELECT count(*) AS count_1 
FROM (SELECT participants.id AS participants_id, participants.event_id AS participants_event_id, participants.name AS participants_name, participants.email AS participants_email, participants.phone AS participants_phone, participants.status AS participants_status, participants.is_confirmed AS participants_is_confirmed, participants.confirmed_at AS participants_confirmed_at, participants.qr_token AS participants_qr_token, participants.otp AS participants_otp, participants.otp_expires_at AS participants_otp_expires_at, participants.registered_at AS participants_registered_at, participants.updated_at AS participants_updated_at 
FROM participants 
WHERE participants.event_id = ? AND participants.is_confirmed = 1) AS anon_1
2026-03-01 16:53:53,959 INFO sqlalchemy.engine.Engine [cached since 0.4791s ago] (3,)
2026-03-01 16:53:53 | INFO     | event_agent | [CONFIRMATION] Jack Smith confirmed for Event #3 'Stage 5 Test - Analytics Demo Event' (Rate now: 80.0%)
[OK] Created 10 participants
     - 8 confirmed

============================================================
 TEST 4: Transition to Allow Attendance
============================================================
2026-03-01 16:53:53,960 INFO sqlalchemy.engine.Engine SELECT events.id AS events_id, events.name AS events_name, events.description AS events_description, events.event_type AS events_event_type, events.state AS events_state, events.start_time AS events_start_time, events.end_time AS events_end_time, events.registration_deadline AS events_registration_deadline, events.venue AS events_venue, events.meeting_link AS events_meeting_link, events.max_participants AS events_max_participants, events.created_at AS events_created_at, events.updated_at AS events_updated_at, events.created_by AS events_created_by 
FROM events 
WHERE events.id = ?
 LIMIT ? OFFSET ?
2026-03-01 16:53:53,960 INFO sqlalchemy.engine.Engine [cached since 0.5601s ago] (3, 1, 0)
2026-03-01 16:53:53 | INFO     | event_agent | [STATE_TRANSITION] Event #3 'Stage 5 Test - Analytics Demo Event' transitioned: REGISTRATION_OPEN -> SCHEDULED | Reason: manual transition
2026-03-01 16:53:53,960 INFO sqlalchemy.engine.Engine UPDATE events SET state=?, updated_at=? WHERE events.id = ?
2026-03-01 16:53:53,960 INFO sqlalchemy.engine.Engine [cached since 0.5589s ago] ('SCHEDULED', '2026-03-01 11:23:53.960722', 3)
2026-03-01 16:53:53,961 INFO sqlalchemy.engine.Engine COMMIT
2026-03-01 16:53:53,965 INFO sqlalchemy.engine.Engine BEGIN (implicit)
2026-03-01 16:53:53,965 INFO sqlalchemy.engine.Engine SELECT events.id, events.name, events.description, events.event_type, events.state, events.start_time, events.end_time, events.registration_deadline, events.venue, events.meeting_link, events.max_participants, events.created_at, events.updated_at, events.created_by 
FROM events 
WHERE events.id = ?
2026-03-01 16:53:53,965 INFO sqlalchemy.engine.Engine [cached since 0.5671s ago] (3,)
2026-03-01 16:53:53 | INFO     | event_agent | Event 3 transitioned: REGISTRATION_OPEN -> SCHEDULED (by manual)
[OK] Transitioned to SCHEDULED
2026-03-01 16:53:53,965 INFO sqlalchemy.engine.Engine SELECT events.id AS events_id, events.name AS events_name, events.description AS events_description, events.event_type AS events_event_type, events.state AS events_state, events.start_time AS events_start_time, events.end_time AS events_end_time, events.registration_deadline AS events_registration_deadline, events.venue AS events_venue, events.meeting_link AS events_meeting_link, events.max_participants AS events_max_participants, events.created_at AS events_created_at, events.updated_at AS events_updated_at, events.created_by AS events_created_by 
FROM events 
WHERE events.id = ?
 LIMIT ? OFFSET ?
2026-03-01 16:53:53,966 INFO sqlalchemy.engine.Engine [cached since 0.5658s ago] (3, 1, 0)
2026-03-01 16:53:53 | INFO     | event_agent | [STATE_TRANSITION] Event #3 'Stage 5 Test - Analytics Demo Event' transitioned: SCHEDULED -> ATTENDANCE_OPEN | Reason: manual transition
2026-03-01 16:53:53,966 INFO sqlalchemy.engine.Engine UPDATE events SET state=?, updated_at=? WHERE events.id = ?
2026-03-01 16:53:53,966 INFO sqlalchemy.engine.Engine [cached since 0.5647s ago] ('ATTENDANCE_OPEN', '2026-03-01 11:23:53.966538', 3)
2026-03-01 16:53:53,967 INFO sqlalchemy.engine.Engine COMMIT
2026-03-01 16:53:53,970 INFO sqlalchemy.engine.Engine BEGIN (implicit)
2026-03-01 16:53:53,970 INFO sqlalchemy.engine.Engine SELECT events.id, events.name, events.description, events.event_type, events.state, events.start_time, events.end_time, events.registration_deadline, events.venue, events.meeting_link, events.max_participants, events.created_at, events.updated_at, events.created_by 
FROM events 
WHERE events.id = ?
2026-03-01 16:53:53,970 INFO sqlalchemy.engine.Engine [cached since 0.5724s ago] (3,)
2026-03-01 16:53:53 | INFO     | event_agent | Event 3 transitioned: SCHEDULED -> ATTENDANCE_OPEN (by manual)
[OK] Transitioned to ATTENDANCE_OPEN

============================================================
 TEST 5: Mark Attendance
============================================================
2026-03-01 16:53:53,971 INFO sqlalchemy.engine.Engine SELECT participants.id AS participants_id, participants.event_id AS participants_event_id, participants.name AS participants_name, participants.email AS participants_email, participants.phone AS participants_phone, participants.status AS participants_status, participants.is_confirmed AS participants_is_confirmed, participants.confirmed_at AS participants_confirmed_at, participants.qr_token AS participants_qr_token, participants.otp AS participants_otp, participants.otp_expires_at AS participants_otp_expires_at, participants.registered_at AS participants_registered_at, participants.updated_at AS participants_updated_at 
FROM participants 
WHERE participants.id = ?
 LIMIT ? OFFSET ?
2026-03-01 16:53:53,971 INFO sqlalchemy.engine.Engine [cached since 0.4983s ago] (16, 1, 0)
2026-03-01 16:53:54,007 INFO sqlalchemy.engine.Engine UPDATE participants SET qr_token=?, updated_at=? WHERE participants.id = ?
2026-03-01 16:53:54,007 INFO sqlalchemy.engine.Engine [cached since 0.5418s ago] ('eyJhbGciOiJIUzI1NiIsInR5cCI6IkpXVCJ9.eyJwYXJ0aWNpcGFudF9pZCI6MTYsImV2ZW50X2lkIjozLCJpc3N1ZWRfYXQiOiIyMDI2LTAzLTAxVDExOjIzOjUzLjk3MTY5MyswMDowMCIsImV4cGlyZXNfYXQiOiIyMDI2LTAzLTAyVDExOjIzOjUzLjk3MTcwMCswMDowMCIsInR5cGUiOiJhdHRlbmRhbmNlX3FyIn0.HEnSCEobOp096jsriySnZt4T9rem98M4u9JEkRpuWFU', '2026-03-01 11:23:54.007536', 16)
2026-03-01 16:53:54,009 INFO sqlalchemy.engine.Engine COMMIT
2026-03-01 16:53:54 | INFO     | event_agent | [ATTENDANCE] Generated QR code for participant 16
2026-03-01 16:53:54,012 INFO sqlalchemy.engine.Engine BEGIN (implicit)
2026-03-01 16:53:54,012 INFO sqlalchemy.engine.Engine SELECT participants.id AS participants_id, participants.event_id AS participants_event_id, participants.name AS participants_name, participants.email AS participants_email, participants.phone AS participants_phone, participants.status AS participants_status, participants.is_confirmed AS participants_is_confirmed, participants.confirmed_at AS participants_confirmed_at, participants.qr_token AS participants_qr_token, participants.otp AS participants_otp, participants.otp_expires_at AS participants_otp_expires_at, participants.registered_at AS participants_registered_at, participants.updated_at AS participants_updated_at 
FROM participants 
WHERE participants.id = ?
2026-03-01 16:53:54,012 INFO sqlalchemy.engine.Engine [cached since 0.5405s ago] (16,)
2026-03-01 16:53:54,013 INFO sqlalchemy.engine.Engine SELECT participants.id AS participants_id, participants.event_id AS participants_event_id, participants.name AS participants_name, participants.email AS participants_email, participants.phone AS participants_phone, participants.status AS participants_status, participants.is_confirmed AS participants_is_confirmed, participants.confirmed_at AS participants_confirmed_at, participants.qr_token AS participants_qr_token, participants.otp AS participants_otp, participants.otp_expires_at AS participants_otp_expires_at, participants.registered_at AS participants_registered_at, participants.updated_at AS participants_updated_at 
FROM participants 
WHERE participants.id = ?
 LIMIT ? OFFSET ?
2026-03-01 16:53:54,013 INFO sqlalchemy.engine.Engine [cached since 0.5407s ago] (16, 1, 0)
2026-03-01 16:53:54,014 INFO sqlalchemy.engine.Engine SELECT events.id AS events_id, events.name AS events_name, events.description AS events_description, events.event_type AS events_event_type, events.state AS events_state, events.start_time AS events_start_time, events.end_time AS events_end_time, events.registration_deadline AS events_registration_deadline, events.venue AS events_venue, events.meeting_link AS events_meeting_link, events.max_participants AS events_max_participants, events.created_at AS events_created_at, events.updated_at AS events_updated_at, events.created_by AS events_created_by 
FROM events 
WHERE events.id = ?
 LIMIT ? OFFSET ?
2026-03-01 16:53:54,014 INFO sqlalchemy.engine.Engine [cached since 0.6144s ago] (3, 1, 0)
2026-03-01 16:53:54,015 INFO sqlalchemy.engine.Engine SELECT attendance.id AS attendance_id, attendance.event_id AS attendance_event_id, attendance.participant_id AS attendance_participant_id, attendance.checked_in_at AS attendance_checked_in_at, attendance.check_in_method AS attendance_check_in_method, attendance.is_valid AS attendance_is_valid, attendance.validation_notes AS attendance_validation_notes, attendance.check_in_ip AS attendance_check_in_ip, attendance.check_in_device AS attendance_check_in_device 
FROM attendance 
WHERE attendance.participant_id = ? AND attendance.event_id = ?
 LIMIT ? OFFSET ?
2026-03-01 16:53:54,015 INFO sqlalchemy.engine.Engine [generated in 0.00010s] (16, 3, 1, 0)
2026-03-01 16:53:54,016 INFO sqlalchemy.engine.Engine UPDATE participants SET status=?, updated_at=? WHERE participants.id = ?
2026-03-01 16:53:54,016 INFO sqlalchemy.engine.Engine [generated in 0.00010s] ('ATTENDED', '2026-03-01 11:23:54.016587', 16)
2026-03-01 16:53:54,017 INFO sqlalchemy.engine.Engine INSERT INTO attendance (event_id, participant_id, checked_in_at, check_in_method, is_valid, validation_notes, check_in_ip, check_in_device) VALUES (?, ?, ?, ?, ?, ?, ?, ?)
2026-03-01 16:53:54,017 INFO sqlalchemy.engine.Engine [generated in 0.00014s] (3, 16, '2026-03-01 11:23:54.016138', <AttendanceMethod.QR_CODE: 'QR_CODE'>, 1, 'QR code validated successfully', None, None)
2026-03-01 16:53:54,018 INFO sqlalchemy.engine.Engine COMMIT
2026-03-01 16:53:54 | INFO     | event_agent | [ATTENDANCE] QR check-in successful for participant 16, event 3
2026-03-01 16:53:54,021 INFO sqlalchemy.engine.Engine BEGIN (implicit)
2026-03-01 16:53:54,021 INFO sqlalchemy.engine.Engine SELECT events.id AS events_id, events.name AS events_name, events.description AS events_description, events.event_type AS events_event_type, events.state AS events_state, events.start_time AS events_start_time, events.end_time AS events_end_time, events.registration_deadline AS events_registration_deadline, events.venue AS events_venue, events.meeting_link AS events_meeting_link, events.max_participants AS events_max_participants, events.created_at AS events_created_at, events.updated_at AS events_updated_at, events.created_by AS events_created_by 
FROM events 
WHERE events.id = ?
2026-03-01 16:53:54,021 INFO sqlalchemy.engine.Engine [cached since 0.5506s ago] (3,)
2026-03-01 16:53:54,021 INFO sqlalchemy.engine.Engine SELECT participants.id AS participants_id, participants.event_id AS participants_event_id, participants.name AS participants_name, participants.email AS participants_email, participants.phone AS participants_phone, participants.status AS participants_status, participants.is_confirmed AS participants_is_confirmed, participants.confirmed_at AS participants_confirmed_at, participants.qr_token AS participants_qr_token, participants.otp AS participants_otp, participants.otp_expires_at AS participants_otp_expires_at, participants.registered_at AS participants_registered_at, participants.updated_at AS participants_updated_at 
FROM participants 
WHERE participants.id = ?
2026-03-01 16:53:54,022 INFO sqlalchemy.engine.Engine [cached since 0.5499s ago] (16,)
2026-03-01 16:53:54 | INFO     | event_agent | [ATTENDANCE] Alice Brown checked in to Event #3 'Stage 5 Test - Analytics Demo Event' via QR_CODE
2026-03-01 16:53:54,022 INFO sqlalchemy.engine.Engine SELECT attendance.id AS attendance_id, attendance.event_id AS attendance_event_id, attendance.participant_id AS attendance_participant_id, attendance.checked_in_at AS attendance_checked_in_at, attendance.check_in_method AS attendance_check_in_method, attendance.is_valid AS attendance_is_valid, attendance.validation_notes AS attendance_validation_notes, attendance.check_in_ip AS attendance_check_in_ip, attendance.check_in_device AS attendance_check_in_device 
FROM attendance 
WHERE attendance.id = ?
2026-03-01 16:53:54,022 INFO sqlalchemy.engine.Engine [generated in 0.00009s] (7,)
2026-03-01 16:53:54,023 INFO sqlalchemy.engine.Engine SELECT participants.id AS participants_id, participants.event_id AS participants_event_id, participants.name AS participants_name, participants.email AS participants_email, participants.phone AS participants_phone, participants.status AS participants_status, participants.is_confirmed AS participants_is_confirmed, participants.confirmed_at AS participants_confirmed_at, participants.qr_token AS participants_qr_token, participants.otp AS participants_otp, participants.otp_expires_at AS participants_otp_expires_at, participants.registered_at AS participants_registered_at, participants.updated_at AS participants_updated_at 
FROM participants 
WHERE participants.id = ?
 LIMIT ? OFFSET ?
2026-03-01 16:53:54,023 INFO sqlalchemy.engine.Engine [cached since 0.5505s ago] (17, 1, 0)
2026-03-01 16:53:54,061 INFO sqlalchemy.engine.Engine UPDATE participants SET qr_token=?, updated_at=? WHERE participants.id = ?
2026-03-01 16:53:54,061 INFO sqlalchemy.engine.Engine [cached since 0.5961s ago] ('eyJhbGciOiJIUzI1NiIsInR5cCI6IkpXVCJ9.eyJwYXJ0aWNpcGFudF9pZCI6MTcsImV2ZW50X2lkIjozLCJpc3N1ZWRfYXQiOiIyMDI2LTAzLTAxVDExOjIzOjU0LjAyMzkzNCswMDowMCIsImV4cGlyZXNfYXQiOiIyMDI2LTAzLTAyVDExOjIzOjU0LjAyMzkzOSswMDowMCIsInR5cGUiOiJhdHRlbmRhbmNlX3FyIn0.mY4RIei3yoeXjl_uIxfELJYIws1wYmf_eQF5auNHmSQ', '2026-03-01 11:23:54.061772', 17)
2026-03-01 16:53:54,063 INFO sqlalchemy.engine.Engine COMMIT
2026-03-01 16:53:54 | INFO     | event_agent | [ATTENDANCE] Generated QR code for participant 17
2026-03-01 16:53:54,067 INFO sqlalchemy.engine.Engine BEGIN (implicit)
2026-03-01 16:53:54,067 INFO sqlalchemy.engine.Engine SELECT participants.id AS participants_id, participants.event_id AS participants_event_id, participants.name AS participants_name, participants.email AS participants_email, participants.phone AS participants_phone, participants.status AS participants_status, participants.is_confirmed AS participants_is_confirmed, participants.confirmed_at AS participants_confirmed_at, participants.qr_token AS participants_qr_token, participants.otp AS participants_otp, participants.otp_expires_at AS participants_otp_expires_at, participants.registered_at AS participants_registered_at, participants.updated_at AS participants_updated_at 
FROM participants 
WHERE participants.id = ?
2026-03-01 16:53:54,067 INFO sqlalchemy.engine.Engine [cached since 0.5954s ago] (17,)
2026-03-01 16:53:54,068 INFO sqlalchemy.engine.Engine SELECT participants.id AS participants_id, participants.event_id AS participants_event_id, participants.name AS participants_name, participants.email AS participants_email, participants.phone AS participants_phone, participants.status AS participants_status, participants.is_confirmed AS participants_is_confirmed, participants.confirmed_at AS participants_confirmed_at, participants.qr_token AS participants_qr_token, participants.otp AS participants_otp, participants.otp_expires_at AS participants_otp_expires_at, participants.registered_at AS participants_registered_at, participants.updated_at AS participants_updated_at 
FROM participants 
WHERE participants.id = ?
 LIMIT ? OFFSET ?
2026-03-01 16:53:54,068 INFO sqlalchemy.engine.Engine [cached since 0.595s ago] (17, 1, 0)
2026-03-01 16:53:54,068 INFO sqlalchemy.engine.Engine SELECT events.id AS events_id, events.name AS events_name, events.description AS events_description, events.event_type AS events_event_type, events.state AS events_state, events.start_time AS events_start_time, events.end_time AS events_end_time, events.registration_deadline AS events_registration_deadline, events.venue AS events_venue, events.meeting_link AS events_meeting_link, events.max_participants AS events_max_participants, events.created_at AS events_created_at, events.updated_at AS events_updated_at, events.created_by AS events_created_by 
FROM events 
WHERE events.id = ?
 LIMIT ? OFFSET ?
2026-03-01 16:53:54,068 INFO sqlalchemy.engine.Engine [cached since 0.6685s ago] (3, 1, 0)
2026-03-01 16:53:54,069 INFO sqlalchemy.engine.Engine SELECT attendance.id AS attendance_id, attendance.event_id AS attendance_event_id, attendance.participant_id AS attendance_participant_id, attendance.checked_in_at AS attendance_checked_in_at, attendance.check_in_method AS attendance_check_in_method, attendance.is_valid AS attendance_is_valid, attendance.validation_notes AS attendance_validation_notes, attendance.check_in_ip AS attendance_check_in_ip, attendance.check_in_device AS attendance_check_in_device 
FROM attendance 
WHERE attendance.participant_id = ? AND attendance.event_id = ?
 LIMIT ? OFFSET ?
2026-03-01 16:53:54,069 INFO sqlalchemy.engine.Engine [cached since 0.0534s ago] (17, 3, 1, 0)
2026-03-01 16:53:54,069 INFO sqlalchemy.engine.Engine UPDATE participants SET status=?, updated_at=? WHERE participants.id = ?
2026-03-01 16:53:54,069 INFO sqlalchemy.engine.Engine [cached since 0.05306s ago] ('ATTENDED', '2026-03-01 11:23:54.069552', 17)
2026-03-01 16:53:54,070 INFO sqlalchemy.engine.Engine INSERT INTO attendance (event_id, participant_id, checked_in_at, check_in_method, is_valid, validation_notes, check_in_ip, check_in_device) VALUES (?, ?, ?, ?, ?, ?, ?, ?)
2026-03-01 16:53:54,070 INFO sqlalchemy.engine.Engine [cached since 0.05278s ago] (3, 17, '2026-03-01 11:23:54.069277', <AttendanceMethod.QR_CODE: 'QR_CODE'>, 1, 'QR code validated successfully', None, None)
2026-03-01 16:53:54,070 INFO sqlalchemy.engine.Engine COMMIT
2026-03-01 16:53:54 | INFO     | event_agent | [ATTENDANCE] QR check-in successful for participant 17, event 3
2026-03-01 16:53:54,073 INFO sqlalchemy.engine.Engine BEGIN (implicit)
2026-03-01 16:53:54,073 INFO sqlalchemy.engine.Engine SELECT events.id AS events_id, events.name AS events_name, events.description AS events_description, events.event_type AS events_event_type, events.state AS events_state, events.start_time AS events_start_time, events.end_time AS events_end_time, events.registration_deadline AS events_registration_deadline, events.venue AS events_venue, events.meeting_link AS events_meeting_link, events.max_participants AS events_max_participants, events.created_at AS events_created_at, events.updated_at AS events_updated_at, events.created_by AS events_created_by 
FROM events 
WHERE events.id = ?
2026-03-01 16:53:54,073 INFO sqlalchemy.engine.Engine [cached since 0.603s ago] (3,)
2026-03-01 16:53:54,074 INFO sqlalchemy.engine.Engine SELECT participants.id AS participants_id, participants.event_id AS participants_event_id, participants.name AS participants_name, participants.email AS participants_email, participants.phone AS participants_phone, participants.status AS participants_status, participants.is_confirmed AS participants_is_confirmed, participants.confirmed_at AS participants_confirmed_at, participants.qr_token AS participants_qr_token, participants.otp AS participants_otp, participants.otp_expires_at AS participants_otp_expires_at, participants.registered_at AS participants_registered_at, participants.updated_at AS participants_updated_at 
FROM participants 
WHERE participants.id = ?
2026-03-01 16:53:54,074 INFO sqlalchemy.engine.Engine [cached since 0.6024s ago] (17,)
2026-03-01 16:53:54 | INFO     | event_agent | [ATTENDANCE] Bob Wilson checked in to Event #3 'Stage 5 Test - Analytics Demo Event' via QR_CODE
2026-03-01 16:53:54,074 INFO sqlalchemy.engine.Engine SELECT attendance.id AS attendance_id, attendance.event_id AS attendance_event_id, attendance.participant_id AS attendance_participant_id, attendance.checked_in_at AS attendance_checked_in_at, attendance.check_in_method AS attendance_check_in_method, attendance.is_valid AS attendance_is_valid, attendance.validation_notes AS attendance_validation_notes, attendance.check_in_ip AS attendance_check_in_ip, attendance.check_in_device AS attendance_check_in_device 
FROM attendance 
WHERE attendance.id = ?
2026-03-01 16:53:54,074 INFO sqlalchemy.engine.Engine [cached since 0.05217s ago] (8,)
2026-03-01 16:53:54,075 INFO sqlalchemy.engine.Engine SELECT participants.id AS participants_id, participants.event_id AS participants_event_id, participants.name AS participants_name, participants.email AS participants_email, participants.phone AS participants_phone, participants.status AS participants_status, participants.is_confirmed AS participants_is_confirmed, participants.confirmed_at AS participants_confirmed_at, participants.qr_token AS participants_qr_token, participants.otp AS participants_otp, participants.otp_expires_at AS participants_otp_expires_at, participants.registered_at AS participants_registered_at, participants.updated_at AS participants_updated_at 
FROM participants 
WHERE participants.id = ?
 LIMIT ? OFFSET ?
2026-03-01 16:53:54,075 INFO sqlalchemy.engine.Engine [cached since 0.6023s ago] (18, 1, 0)
2026-03-01 16:53:54,115 INFO sqlalchemy.engine.Engine UPDATE participants SET qr_token=?, updated_at=? WHERE participants.id = ?
2026-03-01 16:53:54,115 INFO sqlalchemy.engine.Engine [cached since 0.6498s ago] ('eyJhbGciOiJIUzI1NiIsInR5cCI6IkpXVCJ9.eyJwYXJ0aWNpcGFudF9pZCI6MTgsImV2ZW50X2lkIjozLCJpc3N1ZWRfYXQiOiIyMDI2LTAzLTAxVDExOjIzOjU0LjA3NTU4NyswMDowMCIsImV4cGlyZXNfYXQiOiIyMDI2LTAzLTAyVDExOjIzOjU0LjA3NTU5MSswMDowMCIsInR5cGUiOiJhdHRlbmRhbmNlX3FyIn0.oG1VKyLlsAI_Ie8G4vI8vG-F-15I7QiXm9cjisDI4Ps', '2026-03-01 11:23:54.115490', 18)
2026-03-01 16:53:54,116 INFO sqlalchemy.engine.Engine COMMIT
2026-03-01 16:53:54 | INFO     | event_agent | [ATTENDANCE] Generated QR code for participant 18
2026-03-01 16:53:54,121 INFO sqlalchemy.engine.Engine BEGIN (implicit)
2026-03-01 16:53:54,121 INFO sqlalchemy.engine.Engine SELECT participants.id AS participants_id, participants.event_id AS participants_event_id, participants.name AS participants_name, participants.email AS participants_email, participants.phone AS participants_phone, participants.status AS participants_status, participants.is_confirmed AS participants_is_confirmed, participants.confirmed_at AS participants_confirmed_at, participants.qr_token AS participants_qr_token, participants.otp AS participants_otp, participants.otp_expires_at AS participants_otp_expires_at, participants.registered_at AS participants_registered_at, participants.updated_at AS participants_updated_at 
FROM participants 
WHERE participants.id = ?
2026-03-01 16:53:54,121 INFO sqlalchemy.engine.Engine [cached since 0.6494s ago] (18,)
2026-03-01 16:53:54,122 INFO sqlalchemy.engine.Engine SELECT participants.id AS participants_id, participants.event_id AS participants_event_id, participants.name AS participants_name, participants.email AS participants_email, participants.phone AS participants_phone, participants.status AS participants_status, participants.is_confirmed AS participants_is_confirmed, participants.confirmed_at AS participants_confirmed_at, participants.qr_token AS participants_qr_token, participants.otp AS participants_otp, participants.otp_expires_at AS participants_otp_expires_at, participants.registered_at AS participants_registered_at, participants.updated_at AS participants_updated_at 
FROM participants 
WHERE participants.id = ?
 LIMIT ? OFFSET ?
2026-03-01 16:53:54,122 INFO sqlalchemy.engine.Engine [cached since 0.6492s ago] (18, 1, 0)
2026-03-01 16:53:54,122 INFO sqlalchemy.engine.Engine SELECT events.id AS events_id, events.name AS events_name, events.description AS events_description, events.event_type AS events_event_type, events.state AS events_state, events.start_time AS events_start_time, events.end_time AS events_end_time, events.registration_deadline AS events_registration_deadline, events.venue AS events_venue, events.meeting_link AS events_meeting_link, events.max_participants AS events_max_participants, events.created_at AS events_created_at, events.updated_at AS events_updated_at, events.created_by AS events_created_by 
FROM events 
WHERE events.id = ?
 LIMIT ? OFFSET ?
2026-03-01 16:53:54,122 INFO sqlalchemy.engine.Engine [cached since 0.7226s ago] (3, 1, 0)
2026-03-01 16:53:54,123 INFO sqlalchemy.engine.Engine SELECT attendance.id AS attendance_id, attendance.event_id AS attendance_event_id, attendance.participant_id AS attendance_participant_id, attendance.checked_in_at AS attendance_checked_in_at, attendance.check_in_method AS attendance_check_in_method, attendance.is_valid AS attendance_is_valid, attendance.validation_notes AS attendance_validation_notes, attendance.check_in_ip AS attendance_check_in_ip, attendance.check_in_device AS attendance_check_in_device 
FROM attendance 
WHERE attendance.participant_id = ? AND attendance.event_id = ?
 LIMIT ? OFFSET ?
2026-03-01 16:53:54,123 INFO sqlalchemy.engine.Engine [cached since 0.1075s ago] (18, 3, 1, 0)
2026-03-01 16:53:54,123 INFO sqlalchemy.engine.Engine UPDATE participants SET status=?, updated_at=? WHERE participants.id = ?
2026-03-01 16:53:54,123 INFO sqlalchemy.engine.Engine [cached since 0.1072s ago] ('ATTENDED', '2026-03-01 11:23:54.123708', 18)
2026-03-01 16:53:54,125 INFO sqlalchemy.engine.Engine INSERT INTO attendance (event_id, participant_id, checked_in_at, check_in_method, is_valid, validation_notes, check_in_ip, check_in_device) VALUES (?, ?, ?, ?, ?, ?, ?, ?)
2026-03-01 16:53:54,125 INFO sqlalchemy.engine.Engine [cached since 0.1075s ago] (3, 18, '2026-03-01 11:23:54.123443', <AttendanceMethod.QR_CODE: 'QR_CODE'>, 1, 'QR code validated successfully', None, None)
2026-03-01 16:53:54,125 INFO sqlalchemy.engine.Engine COMMIT
2026-03-01 16:53:54 | INFO     | event_agent | [ATTENDANCE] QR check-in successful for participant 18, event 3
2026-03-01 16:53:54,128 INFO sqlalchemy.engine.Engine BEGIN (implicit)
2026-03-01 16:53:54,129 INFO sqlalchemy.engine.Engine SELECT events.id AS events_id, events.name AS events_name, events.description AS events_description, events.event_type AS events_event_type, events.state AS events_state, events.start_time AS events_start_time, events.end_time AS events_end_time, events.registration_deadline AS events_registration_deadline, events.venue AS events_venue, events.meeting_link AS events_meeting_link, events.max_participants AS events_max_participants, events.created_at AS events_created_at, events.updated_at AS events_updated_at, events.created_by AS events_created_by 
FROM events 
WHERE events.id = ?
2026-03-01 16:53:54,129 INFO sqlalchemy.engine.Engine [cached since 0.6582s ago] (3,)
2026-03-01 16:53:54,130 INFO sqlalchemy.engine.Engine SELECT participants.id AS participants_id, participants.event_id AS participants_event_id, participants.name AS participants_name, participants.email AS participants_email, participants.phone AS participants_phone, participants.status AS participants_status, participants.is_confirmed AS participants_is_confirmed, participants.confirmed_at AS participants_confirmed_at, participants.qr_token AS participants_qr_token, participants.otp AS participants_otp, participants.otp_expires_at AS participants_otp_expires_at, participants.registered_at AS participants_registered_at, participants.updated_at AS participants_updated_at 
FROM participants 
WHERE participants.id = ?
2026-03-01 16:53:54,130 INFO sqlalchemy.engine.Engine [cached since 0.6582s ago] (18,)
2026-03-01 16:53:54 | INFO     | event_agent | [ATTENDANCE] Charlie Lee checked in to Event #3 'Stage 5 Test - Analytics Demo Event' via QR_CODE
2026-03-01 16:53:54,131 INFO sqlalchemy.engine.Engine SELECT attendance.id AS attendance_id, attendance.event_id AS attendance_event_id, attendance.participant_id AS attendance_participant_id, attendance.checked_in_at AS attendance_checked_in_at, attendance.check_in_method AS attendance_check_in_method, attendance.is_valid AS attendance_is_valid, attendance.validation_notes AS attendance_validation_notes, attendance.check_in_ip AS attendance_check_in_ip, attendance.check_in_device AS attendance_check_in_device 
FROM attendance 
WHERE attendance.id = ?
2026-03-01 16:53:54,131 INFO sqlalchemy.engine.Engine [cached since 0.1083s ago] (9,)
2026-03-01 16:53:54,131 INFO sqlalchemy.engine.Engine SELECT participants.id AS participants_id, participants.event_id AS participants_event_id, participants.name AS participants_name, participants.email AS participants_email, participants.phone AS participants_phone, participants.status AS participants_status, participants.is_confirmed AS participants_is_confirmed, participants.confirmed_at AS participants_confirmed_at, participants.qr_token AS participants_qr_token, participants.otp AS participants_otp, participants.otp_expires_at AS participants_otp_expires_at, participants.registered_at AS participants_registered_at, participants.updated_at AS participants_updated_at 
FROM participants 
WHERE participants.id = ?
 LIMIT ? OFFSET ?
2026-03-01 16:53:54,131 INFO sqlalchemy.engine.Engine [cached since 0.6584s ago] (21, 1, 0)
2026-03-01 16:53:54,171 INFO sqlalchemy.engine.Engine UPDATE participants SET qr_token=?, updated_at=? WHERE participants.id = ?
2026-03-01 16:53:54,172 INFO sqlalchemy.engine.Engine [cached since 0.7063s ago] ('eyJhbGciOiJIUzI1NiIsInR5cCI6IkpXVCJ9.eyJwYXJ0aWNpcGFudF9pZCI6MjEsImV2ZW50X2lkIjozLCJpc3N1ZWRfYXQiOiIyMDI2LTAzLTAxVDExOjIzOjU0LjEzMTc2NyswMDowMCIsImV4cGlyZXNfYXQiOiIyMDI2LTAzLTAyVDExOjIzOjU0LjEzMTc3MiswMDowMCIsInR5cGUiOiJhdHRlbmRhbmNlX3FyIn0.7QXDamoIoNhkmd2_-TJnDq7oHq7P_o_Q2SRErA50PkU', '2026-03-01 11:23:54.171903', 21)
2026-03-01 16:53:54,173 INFO sqlalchemy.engine.Engine COMMIT
2026-03-01 16:53:54 | INFO     | event_agent | [ATTENDANCE] Generated QR code for participant 21
2026-03-01 16:53:54,176 INFO sqlalchemy.engine.Engine BEGIN (implicit)
2026-03-01 16:53:54,176 INFO sqlalchemy.engine.Engine SELECT participants.id AS participants_id, participants.event_id AS participants_event_id, participants.name AS participants_name, participants.email AS participants_email, participants.phone AS participants_phone, participants.status AS participants_status, participants.is_confirmed AS participants_is_confirmed, participants.confirmed_at AS participants_confirmed_at, participants.qr_token AS participants_qr_token, participants.otp AS participants_otp, participants.otp_expires_at AS participants_otp_expires_at, participants.registered_at AS participants_registered_at, participants.updated_at AS participants_updated_at 
FROM participants 
WHERE participants.id = ?
2026-03-01 16:53:54,176 INFO sqlalchemy.engine.Engine [cached since 0.7046s ago] (21,)
2026-03-01 16:53:54,177 INFO sqlalchemy.engine.Engine SELECT participants.id AS participants_id, participants.event_id AS participants_event_id, participants.name AS participants_name, participants.email AS participants_email, participants.phone AS participants_phone, participants.status AS participants_status, participants.is_confirmed AS participants_is_confirmed, participants.confirmed_at AS participants_confirmed_at, participants.qr_token AS participants_qr_token, participants.otp AS participants_otp, participants.otp_expires_at AS participants_otp_expires_at, participants.registered_at AS participants_registered_at, participants.updated_at AS participants_updated_at 
FROM participants 
WHERE participants.id = ?
 LIMIT ? OFFSET ?
2026-03-01 16:53:54,177 INFO sqlalchemy.engine.Engine [cached since 0.7044s ago] (21, 1, 0)
2026-03-01 16:53:54,178 INFO sqlalchemy.engine.Engine SELECT events.id AS events_id, events.name AS events_name, events.description AS events_description, events.event_type AS events_event_type, events.state AS events_state, events.start_time AS events_start_time, events.end_time AS events_end_time, events.registration_deadline AS events_registration_deadline, events.venue AS events_venue, events.meeting_link AS events_meeting_link, events.max_participants AS events_max_participants, events.created_at AS events_created_at, events.updated_at AS events_updated_at, events.created_by AS events_created_by 
FROM events 
WHERE events.id = ?
 LIMIT ? OFFSET ?
2026-03-01 16:53:54,178 INFO sqlalchemy.engine.Engine [cached since 0.778s ago] (3, 1, 0)
2026-03-01 16:53:54,178 INFO sqlalchemy.engine.Engine SELECT attendance.id AS attendance_id, attendance.event_id AS attendance_event_id, attendance.participant_id AS attendance_participant_id, attendance.checked_in_at AS attendance_checked_in_at, attendance.check_in_method AS attendance_check_in_method, attendance.is_valid AS attendance_is_valid, attendance.validation_notes AS attendance_validation_notes, attendance.check_in_ip AS attendance_check_in_ip, attendance.check_in_device AS attendance_check_in_device 
FROM attendance 
WHERE attendance.participant_id = ? AND attendance.event_id = ?
 LIMIT ? OFFSET ?
2026-03-01 16:53:54,178 INFO sqlalchemy.engine.Engine [cached since 0.163s ago] (21, 3, 1, 0)
2026-03-01 16:53:54,179 INFO sqlalchemy.engine.Engine UPDATE participants SET status=?, updated_at=? WHERE participants.id = ?
2026-03-01 16:53:54,179 INFO sqlalchemy.engine.Engine [cached since 0.1631s ago] ('ATTENDED', '2026-03-01 11:23:54.179519', 21)
2026-03-01 16:53:54,181 INFO sqlalchemy.engine.Engine INSERT INTO attendance (event_id, participant_id, checked_in_at, check_in_method, is_valid, validation_notes, check_in_ip, check_in_device) VALUES (?, ?, ?, ?, ?, ?, ?, ?)
2026-03-01 16:53:54,181 INFO sqlalchemy.engine.Engine [cached since 0.1639s ago] (3, 21, '2026-03-01 11:23:54.179170', <AttendanceMethod.QR_CODE: 'QR_CODE'>, 1, 'QR code validated successfully', None, None)
2026-03-01 16:53:54,181 INFO sqlalchemy.engine.Engine COMMIT
2026-03-01 16:53:54 | INFO     | event_agent | [ATTENDANCE] QR check-in successful for participant 21, event 3
2026-03-01 16:53:54,185 INFO sqlalchemy.engine.Engine BEGIN (implicit)
2026-03-01 16:53:54,185 INFO sqlalchemy.engine.Engine SELECT events.id AS events_id, events.name AS events_name, events.description AS events_description, events.event_type AS events_event_type, events.state AS events_state, events.start_time AS events_start_time, events.end_time AS events_end_time, events.registration_deadline AS events_registration_deadline, events.venue AS events_venue, events.meeting_link AS events_meeting_link, events.max_participants AS events_max_participants, events.created_at AS events_created_at, events.updated_at AS events_updated_at, events.created_by AS events_created_by 
FROM events 
WHERE events.id = ?
2026-03-01 16:53:54,185 INFO sqlalchemy.engine.Engine [cached since 0.7146s ago] (3,)
2026-03-01 16:53:54,186 INFO sqlalchemy.engine.Engine SELECT participants.id AS participants_id, participants.event_id AS participants_event_id, participants.name AS participants_name, participants.email AS participants_email, participants.phone AS participants_phone, participants.status AS participants_status, participants.is_confirmed AS participants_is_confirmed, participants.confirmed_at AS participants_confirmed_at, participants.qr_token AS participants_qr_token, participants.otp AS participants_otp, participants.otp_expires_at AS participants_otp_expires_at, participants.registered_at AS participants_registered_at, participants.updated_at AS participants_updated_at 
FROM participants 
WHERE participants.id = ?
2026-03-01 16:53:54,186 INFO sqlalchemy.engine.Engine [cached since 0.7141s ago] (21,)
2026-03-01 16:53:54 | INFO     | event_agent | [ATTENDANCE] Frank Moore checked in to Event #3 'Stage 5 Test - Analytics Demo Event' via QR_CODE
2026-03-01 16:53:54,186 INFO sqlalchemy.engine.Engine SELECT attendance.id AS attendance_id, attendance.event_id AS attendance_event_id, attendance.participant_id AS attendance_participant_id, attendance.checked_in_at AS attendance_checked_in_at, attendance.check_in_method AS attendance_check_in_method, attendance.is_valid AS attendance_is_valid, attendance.validation_notes AS attendance_validation_notes, attendance.check_in_ip AS attendance_check_in_ip, attendance.check_in_device AS attendance_check_in_device 
FROM attendance 
WHERE attendance.id = ?
2026-03-01 16:53:54,186 INFO sqlalchemy.engine.Engine [cached since 0.1641s ago] (10,)
2026-03-01 16:53:54,187 INFO sqlalchemy.engine.Engine SELECT participants.id AS participants_id, participants.event_id AS participants_event_id, participants.name AS participants_name, participants.email AS participants_email, participants.phone AS participants_phone, participants.status AS participants_status, participants.is_confirmed AS participants_is_confirmed, participants.confirmed_at AS participants_confirmed_at, participants.qr_token AS participants_qr_token, participants.otp AS participants_otp, participants.otp_expires_at AS participants_otp_expires_at, participants.registered_at AS participants_registered_at, participants.updated_at AS participants_updated_at 
FROM participants 
WHERE participants.id = ?
 LIMIT ? OFFSET ?
2026-03-01 16:53:54,187 INFO sqlalchemy.engine.Engine [cached since 0.7144s ago] (22, 1, 0)
2026-03-01 16:53:54,226 INFO sqlalchemy.engine.Engine UPDATE participants SET qr_token=?, updated_at=? WHERE participants.id = ?
2026-03-01 16:53:54,226 INFO sqlalchemy.engine.Engine [cached since 0.7608s ago] ('eyJhbGciOiJIUzI1NiIsInR5cCI6IkpXVCJ9.eyJwYXJ0aWNpcGFudF9pZCI6MjIsImV2ZW50X2lkIjozLCJpc3N1ZWRfYXQiOiIyMDI2LTAzLTAxVDExOjIzOjU0LjE4Nzc5MiswMDowMCIsImV4cGlyZXNfYXQiOiIyMDI2LTAzLTAyVDExOjIzOjU0LjE4Nzc5OSswMDowMCIsInR5cGUiOiJhdHRlbmRhbmNlX3FyIn0._Y8b3DYBw-Plu0BPD1NDwI5dPVXyEEsnn_TD-jUNnRA', '2026-03-01 11:23:54.226512', 22)
2026-03-01 16:53:54,227 INFO sqlalchemy.engine.Engine COMMIT
2026-03-01 16:53:54 | INFO     | event_agent | [ATTENDANCE] Generated QR code for participant 22
2026-03-01 16:53:54,231 INFO sqlalchemy.engine.Engine BEGIN (implicit)
2026-03-01 16:53:54,231 INFO sqlalchemy.engine.Engine SELECT participants.id AS participants_id, participants.event_id AS participants_event_id, participants.name AS participants_name, participants.email AS participants_email, participants.phone AS participants_phone, participants.status AS participants_status, participants.is_confirmed AS participants_is_confirmed, participants.confirmed_at AS participants_confirmed_at, participants.qr_token AS participants_qr_token, participants.otp AS participants_otp, participants.otp_expires_at AS participants_otp_expires_at, participants.registered_at AS participants_registered_at, participants.updated_at AS participants_updated_at 
FROM participants 
WHERE participants.id = ?
2026-03-01 16:53:54,231 INFO sqlalchemy.engine.Engine [cached since 0.7593s ago] (22,)
2026-03-01 16:53:54,232 INFO sqlalchemy.engine.Engine SELECT participants.id AS participants_id, participants.event_id AS participants_event_id, participants.name AS participants_name, participants.email AS participants_email, participants.phone AS participants_phone, participants.status AS participants_status, participants.is_confirmed AS participants_is_confirmed, participants.confirmed_at AS participants_confirmed_at, participants.qr_token AS participants_qr_token, participants.otp AS participants_otp, participants.otp_expires_at AS participants_otp_expires_at, participants.registered_at AS participants_registered_at, participants.updated_at AS participants_updated_at 
FROM participants 
WHERE participants.id = ?
 LIMIT ? OFFSET ?
2026-03-01 16:53:54,232 INFO sqlalchemy.engine.Engine [cached since 0.759s ago] (22, 1, 0)
2026-03-01 16:53:54,232 INFO sqlalchemy.engine.Engine SELECT events.id AS events_id, events.name AS events_name, events.description AS events_description, events.event_type AS events_event_type, events.state AS events_state, events.start_time AS events_start_time, events.end_time AS events_end_time, events.registration_deadline AS events_registration_deadline, events.venue AS events_venue, events.meeting_link AS events_meeting_link, events.max_participants AS events_max_participants, events.created_at AS events_created_at, events.updated_at AS events_updated_at, events.created_by AS events_created_by 
FROM events 
WHERE events.id = ?
 LIMIT ? OFFSET ?
2026-03-01 16:53:54,232 INFO sqlalchemy.engine.Engine [cached since 0.8325s ago] (3, 1, 0)
2026-03-01 16:53:54,233 INFO sqlalchemy.engine.Engine SELECT attendance.id AS attendance_id, attendance.event_id AS attendance_event_id, attendance.participant_id AS attendance_participant_id, attendance.checked_in_at AS attendance_checked_in_at, attendance.check_in_method AS attendance_check_in_method, attendance.is_valid AS attendance_is_valid, attendance.validation_notes AS attendance_validation_notes, attendance.check_in_ip AS attendance_check_in_ip, attendance.check_in_device AS attendance_check_in_device 
FROM attendance 
WHERE attendance.participant_id = ? AND attendance.event_id = ?
 LIMIT ? OFFSET ?
2026-03-01 16:53:54,233 INFO sqlalchemy.engine.Engine [cached since 0.2175s ago] (22, 3, 1, 0)
2026-03-01 16:53:54,233 INFO sqlalchemy.engine.Engine UPDATE participants SET status=?, updated_at=? WHERE participants.id = ?
2026-03-01 16:53:54,233 INFO sqlalchemy.engine.Engine [cached since 0.2171s ago] ('ATTENDED', '2026-03-01 11:23:54.233619', 22)
2026-03-01 16:53:54,234 INFO sqlalchemy.engine.Engine INSERT INTO attendance (event_id, participant_id, checked_in_at, check_in_method, is_valid, validation_notes, check_in_ip, check_in_device) VALUES (?, ?, ?, ?, ?, ?, ?, ?)
2026-03-01 16:53:54,234 INFO sqlalchemy.engine.Engine [cached since 0.217s ago] (3, 22, '2026-03-01 11:23:54.233354', <AttendanceMethod.QR_CODE: 'QR_CODE'>, 1, 'QR code validated successfully', None, None)
2026-03-01 16:53:54,234 INFO sqlalchemy.engine.Engine COMMIT
2026-03-01 16:53:54 | INFO     | event_agent | [ATTENDANCE] QR check-in successful for participant 22, event 3
2026-03-01 16:53:54,238 INFO sqlalchemy.engine.Engine BEGIN (implicit)
2026-03-01 16:53:54,238 INFO sqlalchemy.engine.Engine SELECT events.id AS events_id, events.name AS events_name, events.description AS events_description, events.event_type AS events_event_type, events.state AS events_state, events.start_time AS events_start_time, events.end_time AS events_end_time, events.registration_deadline AS events_registration_deadline, events.venue AS events_venue, events.meeting_link AS events_meeting_link, events.max_participants AS events_max_participants, events.created_at AS events_created_at, events.updated_at AS events_updated_at, events.created_by AS events_created_by 
FROM events 
WHERE events.id = ?
2026-03-01 16:53:54,238 INFO sqlalchemy.engine.Engine [cached since 0.7677s ago] (3,)
2026-03-01 16:53:54,239 INFO sqlalchemy.engine.Engine SELECT participants.id AS participants_id, participants.event_id AS participants_event_id, participants.name AS participants_name, participants.email AS participants_email, participants.phone AS participants_phone, participants.status AS participants_status, participants.is_confirmed AS participants_is_confirmed, participants.confirmed_at AS participants_confirmed_at, participants.qr_token AS participants_qr_token, participants.otp AS participants_otp, participants.otp_expires_at AS participants_otp_expires_at, participants.registered_at AS participants_registered_at, participants.updated_at AS participants_updated_at 
FROM participants 
WHERE participants.id = ?
2026-03-01 16:53:54,239 INFO sqlalchemy.engine.Engine [cached since 0.7672s ago] (22,)
2026-03-01 16:53:54 | INFO     | event_agent | [ATTENDANCE] Grace Kim checked in to Event #3 'Stage 5 Test - Analytics Demo Event' via QR_CODE
2026-03-01 16:53:54,239 INFO sqlalchemy.engine.Engine SELECT attendance.id AS attendance_id, attendance.event_id AS attendance_event_id, attendance.participant_id AS attendance_participant_id, attendance.checked_in_at AS attendance_checked_in_at, attendance.check_in_method AS attendance_check_in_method, attendance.is_valid AS attendance_is_valid, attendance.validation_notes AS attendance_validation_notes, attendance.check_in_ip AS attendance_check_in_ip, attendance.check_in_device AS attendance_check_in_device 
FROM attendance 
WHERE attendance.id = ?
2026-03-01 16:53:54,239 INFO sqlalchemy.engine.Engine [cached since 0.2172s ago] (11,)
2026-03-01 16:53:54,240 INFO sqlalchemy.engine.Engine SELECT participants.id AS participants_id, participants.event_id AS participants_event_id, participants.name AS participants_name, participants.email AS participants_email, participants.phone AS participants_phone, participants.status AS participants_status, participants.is_confirmed AS participants_is_confirmed, participants.confirmed_at AS participants_confirmed_at, participants.qr_token AS participants_qr_token, participants.otp AS participants_otp, participants.otp_expires_at AS participants_otp_expires_at, participants.registered_at AS participants_registered_at, participants.updated_at AS participants_updated_at 
FROM participants 
WHERE participants.id = ?
 LIMIT ? OFFSET ?
2026-03-01 16:53:54,240 INFO sqlalchemy.engine.Engine [cached since 0.7674s ago] (24, 1, 0)
2026-03-01 16:53:54,278 INFO sqlalchemy.engine.Engine UPDATE participants SET qr_token=?, updated_at=? WHERE participants.id = ?
2026-03-01 16:53:54,278 INFO sqlalchemy.engine.Engine [cached since 0.8127s ago] ('eyJhbGciOiJIUzI1NiIsInR5cCI6IkpXVCJ9.eyJwYXJ0aWNpcGFudF9pZCI6MjQsImV2ZW50X2lkIjozLCJpc3N1ZWRfYXQiOiIyMDI2LTAzLTAxVDExOjIzOjU0LjI0MDg0NCswMDowMCIsImV4cGlyZXNfYXQiOiIyMDI2LTAzLTAyVDExOjIzOjU0LjI0MDg1MSswMDowMCIsInR5cGUiOiJhdHRlbmRhbmNlX3FyIn0.KSLjDkvbETBIRiKweks4Ua7fILrOEjupXMiGg4mEbuk', '2026-03-01 11:23:54.278445', 24)
2026-03-01 16:53:54,280 INFO sqlalchemy.engine.Engine COMMIT
2026-03-01 16:53:54 | INFO     | event_agent | [ATTENDANCE] Generated QR code for participant 24
2026-03-01 16:53:54,283 INFO sqlalchemy.engine.Engine BEGIN (implicit)
2026-03-01 16:53:54,283 INFO sqlalchemy.engine.Engine SELECT participants.id AS participants_id, participants.event_id AS participants_event_id, participants.name AS participants_name, participants.email AS participants_email, participants.phone AS participants_phone, participants.status AS participants_status, participants.is_confirmed AS participants_is_confirmed, participants.confirmed_at AS participants_confirmed_at, participants.qr_token AS participants_qr_token, participants.otp AS participants_otp, participants.otp_expires_at AS participants_otp_expires_at, participants.registered_at AS participants_registered_at, participants.updated_at AS participants_updated_at 
FROM participants 
WHERE participants.id = ?
2026-03-01 16:53:54,283 INFO sqlalchemy.engine.Engine [cached since 0.8118s ago] (24,)
2026-03-01 16:53:54,284 INFO sqlalchemy.engine.Engine SELECT participants.id AS participants_id, participants.event_id AS participants_event_id, participants.name AS participants_name, participants.email AS participants_email, participants.phone AS participants_phone, participants.status AS participants_status, participants.is_confirmed AS participants_is_confirmed, participants.confirmed_at AS participants_confirmed_at, participants.qr_token AS participants_qr_token, participants.otp AS participants_otp, participants.otp_expires_at AS participants_otp_expires_at, participants.registered_at AS participants_registered_at, participants.updated_at AS participants_updated_at 
FROM participants 
WHERE participants.id = ?
 LIMIT ? OFFSET ?
2026-03-01 16:53:54,284 INFO sqlalchemy.engine.Engine [cached since 0.8114s ago] (24, 1, 0)
2026-03-01 16:53:54,285 INFO sqlalchemy.engine.Engine SELECT events.id AS events_id, events.name AS events_name, events.description AS events_description, events.event_type AS events_event_type, events.state AS events_state, events.start_time AS events_start_time, events.end_time AS events_end_time, events.registration_deadline AS events_registration_deadline, events.venue AS events_venue, events.meeting_link AS events_meeting_link, events.max_participants AS events_max_participants, events.created_at AS events_created_at, events.updated_at AS events_updated_at, events.created_by AS events_created_by 
FROM events 
WHERE events.id = ?
 LIMIT ? OFFSET ?
2026-03-01 16:53:54,285 INFO sqlalchemy.engine.Engine [cached since 0.8849s ago] (3, 1, 0)
2026-03-01 16:53:54,285 INFO sqlalchemy.engine.Engine SELECT attendance.id AS attendance_id, attendance.event_id AS attendance_event_id, attendance.participant_id AS attendance_participant_id, attendance.checked_in_at AS attendance_checked_in_at, attendance.check_in_method AS attendance_check_in_method, attendance.is_valid AS attendance_is_valid, attendance.validation_notes AS attendance_validation_notes, attendance.check_in_ip AS attendance_check_in_ip, attendance.check_in_device AS attendance_check_in_device 
FROM attendance 
WHERE attendance.participant_id = ? AND attendance.event_id = ?
 LIMIT ? OFFSET ?
2026-03-01 16:53:54,285 INFO sqlalchemy.engine.Engine [cached since 0.2698s ago] (24, 3, 1, 0)
2026-03-01 16:53:54,286 INFO sqlalchemy.engine.Engine UPDATE participants SET status=?, updated_at=? WHERE participants.id = ?
2026-03-01 16:53:54,286 INFO sqlalchemy.engine.Engine [cached since 0.2695s ago] ('ATTENDED', '2026-03-01 11:23:54.286010', 24)
2026-03-01 16:53:54,286 INFO sqlalchemy.engine.Engine INSERT INTO attendance (event_id, participant_id, checked_in_at, check_in_method, is_valid, validation_notes, check_in_ip, check_in_device) VALUES (?, ?, ?, ?, ?, ?, ?, ?)
2026-03-01 16:53:54,286 INFO sqlalchemy.engine.Engine [cached since 0.2693s ago] (3, 24, '2026-03-01 11:23:54.285765', <AttendanceMethod.QR_CODE: 'QR_CODE'>, 1, 'QR code validated successfully', None, None)
2026-03-01 16:53:54,287 INFO sqlalchemy.engine.Engine COMMIT
2026-03-01 16:53:54 | INFO     | event_agent | [ATTENDANCE] QR check-in successful for participant 24, event 3
2026-03-01 16:53:54,291 INFO sqlalchemy.engine.Engine BEGIN (implicit)
2026-03-01 16:53:54,291 INFO sqlalchemy.engine.Engine SELECT events.id AS events_id, events.name AS events_name, events.description AS events_description, events.event_type AS events_event_type, events.state AS events_state, events.start_time AS events_start_time, events.end_time AS events_end_time, events.registration_deadline AS events_registration_deadline, events.venue AS events_venue, events.meeting_link AS events_meeting_link, events.max_participants AS events_max_participants, events.created_at AS events_created_at, events.updated_at AS events_updated_at, events.created_by AS events_created_by 
FROM events 
WHERE events.id = ?
2026-03-01 16:53:54,291 INFO sqlalchemy.engine.Engine [cached since 0.8204s ago] (3,)
2026-03-01 16:53:54,292 INFO sqlalchemy.engine.Engine SELECT participants.id AS participants_id, participants.event_id AS participants_event_id, participants.name AS participants_name, participants.email AS participants_email, participants.phone AS participants_phone, participants.status AS participants_status, participants.is_confirmed AS participants_is_confirmed, participants.confirmed_at AS participants_confirmed_at, participants.qr_token AS participants_qr_token, participants.otp AS participants_otp, participants.otp_expires_at AS participants_otp_expires_at, participants.registered_at AS participants_registered_at, participants.updated_at AS participants_updated_at 
FROM participants 
WHERE participants.id = ?
2026-03-01 16:53:54,292 INFO sqlalchemy.engine.Engine [cached since 0.82s ago] (24,)
2026-03-01 16:53:54 | INFO     | event_agent | [ATTENDANCE] Ivy Zhang checked in to Event #3 'Stage 5 Test - Analytics Demo Event' via QR_CODE
2026-03-01 16:53:54,292 INFO sqlalchemy.engine.Engine SELECT attendance.id AS attendance_id, attendance.event_id AS attendance_event_id, attendance.participant_id AS attendance_participant_id, attendance.checked_in_at AS attendance_checked_in_at, attendance.check_in_method AS attendance_check_in_method, attendance.is_valid AS attendance_is_valid, attendance.validation_notes AS attendance_validation_notes, attendance.check_in_ip AS attendance_check_in_ip, attendance.check_in_device AS attendance_check_in_device 
FROM attendance 
WHERE attendance.id = ?
2026-03-01 16:53:54,292 INFO sqlalchemy.engine.Engine [cached since 0.2698s ago] (12,)
[OK] Marked attendance for 6 participants
     - Expected no-shows: 2

============================================================
 TEST 6: Complete Event Lifecycle
============================================================
2026-03-01 16:53:54,292 INFO sqlalchemy.engine.Engine SELECT events.id AS events_id, events.name AS events_name, events.description AS events_description, events.event_type AS events_event_type, events.state AS events_state, events.start_time AS events_start_time, events.end_time AS events_end_time, events.registration_deadline AS events_registration_deadline, events.venue AS events_venue, events.meeting_link AS events_meeting_link, events.max_participants AS events_max_participants, events.created_at AS events_created_at, events.updated_at AS events_updated_at, events.created_by AS events_created_by 
FROM events 
WHERE events.id = ?
 LIMIT ? OFFSET ?
2026-03-01 16:53:54,293 INFO sqlalchemy.engine.Engine [cached since 0.8929s ago] (3, 1, 0)
2026-03-01 16:53:54 | INFO     | event_agent | [STATE_TRANSITION] Event #3 'Stage 5 Test - Analytics Demo Event' transitioned: ATTENDANCE_OPEN -> RUNNING | Reason: manual transition
2026-03-01 16:53:54,293 INFO sqlalchemy.engine.Engine UPDATE events SET state=?, updated_at=? WHERE events.id = ?
2026-03-01 16:53:54,293 INFO sqlalchemy.engine.Engine [cached since 0.8917s ago] ('RUNNING', '2026-03-01 11:23:54.293514', 3)
2026-03-01 16:53:54,294 INFO sqlalchemy.engine.Engine COMMIT
2026-03-01 16:53:54,297 INFO sqlalchemy.engine.Engine BEGIN (implicit)
2026-03-01 16:53:54,297 INFO sqlalchemy.engine.Engine SELECT events.id, events.name, events.description, events.event_type, events.state, events.start_time, events.end_time, events.registration_deadline, events.venue, events.meeting_link, events.max_participants, events.created_at, events.updated_at, events.created_by 
FROM events 
WHERE events.id = ?
2026-03-01 16:53:54,297 INFO sqlalchemy.engine.Engine [cached since 0.8992s ago] (3,)
2026-03-01 16:53:54 | INFO     | event_agent | Event 3 transitioned: ATTENDANCE_OPEN -> RUNNING (by manual)
[OK] Transitioned to RUNNING
2026-03-01 16:53:54,298 INFO sqlalchemy.engine.Engine SELECT events.id AS events_id, events.name AS events_name, events.description AS events_description, events.event_type AS events_event_type, events.state AS events_state, events.start_time AS events_start_time, events.end_time AS events_end_time, events.registration_deadline AS events_registration_deadline, events.venue AS events_venue, events.meeting_link AS events_meeting_link, events.max_participants AS events_max_participants, events.created_at AS events_created_at, events.updated_at AS events_updated_at, events.created_by AS events_created_by 
FROM events 
WHERE events.id = ?
 LIMIT ? OFFSET ?
2026-03-01 16:53:54,298 INFO sqlalchemy.engine.Engine [cached since 0.898s ago] (3, 1, 0)
2026-03-01 16:53:54 | INFO     | event_agent | [STATE_TRANSITION] Event #3 'Stage 5 Test - Analytics Demo Event' transitioned: RUNNING -> COMPLETED | Reason: manual transition
2026-03-01 16:53:54,298 INFO sqlalchemy.engine.Engine UPDATE events SET state=?, updated_at=? WHERE events.id = ?
2026-03-01 16:53:54,298 INFO sqlalchemy.engine.Engine [cached since 0.8969s ago] ('COMPLETED', '2026-03-01 11:23:54.298737', 3)
2026-03-01 16:53:54,299 INFO sqlalchemy.engine.Engine COMMIT
2026-03-01 16:53:54,302 INFO sqlalchemy.engine.Engine BEGIN (implicit)
2026-03-01 16:53:54,302 INFO sqlalchemy.engine.Engine SELECT events.id, events.name, events.description, events.event_type, events.state, events.start_time, events.end_time, events.registration_deadline, events.venue, events.meeting_link, events.max_participants, events.created_at, events.updated_at, events.created_by 
FROM events 
WHERE events.id = ?
2026-03-01 16:53:54,302 INFO sqlalchemy.engine.Engine [cached since 0.9045s ago] (3,)
2026-03-01 16:53:54 | INFO     | event_agent | Event 3 transitioned: RUNNING -> COMPLETED (by manual)
[OK] Transitioned to COMPLETED

============================================================
 TEST 7: Analytics Calculation
============================================================
2026-03-01 16:53:54,303 INFO sqlalchemy.engine.Engine SELECT events.id AS events_id, events.name AS events_name, events.description AS events_description, events.event_type AS events_event_type, events.state AS events_state, events.start_time AS events_start_time, events.end_time AS events_end_time, events.registration_deadline AS events_registration_deadline, events.venue AS events_venue, events.meeting_link AS events_meeting_link, events.max_participants AS events_max_participants, events.created_at AS events_created_at, events.updated_at AS events_updated_at, events.created_by AS events_created_by 
FROM events 
WHERE events.id = ?
 LIMIT ? OFFSET ?
2026-03-01 16:53:54,303 INFO sqlalchemy.engine.Engine [cached since 0.9033s ago] (3, 1, 0)
2026-03-01 16:53:54,304 INFO sqlalchemy.engine.Engine SELECT count(*) AS count_1 
FROM (SELECT participants.id AS participants_id, participants.event_id AS participants_event_id, participants.name AS participants_name, participants.email AS participants_email, participants.phone AS participants_phone, participants.status AS participants_status, participants.is_confirmed AS participants_is_confirmed, participants.confirmed_at AS participants_confirmed_at, participants.qr_token AS participants_qr_token, participants.otp AS participants_otp, participants.otp_expires_at AS participants_otp_expires_at, participants.registered_at AS participants_registered_at, participants.updated_at AS participants_updated_at 
FROM participants 
WHERE participants.event_id = ? AND participants.status != ?) AS anon_1
2026-03-01 16:53:54,305 INFO sqlalchemy.engine.Engine [generated in 0.00011s] (3, 'CANCELLED')
2026-03-01 16:53:54,306 INFO sqlalchemy.engine.Engine SELECT count(*) AS count_1 
FROM (SELECT participants.id AS participants_id, participants.event_id AS participants_event_id, participants.name AS participants_name, participants.email AS participants_email, participants.phone AS participants_phone, participants.status AS participants_status, participants.is_confirmed AS participants_is_confirmed, participants.confirmed_at AS participants_confirmed_at, participants.qr_token AS participants_qr_token, participants.otp AS participants_otp, participants.otp_expires_at AS participants_otp_expires_at, participants.registered_at AS participants_registered_at, participants.updated_at AS participants_updated_at 
FROM participants 
WHERE participants.event_id = ? AND participants.is_confirmed = 1) AS anon_1
2026-03-01 16:53:54,306 INFO sqlalchemy.engine.Engine [generated in 0.00011s] (3,)
2026-03-01 16:53:54,307 INFO sqlalchemy.engine.Engine SELECT count(*) AS count_1 
FROM (SELECT attendance.id AS attendance_id, attendance.event_id AS attendance_event_id, attendance.participant_id AS attendance_participant_id, attendance.checked_in_at AS attendance_checked_in_at, attendance.check_in_method AS attendance_check_in_method, attendance.is_valid AS attendance_is_valid, attendance.validation_notes AS attendance_validation_notes, attendance.check_in_ip AS attendance_check_in_ip, attendance.check_in_device AS attendance_check_in_device 
FROM attendance 
WHERE attendance.event_id = ? AND attendance.is_valid = 1) AS anon_1
2026-03-01 16:53:54,307 INFO sqlalchemy.engine.Engine [generated in 0.00014s] (3,)
2026-03-01 16:53:54,309 INFO sqlalchemy.engine.Engine SELECT count(*) AS count_1 
FROM (SELECT participants.id AS participants_id, participants.event_id AS participants_event_id, participants.name AS participants_name, participants.email AS participants_email, participants.phone AS participants_phone, participants.status AS participants_status, participants.is_confirmed AS participants_is_confirmed, participants.confirmed_at AS participants_confirmed_at, participants.qr_token AS participants_qr_token, participants.otp AS participants_otp, participants.otp_expires_at AS participants_otp_expires_at, participants.registered_at AS participants_registered_at, participants.updated_at AS participants_updated_at 
FROM participants 
WHERE participants.event_id = ?) AS anon_1
2026-03-01 16:53:54,309 INFO sqlalchemy.engine.Engine [generated in 0.00012s] (3,)
2026-03-01 16:53:54,310 INFO sqlalchemy.engine.Engine SELECT participants.id AS participants_id, participants.event_id AS participants_event_id, participants.name AS participants_name, participants.email AS participants_email, participants.phone AS participants_phone, participants.status AS participants_status, participants.is_confirmed AS participants_is_confirmed, participants.confirmed_at AS participants_confirmed_at, participants.qr_token AS participants_qr_token, participants.otp AS participants_otp, participants.otp_expires_at AS participants_otp_expires_at, participants.registered_at AS participants_registered_at, participants.updated_at AS participants_updated_at 
FROM participants 
WHERE participants.event_id = ? AND participants.is_confirmed = 1 AND participants.confirmed_at IS NOT NULL
2026-03-01 16:53:54,310 INFO sqlalchemy.engine.Engine [generated in 0.00012s] (3,)
2026-03-01 16:53:54 | INFO     | event_agent | [ANALYTICS] Calculated for event 3: Attendance=60.0%, Engagement=68.0, Category=GOOD
[OK] Analytics calculated:
     Total Registered: 10
     Total Confirmed: 8 (80.0%)
     Total Attended: 6 (60.0%)
     No-shows: 2 (25.0%)
     Engagement Score: 68.0/100
     Performance: GOOD
[PASS] All calculations correct!

============================================================
 TEST 8: Save Analytics to Database
============================================================
2026-03-01 16:53:54,312 INFO sqlalchemy.engine.Engine SELECT analytics.id AS analytics_id, analytics.event_id AS analytics_event_id, analytics.total_registered AS analytics_total_registered, analytics.total_confirmed AS analytics_total_confirmed, analytics.confirmation_rate AS analytics_confirmation_rate, analytics.total_attended AS analytics_total_attended, analytics.attendance_rate AS analytics_attendance_rate, analytics.no_show_count AS analytics_no_show_count, analytics.no_show_rate AS analytics_no_show_rate, analytics.registration_to_attendance_rate AS analytics_registration_to_attendance_rate, analytics.engagement_score AS analytics_engagement_score, analytics.avg_confirmation_time_hours AS analytics_avg_confirmation_time_hours, analytics.additional_metrics AS analytics_additional_metrics, analytics.ai_insights AS analytics_ai_insights, analytics.generated_at AS analytics_generated_at, analytics.updated_at AS analytics_updated_at 
FROM analytics 
WHERE analytics.event_id = ?
 LIMIT ? OFFSET ?
2026-03-01 16:53:54,312 INFO sqlalchemy.engine.Engine [generated in 0.00016s] (3, 1, 0)
2026-03-01 16:53:54,314 INFO sqlalchemy.engine.Engine INSERT INTO analytics (event_id, total_registered, total_confirmed, confirmation_rate, total_attended, attendance_rate, no_show_count, no_show_rate, registration_to_attendance_rate, engagement_score, avg_confirmation_time_hours, generated_at, updated_at) VALUES (?, ?, ?, ?, ?, ?, ?, ?, ?, ?, ?, ?, ?)
2026-03-01 16:53:54,314 INFO sqlalchemy.engine.Engine [generated in 0.00020s] (3, 10, 8, 0.0, 6, 60.0, 2, 0.0, 0.0, 68.0, None, '2026-03-01 11:23:54.314409', '2026-03-01 11:23:54.314413')
2026-03-01 16:53:54,315 INFO sqlalchemy.engine.Engine COMMIT
2026-03-01 16:53:54,319 INFO sqlalchemy.engine.Engine BEGIN (implicit)
2026-03-01 16:53:54,319 INFO sqlalchemy.engine.Engine SELECT analytics.id, analytics.event_id, analytics.total_registered, analytics.total_confirmed, analytics.confirmation_rate, analytics.total_attended, analytics.attendance_rate, analytics.no_show_count, analytics.no_show_rate, analytics.registration_to_attendance_rate, analytics.engagement_score, analytics.avg_confirmation_time_hours, analytics.additional_metrics, analytics.ai_insights, analytics.generated_at, analytics.updated_at 
FROM analytics 
WHERE analytics.id = ?
2026-03-01 16:53:54,320 INFO sqlalchemy.engine.Engine [generated in 0.00015s] (3,)
2026-03-01 16:53:54 | INFO     | event_agent | [ANALYTICS] Analytics record created for event 3
[OK] Analytics saved (action: created)
2026-03-01 16:53:54,320 INFO sqlalchemy.engine.Engine SELECT analytics.id AS analytics_id, analytics.event_id AS analytics_event_id, analytics.total_registered AS analytics_total_registered, analytics.total_confirmed AS analytics_total_confirmed, analytics.confirmation_rate AS analytics_confirmation_rate, analytics.total_attended AS analytics_total_attended, analytics.attendance_rate AS analytics_attendance_rate, analytics.no_show_count AS analytics_no_show_count, analytics.no_show_rate AS analytics_no_show_rate, analytics.registration_to_attendance_rate AS analytics_registration_to_attendance_rate, analytics.engagement_score AS analytics_engagement_score, analytics.avg_confirmation_time_hours AS analytics_avg_confirmation_time_hours, analytics.additional_metrics AS analytics_additional_metrics, analytics.ai_insights AS analytics_ai_insights, analytics.generated_at AS analytics_generated_at, analytics.updated_at AS analytics_updated_at 
FROM analytics 
WHERE analytics.event_id = ?
 LIMIT ? OFFSET ?
2026-03-01 16:53:54,320 INFO sqlalchemy.engine.Engine [cached since 0.008152s ago] (3, 1, 0)
[OK] Analytics retrieved from database

============================================================
 TEST 9: AI Insights Generation
============================================================
2026-03-01 16:53:54 | WARNING  | event_agent | [INSIGHTS] openai library not installed - insights will be rule-based
2026-03-01 16:53:54 | INFO     | event_agent | [INSIGHTS] Rule-based insights generated for event 3
[OK] Insights generated (source: RULE_BASED)

Summary:
  Event achieved 60.0% attendance rate with 68.0/100 engagement score. Performance category: GOOD.

Strengths (1):
  1. High confirmation rate indicates effective communication

Recommendations (2):
  1. Send confirmation reminders 24 hours before event and require double opt-in
  2. Expand marketing efforts to increase registration numbers

============================================================
 TEST 10: Save Insights to Database
============================================================
2026-03-01 16:53:54,321 INFO sqlalchemy.engine.Engine SELECT analytics.id AS analytics_id, analytics.event_id AS analytics_event_id, analytics.total_registered AS analytics_total_registered, analytics.total_confirmed AS analytics_total_confirmed, analytics.confirmation_rate AS analytics_confirmation_rate, analytics.total_attended AS analytics_total_attended, analytics.attendance_rate AS analytics_attendance_rate, analytics.no_show_count AS analytics_no_show_count, analytics.no_show_rate AS analytics_no_show_rate, analytics.registration_to_attendance_rate AS analytics_registration_to_attendance_rate, analytics.engagement_score AS analytics_engagement_score, analytics.avg_confirmation_time_hours AS analytics_avg_confirmation_time_hours, analytics.additional_metrics AS analytics_additional_metrics, analytics.ai_insights AS analytics_ai_insights, analytics.generated_at AS analytics_generated_at, analytics.updated_at AS analytics_updated_at 
FROM analytics 
WHERE analytics.event_id = ?
 LIMIT ? OFFSET ?
2026-03-01 16:53:54,321 INFO sqlalchemy.engine.Engine [cached since 0.008774s ago] (3, 1, 0)
2026-03-01 16:53:54,322 INFO sqlalchemy.engine.Engine UPDATE analytics SET ai_insights=?, updated_at=? WHERE analytics.id = ?
2026-03-01 16:53:54,322 INFO sqlalchemy.engine.Engine [generated in 0.00010s] ('"{\\"summary\\": \\"Event achieved 60.0% attendance rate with 68.0/100 engagement score. Performance category: GOOD.\\", \\"strengths\\": [\\"High co ... (101 characters truncated) ... \\"Send confirmation reminders 24 hours before event and require double opt-in\\", \\"Expand marketing efforts to increase registration numbers\\"]}"', '2026-03-01 11:23:54.321731', 3)
2026-03-01 16:53:54,322 INFO sqlalchemy.engine.Engine COMMIT
2026-03-01 16:53:54 | INFO     | event_agent | [INSIGHTS] Saved insights to analytics record for event 3
[OK] Insights saved to analytics record

============================================================
 TEST 11: Formatted Insights Output
============================================================

AI Insights Report (Source: RULE_BASED)
============================================================

SUMMARY:
Event achieved 60.0% attendance rate with 68.0/100 engagement score. Performance category: GOOD.

STRENGTHS:
  1. High confirmation rate indicates effective communication

RECOMMENDATIONS:
  1. Send confirmation reminders 24 hours before event and require double opt-in
  2. Expand marketing efforts to increase registration numbers

============================================================
[OK] Insights formatted successfully

============================================================
 TEST 12: Event Comparison
============================================================
2026-03-01 16:53:54,326 INFO sqlalchemy.engine.Engine BEGIN (implicit)
2026-03-01 16:53:54,326 INFO sqlalchemy.engine.Engine INSERT INTO events (name, description, event_type, state, start_time, end_time, registration_deadline, venue, meeting_link, max_participants, created_at, updated_at, created_by) VALUES (?, ?, ?, ?, ?, ?, ?, ?, ?, ?, ?, ?, ?)
2026-03-01 16:53:54,326 INFO sqlalchemy.engine.Engine [cached since 0.9344s ago] ('Comparison Event', 'Second event for comparison', 'ONLINE', 'CREATED', '2026-03-01 10:23:54.326197', '2026-03-01 11:23:54.326197', None, None, 'https://meet.google.com/test', None, '2026-03-01 11:23:54.326601', '2026-03-01 11:23:54.326603', None)
2026-03-01 16:53:54,327 INFO sqlalchemy.engine.Engine COMMIT
2026-03-01 16:53:54,330 INFO sqlalchemy.engine.Engine BEGIN (implicit)
2026-03-01 16:53:54,330 INFO sqlalchemy.engine.Engine SELECT events.id, events.name, events.description, events.event_type, events.state, events.start_time, events.end_time, events.registration_deadline, events.venue, events.meeting_link, events.max_participants, events.created_at, events.updated_at, events.created_by 
FROM events 
WHERE events.id = ?
2026-03-01 16:53:54,330 INFO sqlalchemy.engine.Engine [cached since 0.9323s ago] (4,)
2026-03-01 16:53:54 | INFO     | event_agent | Event created: Comparison Event (ID: 4, Type: ONLINE)
2026-03-01 16:53:54 | INFO     | event_agent | [AGENT] Agent decision: Event 'Comparison Event' created in CREATED state | Reasoning: New ONLINE event scheduled for 2026-03-01 10:23
2026-03-01 16:53:54,331 INFO sqlalchemy.engine.Engine SELECT events.id AS events_id, events.name AS events_name, events.description AS events_description, events.event_type AS events_event_type, events.state AS events_state, events.start_time AS events_start_time, events.end_time AS events_end_time, events.registration_deadline AS events_registration_deadline, events.venue AS events_venue, events.meeting_link AS events_meeting_link, events.max_participants AS events_max_participants, events.created_at AS events_created_at, events.updated_at AS events_updated_at, events.created_by AS events_created_by 
FROM events 
WHERE events.id = ?
 LIMIT ? OFFSET ?
2026-03-01 16:53:54,331 INFO sqlalchemy.engine.Engine [cached since 0.9311s ago] (4, 1, 0)
2026-03-01 16:53:54 | INFO     | event_agent | [STATE_TRANSITION] Event #4 'Comparison Event' transitioned: CREATED -> REGISTRATION_OPEN | Reason: manual transition
2026-03-01 16:53:54,331 INFO sqlalchemy.engine.Engine UPDATE events SET state=?, updated_at=? WHERE events.id = ?
2026-03-01 16:53:54,331 INFO sqlalchemy.engine.Engine [cached since 0.9299s ago] ('REGISTRATION_OPEN', '2026-03-01 11:23:54.331777', 4)
2026-03-01 16:53:54,332 INFO sqlalchemy.engine.Engine COMMIT
2026-03-01 16:53:54,335 INFO sqlalchemy.engine.Engine BEGIN (implicit)
2026-03-01 16:53:54,335 INFO sqlalchemy.engine.Engine SELECT events.id, events.name, events.description, events.event_type, events.state, events.start_time, events.end_time, events.registration_deadline, events.venue, events.meeting_link, events.max_participants, events.created_at, events.updated_at, events.created_by 
FROM events 
WHERE events.id = ?
2026-03-01 16:53:54,335 INFO sqlalchemy.engine.Engine [cached since 0.9373s ago] (4,)
2026-03-01 16:53:54 | INFO     | event_agent | Event 4 transitioned: CREATED -> REGISTRATION_OPEN (by manual)
2026-03-01 16:53:54,336 INFO sqlalchemy.engine.Engine SELECT events.id AS events_id, events.name AS events_name, events.description AS events_description, events.event_type AS events_event_type, events.state AS events_state, events.start_time AS events_start_time, events.end_time AS events_end_time, events.registration_deadline AS events_registration_deadline, events.venue AS events_venue, events.meeting_link AS events_meeting_link, events.max_participants AS events_max_participants, events.created_at AS events_created_at, events.updated_at AS events_updated_at, events.created_by AS events_created_by 
FROM events 
WHERE events.id = ?
 LIMIT ? OFFSET ?
2026-03-01 16:53:54,336 INFO sqlalchemy.engine.Engine [cached since 0.9361s ago] (4, 1, 0)
2026-03-01 16:53:54,336 INFO sqlalchemy.engine.Engine SELECT participants.id AS participants_id, participants.event_id AS participants_event_id, participants.name AS participants_name, participants.email AS participants_email, participants.phone AS participants_phone, participants.status AS participants_status, participants.is_confirmed AS participants_is_confirmed, participants.confirmed_at AS participants_confirmed_at, participants.qr_token AS participants_qr_token, participants.otp AS participants_otp, participants.otp_expires_at AS participants_otp_expires_at, participants.registered_at AS participants_registered_at, participants.updated_at AS participants_updated_at 
FROM participants 
WHERE participants.event_id = ? AND participants.email = ? AND participants.status != ?
 LIMIT ? OFFSET ?
2026-03-01 16:53:54,336 INFO sqlalchemy.engine.Engine [cached since 0.9258s ago] (4, 'user0@test.com', 'CANCELLED', 1, 0)
2026-03-01 16:53:54,337 INFO sqlalchemy.engine.Engine INSERT INTO participants (event_id, name, email, phone, status, is_confirmed, confirmed_at, qr_token, otp, otp_expires_at, registered_at, updated_at) VALUES (?, ?, ?, ?, ?, ?, ?, ?, ?, ?, ?, ?)
2026-03-01 16:53:54,337 INFO sqlalchemy.engine.Engine [cached since 0.9251s ago] (4, 'User0', 'user0@test.com', None, 'REGISTERED', 0, None, None, None, None, '2026-03-01 11:23:54.337381', '2026-03-01 11:23:54.337384')
2026-03-01 16:53:54,338 INFO sqlalchemy.engine.Engine COMMIT
2026-03-01 16:53:54,341 INFO sqlalchemy.engine.Engine BEGIN (implicit)
2026-03-01 16:53:54,341 INFO sqlalchemy.engine.Engine SELECT participants.id, participants.event_id, participants.name, participants.email, participants.phone, participants.status, participants.is_confirmed, participants.confirmed_at, participants.qr_token, participants.otp, participants.otp_expires_at, participants.registered_at, participants.updated_at 
FROM participants 
WHERE participants.id = ?
2026-03-01 16:53:54,341 INFO sqlalchemy.engine.Engine [cached since 0.9237s ago] (26,)
2026-03-01 16:53:54,378 INFO sqlalchemy.engine.Engine UPDATE participants SET qr_token=?, updated_at=? WHERE participants.id = ?
2026-03-01 16:53:54,379 INFO sqlalchemy.engine.Engine [cached since 0.9132s ago] ('eyJhbGciOiJIUzI1NiIsInR5cCI6IkpXVCJ9.eyJwYXJ0aWNpcGFudF9pZCI6MjYsImV2ZW50X2lkIjo0LCJpc3N1ZWRfYXQiOiIyMDI2LTAzLTAxVDExOjIzOjU0LjM0MTk3NSswMDowMCIsImV4cGlyZXNfYXQiOiIyMDI2LTAzLTAyVDExOjIzOjU0LjM0MTk4MyswMDowMCIsInR5cGUiOiJhdHRlbmRhbmNlX3FyIn0.F9xAfCrMpm-CPI5b5kYdPqllTkaQC9X0JZvhLi7-mUY', '2026-03-01 11:23:54.378869', 26)
2026-03-01 16:53:54,380 INFO sqlalchemy.engine.Engine COMMIT
2026-03-01 16:53:54,384 INFO sqlalchemy.engine.Engine BEGIN (implicit)
2026-03-01 16:53:54,384 INFO sqlalchemy.engine.Engine SELECT events.id AS events_id, events.name AS events_name, events.description AS events_description, events.event_type AS events_event_type, events.state AS events_state, events.start_time AS events_start_time, events.end_time AS events_end_time, events.registration_deadline AS events_registration_deadline, events.venue AS events_venue, events.meeting_link AS events_meeting_link, events.max_participants AS events_max_participants, events.created_at AS events_created_at, events.updated_at AS events_updated_at, events.created_by AS events_created_by 
FROM events 
WHERE events.id = ?
2026-03-01 16:53:54,384 INFO sqlalchemy.engine.Engine [cached since 0.9136s ago] (4,)
2026-03-01 16:53:54 | INFO     | event_agent | [EMAIL] [SIMULATED] To: user0@test.com | Subject: Registration Confirmed: Comparison Event
2026-03-01 16:53:54 | INFO     | event_agent | [REGISTRATION] New registration for Event #4 'Comparison Event': User0 (user0@test.com)
2026-03-01 16:53:54,385 INFO sqlalchemy.engine.Engine SELECT participants.id AS participants_id, participants.event_id AS participants_event_id, participants.name AS participants_name, participants.email AS participants_email, participants.phone AS participants_phone, participants.status AS participants_status, participants.is_confirmed AS participants_is_confirmed, participants.confirmed_at AS participants_confirmed_at, participants.qr_token AS participants_qr_token, participants.otp AS participants_otp, participants.otp_expires_at AS participants_otp_expires_at, participants.registered_at AS participants_registered_at, participants.updated_at AS participants_updated_at 
FROM participants 
WHERE participants.id = ?
2026-03-01 16:53:54,385 INFO sqlalchemy.engine.Engine [cached since 0.9132s ago] (26,)
2026-03-01 16:53:54,385 INFO sqlalchemy.engine.Engine SELECT events.id AS events_id, events.name AS events_name, events.description AS events_description, events.event_type AS events_event_type, events.state AS events_state, events.start_time AS events_start_time, events.end_time AS events_end_time, events.registration_deadline AS events_registration_deadline, events.venue AS events_venue, events.meeting_link AS events_meeting_link, events.max_participants AS events_max_participants, events.created_at AS events_created_at, events.updated_at AS events_updated_at, events.created_by AS events_created_by 
FROM events 
WHERE events.id = ?
 LIMIT ? OFFSET ?
2026-03-01 16:53:54,385 INFO sqlalchemy.engine.Engine [cached since 0.9857s ago] (4, 1, 0)
2026-03-01 16:53:54,386 INFO sqlalchemy.engine.Engine SELECT participants.id AS participants_id, participants.event_id AS participants_event_id, participants.name AS participants_name, participants.email AS participants_email, participants.phone AS participants_phone, participants.status AS participants_status, participants.is_confirmed AS participants_is_confirmed, participants.confirmed_at AS participants_confirmed_at, participants.qr_token AS participants_qr_token, participants.otp AS participants_otp, participants.otp_expires_at AS participants_otp_expires_at, participants.registered_at AS participants_registered_at, participants.updated_at AS participants_updated_at 
FROM participants 
WHERE participants.event_id = ? AND participants.email = ? AND participants.status != ?
 LIMIT ? OFFSET ?
2026-03-01 16:53:54,386 INFO sqlalchemy.engine.Engine [cached since 0.9758s ago] (4, 'user1@test.com', 'CANCELLED', 1, 0)
2026-03-01 16:53:54,388 INFO sqlalchemy.engine.Engine INSERT INTO participants (event_id, name, email, phone, status, is_confirmed, confirmed_at, qr_token, otp, otp_expires_at, registered_at, updated_at) VALUES (?, ?, ?, ?, ?, ?, ?, ?, ?, ?, ?, ?)
2026-03-01 16:53:54,388 INFO sqlalchemy.engine.Engine [cached since 0.9758s ago] (4, 'User1', 'user1@test.com', None, 'REGISTERED', 0, None, None, None, None, '2026-03-01 11:23:54.388059', '2026-03-01 11:23:54.388061')
2026-03-01 16:53:54,389 INFO sqlalchemy.engine.Engine COMMIT
2026-03-01 16:53:54,392 INFO sqlalchemy.engine.Engine BEGIN (implicit)
2026-03-01 16:53:54,392 INFO sqlalchemy.engine.Engine SELECT participants.id, participants.event_id, participants.name, participants.email, participants.phone, participants.status, participants.is_confirmed, participants.confirmed_at, participants.qr_token, participants.otp, participants.otp_expires_at, participants.registered_at, participants.updated_at 
FROM participants 
WHERE participants.id = ?
2026-03-01 16:53:54,392 INFO sqlalchemy.engine.Engine [cached since 0.975s ago] (27,)
2026-03-01 16:53:54,431 INFO sqlalchemy.engine.Engine UPDATE participants SET qr_token=?, updated_at=? WHERE participants.id = ?
2026-03-01 16:53:54,431 INFO sqlalchemy.engine.Engine [cached since 0.9653s ago] ('eyJhbGciOiJIUzI1NiIsInR5cCI6IkpXVCJ9.eyJwYXJ0aWNpcGFudF9pZCI6MjcsImV2ZW50X2lkIjo0LCJpc3N1ZWRfYXQiOiIyMDI2LTAzLTAxVDExOjIzOjU0LjM5MzM1NiswMDowMCIsImV4cGlyZXNfYXQiOiIyMDI2LTAzLTAyVDExOjIzOjU0LjM5MzM2NSswMDowMCIsInR5cGUiOiJhdHRlbmRhbmNlX3FyIn0.auzYtTRhGpUVLqtNM2sYoIWaEX8GNBGZuZv6R05D5Ls', '2026-03-01 11:23:54.430967', 27)
2026-03-01 16:53:54,433 INFO sqlalchemy.engine.Engine COMMIT
2026-03-01 16:53:54,436 INFO sqlalchemy.engine.Engine BEGIN (implicit)
2026-03-01 16:53:54,436 INFO sqlalchemy.engine.Engine SELECT events.id AS events_id, events.name AS events_name, events.description AS events_description, events.event_type AS events_event_type, events.state AS events_state, events.start_time AS events_start_time, events.end_time AS events_end_time, events.registration_deadline AS events_registration_deadline, events.venue AS events_venue, events.meeting_link AS events_meeting_link, events.max_participants AS events_max_participants, events.created_at AS events_created_at, events.updated_at AS events_updated_at, events.created_by AS events_created_by 
FROM events 
WHERE events.id = ?
2026-03-01 16:53:54,436 INFO sqlalchemy.engine.Engine [cached since 0.966s ago] (4,)
2026-03-01 16:53:54 | INFO     | event_agent | [EMAIL] [SIMULATED] To: user1@test.com | Subject: Registration Confirmed: Comparison Event
2026-03-01 16:53:54 | INFO     | event_agent | [REGISTRATION] New registration for Event #4 'Comparison Event': User1 (user1@test.com)
2026-03-01 16:53:54,437 INFO sqlalchemy.engine.Engine SELECT participants.id AS participants_id, participants.event_id AS participants_event_id, participants.name AS participants_name, participants.email AS participants_email, participants.phone AS participants_phone, participants.status AS participants_status, participants.is_confirmed AS participants_is_confirmed, participants.confirmed_at AS participants_confirmed_at, participants.qr_token AS participants_qr_token, participants.otp AS participants_otp, participants.otp_expires_at AS participants_otp_expires_at, participants.registered_at AS participants_registered_at, participants.updated_at AS participants_updated_at 
FROM participants 
WHERE participants.id = ?
2026-03-01 16:53:54,437 INFO sqlalchemy.engine.Engine [cached since 0.9655s ago] (27,)
2026-03-01 16:53:54,438 INFO sqlalchemy.engine.Engine SELECT events.id AS events_id, events.name AS events_name, events.description AS events_description, events.event_type AS events_event_type, events.state AS events_state, events.start_time AS events_start_time, events.end_time AS events_end_time, events.registration_deadline AS events_registration_deadline, events.venue AS events_venue, events.meeting_link AS events_meeting_link, events.max_participants AS events_max_participants, events.created_at AS events_created_at, events.updated_at AS events_updated_at, events.created_by AS events_created_by 
FROM events 
WHERE events.id = ?
 LIMIT ? OFFSET ?
2026-03-01 16:53:54,438 INFO sqlalchemy.engine.Engine [cached since 1.038s ago] (4, 1, 0)
2026-03-01 16:53:54,438 INFO sqlalchemy.engine.Engine SELECT participants.id AS participants_id, participants.event_id AS participants_event_id, participants.name AS participants_name, participants.email AS participants_email, participants.phone AS participants_phone, participants.status AS participants_status, participants.is_confirmed AS participants_is_confirmed, participants.confirmed_at AS participants_confirmed_at, participants.qr_token AS participants_qr_token, participants.otp AS participants_otp, participants.otp_expires_at AS participants_otp_expires_at, participants.registered_at AS participants_registered_at, participants.updated_at AS participants_updated_at 
FROM participants 
WHERE participants.event_id = ? AND participants.email = ? AND participants.status != ?
 LIMIT ? OFFSET ?
2026-03-01 16:53:54,438 INFO sqlalchemy.engine.Engine [cached since 1.027s ago] (4, 'user2@test.com', 'CANCELLED', 1, 0)
2026-03-01 16:53:54,439 INFO sqlalchemy.engine.Engine INSERT INTO participants (event_id, name, email, phone, status, is_confirmed, confirmed_at, qr_token, otp, otp_expires_at, registered_at, updated_at) VALUES (?, ?, ?, ?, ?, ?, ?, ?, ?, ?, ?, ?)
2026-03-01 16:53:54,439 INFO sqlalchemy.engine.Engine [cached since 1.027s ago] (4, 'User2', 'user2@test.com', None, 'REGISTERED', 0, None, None, None, None, '2026-03-01 11:23:54.439009', '2026-03-01 11:23:54.439011')
2026-03-01 16:53:54,439 INFO sqlalchemy.engine.Engine COMMIT
2026-03-01 16:53:54,442 INFO sqlalchemy.engine.Engine BEGIN (implicit)
2026-03-01 16:53:54,443 INFO sqlalchemy.engine.Engine SELECT participants.id, participants.event_id, participants.name, participants.email, participants.phone, participants.status, participants.is_confirmed, participants.confirmed_at, participants.qr_token, participants.otp, participants.otp_expires_at, participants.registered_at, participants.updated_at 
FROM participants 
WHERE participants.id = ?
2026-03-01 16:53:54,443 INFO sqlalchemy.engine.Engine [cached since 1.025s ago] (28,)
2026-03-01 16:53:54,479 INFO sqlalchemy.engine.Engine UPDATE participants SET qr_token=?, updated_at=? WHERE participants.id = ?
2026-03-01 16:53:54,479 INFO sqlalchemy.engine.Engine [cached since 1.014s ago] ('eyJhbGciOiJIUzI1NiIsInR5cCI6IkpXVCJ9.eyJwYXJ0aWNpcGFudF9pZCI6MjgsImV2ZW50X2lkIjo0LCJpc3N1ZWRfYXQiOiIyMDI2LTAzLTAxVDExOjIzOjU0LjQ0MzMyNSswMDowMCIsImV4cGlyZXNfYXQiOiIyMDI2LTAzLTAyVDExOjIzOjU0LjQ0MzMzMSswMDowMCIsInR5cGUiOiJhdHRlbmRhbmNlX3FyIn0.d_Q6LEk0pqANCY7oAD96UxGscWNCUBCHZMx-sC3InCQ', '2026-03-01 11:23:54.479620', 28)
2026-03-01 16:53:54,481 INFO sqlalchemy.engine.Engine COMMIT
2026-03-01 16:53:54,484 INFO sqlalchemy.engine.Engine BEGIN (implicit)
2026-03-01 16:53:54,484 INFO sqlalchemy.engine.Engine SELECT events.id AS events_id, events.name AS events_name, events.description AS events_description, events.event_type AS events_event_type, events.state AS events_state, events.start_time AS events_start_time, events.end_time AS events_end_time, events.registration_deadline AS events_registration_deadline, events.venue AS events_venue, events.meeting_link AS events_meeting_link, events.max_participants AS events_max_participants, events.created_at AS events_created_at, events.updated_at AS events_updated_at, events.created_by AS events_created_by 
FROM events 
WHERE events.id = ?
2026-03-01 16:53:54,484 INFO sqlalchemy.engine.Engine [cached since 1.014s ago] (4,)
2026-03-01 16:53:54 | INFO     | event_agent | [EMAIL] [SIMULATED] To: user2@test.com | Subject: Registration Confirmed: Comparison Event
2026-03-01 16:53:54 | INFO     | event_agent | [REGISTRATION] New registration for Event #4 'Comparison Event': User2 (user2@test.com)
2026-03-01 16:53:54,485 INFO sqlalchemy.engine.Engine SELECT participants.id AS participants_id, participants.event_id AS participants_event_id, participants.name AS participants_name, participants.email AS participants_email, participants.phone AS participants_phone, participants.status AS participants_status, participants.is_confirmed AS participants_is_confirmed, participants.confirmed_at AS participants_confirmed_at, participants.qr_token AS participants_qr_token, participants.otp AS participants_otp, participants.otp_expires_at AS participants_otp_expires_at, participants.registered_at AS participants_registered_at, participants.updated_at AS participants_updated_at 
FROM participants 
WHERE participants.id = ?
2026-03-01 16:53:54,485 INFO sqlalchemy.engine.Engine [cached since 1.013s ago] (28,)
2026-03-01 16:53:54,485 INFO sqlalchemy.engine.Engine SELECT events.id AS events_id, events.name AS events_name, events.description AS events_description, events.event_type AS events_event_type, events.state AS events_state, events.start_time AS events_start_time, events.end_time AS events_end_time, events.registration_deadline AS events_registration_deadline, events.venue AS events_venue, events.meeting_link AS events_meeting_link, events.max_participants AS events_max_participants, events.created_at AS events_created_at, events.updated_at AS events_updated_at, events.created_by AS events_created_by 
FROM events 
WHERE events.id = ?
 LIMIT ? OFFSET ?
2026-03-01 16:53:54,485 INFO sqlalchemy.engine.Engine [cached since 1.086s ago] (4, 1, 0)
2026-03-01 16:53:54,486 INFO sqlalchemy.engine.Engine SELECT participants.id AS participants_id, participants.event_id AS participants_event_id, participants.name AS participants_name, participants.email AS participants_email, participants.phone AS participants_phone, participants.status AS participants_status, participants.is_confirmed AS participants_is_confirmed, participants.confirmed_at AS participants_confirmed_at, participants.qr_token AS participants_qr_token, participants.otp AS participants_otp, participants.otp_expires_at AS participants_otp_expires_at, participants.registered_at AS participants_registered_at, participants.updated_at AS participants_updated_at 
FROM participants 
WHERE participants.event_id = ? AND participants.email = ? AND participants.status != ?
 LIMIT ? OFFSET ?
2026-03-01 16:53:54,486 INFO sqlalchemy.engine.Engine [cached since 1.075s ago] (4, 'user3@test.com', 'CANCELLED', 1, 0)
2026-03-01 16:53:54,486 INFO sqlalchemy.engine.Engine INSERT INTO participants (event_id, name, email, phone, status, is_confirmed, confirmed_at, qr_token, otp, otp_expires_at, registered_at, updated_at) VALUES (?, ?, ?, ?, ?, ?, ?, ?, ?, ?, ?, ?)
2026-03-01 16:53:54,486 INFO sqlalchemy.engine.Engine [cached since 1.074s ago] (4, 'User3', 'user3@test.com', None, 'REGISTERED', 0, None, None, None, None, '2026-03-01 11:23:54.486726', '2026-03-01 11:23:54.486728')
2026-03-01 16:53:54,487 INFO sqlalchemy.engine.Engine COMMIT
2026-03-01 16:53:54,490 INFO sqlalchemy.engine.Engine BEGIN (implicit)
2026-03-01 16:53:54,490 INFO sqlalchemy.engine.Engine SELECT participants.id, participants.event_id, participants.name, participants.email, participants.phone, participants.status, participants.is_confirmed, participants.confirmed_at, participants.qr_token, participants.otp, participants.otp_expires_at, participants.registered_at, participants.updated_at 
FROM participants 
WHERE participants.id = ?
2026-03-01 16:53:54,490 INFO sqlalchemy.engine.Engine [cached since 1.073s ago] (29,)
2026-03-01 16:53:54,528 INFO sqlalchemy.engine.Engine UPDATE participants SET qr_token=?, updated_at=? WHERE participants.id = ?
2026-03-01 16:53:54,528 INFO sqlalchemy.engine.Engine [cached since 1.063s ago] ('eyJhbGciOiJIUzI1NiIsInR5cCI6IkpXVCJ9.eyJwYXJ0aWNpcGFudF9pZCI6MjksImV2ZW50X2lkIjo0LCJpc3N1ZWRfYXQiOiIyMDI2LTAzLTAxVDExOjIzOjU0LjQ5MDk1NCswMDowMCIsImV4cGlyZXNfYXQiOiIyMDI2LTAzLTAyVDExOjIzOjU0LjQ5MDk2MCswMDowMCIsInR5cGUiOiJhdHRlbmRhbmNlX3FyIn0.7DnNvFIf2c2H5xEBkFuJm1D7F_mQDctgr0fHqZuF9X8', '2026-03-01 11:23:54.528761', 29)
2026-03-01 16:53:54,530 INFO sqlalchemy.engine.Engine COMMIT
2026-03-01 16:53:54,533 INFO sqlalchemy.engine.Engine BEGIN (implicit)
2026-03-01 16:53:54,533 INFO sqlalchemy.engine.Engine SELECT events.id AS events_id, events.name AS events_name, events.description AS events_description, events.event_type AS events_event_type, events.state AS events_state, events.start_time AS events_start_time, events.end_time AS events_end_time, events.registration_deadline AS events_registration_deadline, events.venue AS events_venue, events.meeting_link AS events_meeting_link, events.max_participants AS events_max_participants, events.created_at AS events_created_at, events.updated_at AS events_updated_at, events.created_by AS events_created_by 
FROM events 
WHERE events.id = ?
2026-03-01 16:53:54,533 INFO sqlalchemy.engine.Engine [cached since 1.063s ago] (4,)
2026-03-01 16:53:54 | INFO     | event_agent | [EMAIL] [SIMULATED] To: user3@test.com | Subject: Registration Confirmed: Comparison Event
2026-03-01 16:53:54 | INFO     | event_agent | [REGISTRATION] New registration for Event #4 'Comparison Event': User3 (user3@test.com)
2026-03-01 16:53:54,534 INFO sqlalchemy.engine.Engine SELECT participants.id AS participants_id, participants.event_id AS participants_event_id, participants.name AS participants_name, participants.email AS participants_email, participants.phone AS participants_phone, participants.status AS participants_status, participants.is_confirmed AS participants_is_confirmed, participants.confirmed_at AS participants_confirmed_at, participants.qr_token AS participants_qr_token, participants.otp AS participants_otp, participants.otp_expires_at AS participants_otp_expires_at, participants.registered_at AS participants_registered_at, participants.updated_at AS participants_updated_at 
FROM participants 
WHERE participants.id = ?
2026-03-01 16:53:54,534 INFO sqlalchemy.engine.Engine [cached since 1.062s ago] (29,)
2026-03-01 16:53:54,534 INFO sqlalchemy.engine.Engine SELECT events.id AS events_id, events.name AS events_name, events.description AS events_description, events.event_type AS events_event_type, events.state AS events_state, events.start_time AS events_start_time, events.end_time AS events_end_time, events.registration_deadline AS events_registration_deadline, events.venue AS events_venue, events.meeting_link AS events_meeting_link, events.max_participants AS events_max_participants, events.created_at AS events_created_at, events.updated_at AS events_updated_at, events.created_by AS events_created_by 
FROM events 
WHERE events.id = ?
 LIMIT ? OFFSET ?
2026-03-01 16:53:54,535 INFO sqlalchemy.engine.Engine [cached since 1.135s ago] (4, 1, 0)
2026-03-01 16:53:54,535 INFO sqlalchemy.engine.Engine SELECT participants.id AS participants_id, participants.event_id AS participants_event_id, participants.name AS participants_name, participants.email AS participants_email, participants.phone AS participants_phone, participants.status AS participants_status, participants.is_confirmed AS participants_is_confirmed, participants.confirmed_at AS participants_confirmed_at, participants.qr_token AS participants_qr_token, participants.otp AS participants_otp, participants.otp_expires_at AS participants_otp_expires_at, participants.registered_at AS participants_registered_at, participants.updated_at AS participants_updated_at 
FROM participants 
WHERE participants.event_id = ? AND participants.email = ? AND participants.status != ?
 LIMIT ? OFFSET ?
2026-03-01 16:53:54,535 INFO sqlalchemy.engine.Engine [cached since 1.124s ago] (4, 'user4@test.com', 'CANCELLED', 1, 0)
2026-03-01 16:53:54,535 INFO sqlalchemy.engine.Engine INSERT INTO participants (event_id, name, email, phone, status, is_confirmed, confirmed_at, qr_token, otp, otp_expires_at, registered_at, updated_at) VALUES (?, ?, ?, ?, ?, ?, ?, ?, ?, ?, ?, ?)
2026-03-01 16:53:54,536 INFO sqlalchemy.engine.Engine [cached since 1.124s ago] (4, 'User4', 'user4@test.com', None, 'REGISTERED', 0, None, None, None, None, '2026-03-01 11:23:54.535951', '2026-03-01 11:23:54.535953')
2026-03-01 16:53:54,536 INFO sqlalchemy.engine.Engine COMMIT
2026-03-01 16:53:54,540 INFO sqlalchemy.engine.Engine BEGIN (implicit)
2026-03-01 16:53:54,540 INFO sqlalchemy.engine.Engine SELECT participants.id, participants.event_id, participants.name, participants.email, participants.phone, participants.status, participants.is_confirmed, participants.confirmed_at, participants.qr_token, participants.otp, participants.otp_expires_at, participants.registered_at, participants.updated_at 
FROM participants 
WHERE participants.id = ?
2026-03-01 16:53:54,540 INFO sqlalchemy.engine.Engine [cached since 1.122s ago] (30,)
2026-03-01 16:53:54,574 INFO sqlalchemy.engine.Engine UPDATE participants SET qr_token=?, updated_at=? WHERE participants.id = ?
2026-03-01 16:53:54,574 INFO sqlalchemy.engine.Engine [cached since 1.109s ago] ('eyJhbGciOiJIUzI1NiIsInR5cCI6IkpXVCJ9.eyJwYXJ0aWNpcGFudF9pZCI6MzAsImV2ZW50X2lkIjo0LCJpc3N1ZWRfYXQiOiIyMDI2LTAzLTAxVDExOjIzOjU0LjU0MDQ4OSswMDowMCIsImV4cGlyZXNfYXQiOiIyMDI2LTAzLTAyVDExOjIzOjU0LjU0MDQ5NiswMDowMCIsInR5cGUiOiJhdHRlbmRhbmNlX3FyIn0.1F3S2lsbRWmXZXsf_FcLX8k81wEOH0N9EnyC8ld1sU8', '2026-03-01 11:23:54.574774', 30)
2026-03-01 16:53:54,576 INFO sqlalchemy.engine.Engine COMMIT
2026-03-01 16:53:54,580 INFO sqlalchemy.engine.Engine BEGIN (implicit)
2026-03-01 16:53:54,580 INFO sqlalchemy.engine.Engine SELECT events.id AS events_id, events.name AS events_name, events.description AS events_description, events.event_type AS events_event_type, events.state AS events_state, events.start_time AS events_start_time, events.end_time AS events_end_time, events.registration_deadline AS events_registration_deadline, events.venue AS events_venue, events.meeting_link AS events_meeting_link, events.max_participants AS events_max_participants, events.created_at AS events_created_at, events.updated_at AS events_updated_at, events.created_by AS events_created_by 
FROM events 
WHERE events.id = ?
2026-03-01 16:53:54,580 INFO sqlalchemy.engine.Engine [cached since 1.109s ago] (4,)
2026-03-01 16:53:54 | INFO     | event_agent | [EMAIL] [SIMULATED] To: user4@test.com | Subject: Registration Confirmed: Comparison Event
2026-03-01 16:53:54 | INFO     | event_agent | [REGISTRATION] New registration for Event #4 'Comparison Event': User4 (user4@test.com)
2026-03-01 16:53:54,580 INFO sqlalchemy.engine.Engine SELECT participants.id AS participants_id, participants.event_id AS participants_event_id, participants.name AS participants_name, participants.email AS participants_email, participants.phone AS participants_phone, participants.status AS participants_status, participants.is_confirmed AS participants_is_confirmed, participants.confirmed_at AS participants_confirmed_at, participants.qr_token AS participants_qr_token, participants.otp AS participants_otp, participants.otp_expires_at AS participants_otp_expires_at, participants.registered_at AS participants_registered_at, participants.updated_at AS participants_updated_at 
FROM participants 
WHERE participants.id = ?
2026-03-01 16:53:54,580 INFO sqlalchemy.engine.Engine [cached since 1.109s ago] (30,)
2026-03-01 16:53:54,581 INFO sqlalchemy.engine.Engine SELECT events.id AS events_id, events.name AS events_name, events.description AS events_description, events.event_type AS events_event_type, events.state AS events_state, events.start_time AS events_start_time, events.end_time AS events_end_time, events.registration_deadline AS events_registration_deadline, events.venue AS events_venue, events.meeting_link AS events_meeting_link, events.max_participants AS events_max_participants, events.created_at AS events_created_at, events.updated_at AS events_updated_at, events.created_by AS events_created_by 
FROM events 
WHERE events.id = ?
 LIMIT ? OFFSET ?
2026-03-01 16:53:54,581 INFO sqlalchemy.engine.Engine [cached since 1.181s ago] (4, 1, 0)
2026-03-01 16:53:54,581 INFO sqlalchemy.engine.Engine ROLLBACK
2026-03-01 16:53:54 | WARNING  | event_agent | Invalid transition attempted for Event 4: REGISTRATION_OPEN -> COMPLETED
2026-03-01 16:53:54,581 INFO sqlalchemy.engine.Engine BEGIN (implicit)
2026-03-01 16:53:54,582 INFO sqlalchemy.engine.Engine SELECT events.id AS events_id, events.name AS events_name, events.description AS events_description, events.event_type AS events_event_type, events.state AS events_state, events.start_time AS events_start_time, events.end_time AS events_end_time, events.registration_deadline AS events_registration_deadline, events.venue AS events_venue, events.meeting_link AS events_meeting_link, events.max_participants AS events_max_participants, events.created_at AS events_created_at, events.updated_at AS events_updated_at, events.created_by AS events_created_by 
FROM events 
WHERE events.id = ?
 LIMIT ? OFFSET ?
2026-03-01 16:53:54,582 INFO sqlalchemy.engine.Engine [cached since 1.182s ago] (4, 1, 0)
2026-03-01 16:53:54,582 INFO sqlalchemy.engine.Engine SELECT count(*) AS count_1 
FROM (SELECT participants.id AS participants_id, participants.event_id AS participants_event_id, participants.name AS participants_name, participants.email AS participants_email, participants.phone AS participants_phone, participants.status AS participants_status, participants.is_confirmed AS participants_is_confirmed, participants.confirmed_at AS participants_confirmed_at, participants.qr_token AS participants_qr_token, participants.otp AS participants_otp, participants.otp_expires_at AS participants_otp_expires_at, participants.registered_at AS participants_registered_at, participants.updated_at AS participants_updated_at 
FROM participants 
WHERE participants.event_id = ? AND participants.status != ?) AS anon_1
2026-03-01 16:53:54,582 INFO sqlalchemy.engine.Engine [cached since 0.2777s ago] (4, 'CANCELLED')
2026-03-01 16:53:54,583 INFO sqlalchemy.engine.Engine SELECT count(*) AS count_1 
FROM (SELECT participants.id AS participants_id, participants.event_id AS participants_event_id, participants.name AS participants_name, participants.email AS participants_email, participants.phone AS participants_phone, participants.status AS participants_status, participants.is_confirmed AS participants_is_confirmed, participants.confirmed_at AS participants_confirmed_at, participants.qr_token AS participants_qr_token, participants.otp AS participants_otp, participants.otp_expires_at AS participants_otp_expires_at, participants.registered_at AS participants_registered_at, participants.updated_at AS participants_updated_at 
FROM participants 
WHERE participants.event_id = ? AND participants.is_confirmed = 1) AS anon_1
2026-03-01 16:53:54,583 INFO sqlalchemy.engine.Engine [cached since 0.2768s ago] (4,)
2026-03-01 16:53:54,583 INFO sqlalchemy.engine.Engine SELECT count(*) AS count_1 
FROM (SELECT attendance.id AS attendance_id, attendance.event_id AS attendance_event_id, attendance.participant_id AS attendance_participant_id, attendance.checked_in_at AS attendance_checked_in_at, attendance.check_in_method AS attendance_check_in_method, attendance.is_valid AS attendance_is_valid, attendance.validation_notes AS attendance_validation_notes, attendance.check_in_ip AS attendance_check_in_ip, attendance.check_in_device AS attendance_check_in_device 
FROM attendance 
WHERE attendance.event_id = ? AND attendance.is_valid = 1) AS anon_1
2026-03-01 16:53:54,583 INFO sqlalchemy.engine.Engine [cached since 0.2758s ago] (4,)
2026-03-01 16:53:54,584 INFO sqlalchemy.engine.Engine SELECT count(*) AS count_1 
FROM (SELECT participants.id AS participants_id, participants.event_id AS participants_event_id, participants.name AS participants_name, participants.email AS participants_email, participants.phone AS participants_phone, participants.status AS participants_status, participants.is_confirmed AS participants_is_confirmed, participants.confirmed_at AS participants_confirmed_at, participants.qr_token AS participants_qr_token, participants.otp AS participants_otp, participants.otp_expires_at AS participants_otp_expires_at, participants.registered_at AS participants_registered_at, participants.updated_at AS participants_updated_at 
FROM participants 
WHERE participants.event_id = ?) AS anon_1
2026-03-01 16:53:54,584 INFO sqlalchemy.engine.Engine [cached since 0.2744s ago] (4,)
2026-03-01 16:53:54,584 INFO sqlalchemy.engine.Engine SELECT participants.id AS participants_id, participants.event_id AS participants_event_id, participants.name AS participants_name, participants.email AS participants_email, participants.phone AS participants_phone, participants.status AS participants_status, participants.is_confirmed AS participants_is_confirmed, participants.confirmed_at AS participants_confirmed_at, participants.qr_token AS participants_qr_token, participants.otp AS participants_otp, participants.otp_expires_at AS participants_otp_expires_at, participants.registered_at AS participants_registered_at, participants.updated_at AS participants_updated_at 
FROM participants 
WHERE participants.event_id = ? AND participants.is_confirmed = 1 AND participants.confirmed_at IS NOT NULL
2026-03-01 16:53:54,584 INFO sqlalchemy.engine.Engine [cached since 0.2737s ago] (4,)
2026-03-01 16:53:54 | INFO     | event_agent | [ANALYTICS] Calculated for event 4: Attendance=0.0%, Engagement=0.0, Category=POOR
2026-03-01 16:53:54,584 INFO sqlalchemy.engine.Engine SELECT analytics.id AS analytics_id, analytics.event_id AS analytics_event_id, analytics.total_registered AS analytics_total_registered, analytics.total_confirmed AS analytics_total_confirmed, analytics.confirmation_rate AS analytics_confirmation_rate, analytics.total_attended AS analytics_total_attended, analytics.attendance_rate AS analytics_attendance_rate, analytics.no_show_count AS analytics_no_show_count, analytics.no_show_rate AS analytics_no_show_rate, analytics.registration_to_attendance_rate AS analytics_registration_to_attendance_rate, analytics.engagement_score AS analytics_engagement_score, analytics.avg_confirmation_time_hours AS analytics_avg_confirmation_time_hours, analytics.additional_metrics AS analytics_additional_metrics, analytics.ai_insights AS analytics_ai_insights, analytics.generated_at AS analytics_generated_at, analytics.updated_at AS analytics_updated_at 
FROM analytics 
WHERE analytics.event_id = ?
 LIMIT ? OFFSET ?
2026-03-01 16:53:54,584 INFO sqlalchemy.engine.Engine [cached since 0.2722s ago] (4, 1, 0)
2026-03-01 16:53:54,585 INFO sqlalchemy.engine.Engine INSERT INTO analytics (event_id, total_registered, total_confirmed, confirmation_rate, total_attended, attendance_rate, no_show_count, no_show_rate, registration_to_attendance_rate, engagement_score, avg_confirmation_time_hours, generated_at, updated_at) VALUES (?, ?, ?, ?, ?, ?, ?, ?, ?, ?, ?, ?, ?)
2026-03-01 16:53:54,585 INFO sqlalchemy.engine.Engine [cached since 0.271s ago] (4, 5, 0, 0.0, 0, 0.0, 0, 0.0, 0.0, 0.0, None, '2026-03-01 11:23:54.585240', '2026-03-01 11:23:54.585242')
2026-03-01 16:53:54,585 INFO sqlalchemy.engine.Engine COMMIT
2026-03-01 16:53:54,588 INFO sqlalchemy.engine.Engine BEGIN (implicit)
2026-03-01 16:53:54,588 INFO sqlalchemy.engine.Engine SELECT analytics.id, analytics.event_id, analytics.total_registered, analytics.total_confirmed, analytics.confirmation_rate, analytics.total_attended, analytics.attendance_rate, analytics.no_show_count, analytics.no_show_rate, analytics.registration_to_attendance_rate, analytics.engagement_score, analytics.avg_confirmation_time_hours, analytics.additional_metrics, analytics.ai_insights, analytics.generated_at, analytics.updated_at 
FROM analytics 
WHERE analytics.id = ?
2026-03-01 16:53:54,589 INFO sqlalchemy.engine.Engine [cached since 0.2692s ago] (4,)
2026-03-01 16:53:54 | INFO     | event_agent | [ANALYTICS] Analytics record created for event 4
2026-03-01 16:53:54,589 INFO sqlalchemy.engine.Engine SELECT analytics.id AS analytics_id, analytics.event_id AS analytics_event_id, analytics.total_registered AS analytics_total_registered, analytics.total_confirmed AS analytics_total_confirmed, analytics.confirmation_rate AS analytics_confirmation_rate, analytics.total_attended AS analytics_total_attended, analytics.attendance_rate AS analytics_attendance_rate, analytics.no_show_count AS analytics_no_show_count, analytics.no_show_rate AS analytics_no_show_rate, analytics.registration_to_attendance_rate AS analytics_registration_to_attendance_rate, analytics.engagement_score AS analytics_engagement_score, analytics.avg_confirmation_time_hours AS analytics_avg_confirmation_time_hours, analytics.additional_metrics AS analytics_additional_metrics, analytics.ai_insights AS analytics_ai_insights, analytics.generated_at AS analytics_generated_at, analytics.updated_at AS analytics_updated_at 
FROM analytics 
WHERE analytics.event_id = ?
 LIMIT ? OFFSET ?
2026-03-01 16:53:54,589 INFO sqlalchemy.engine.Engine [cached since 0.2769s ago] (3, 1, 0)
2026-03-01 16:53:54,590 INFO sqlalchemy.engine.Engine SELECT events.id AS events_id, events.name AS events_name, events.description AS events_description, events.event_type AS events_event_type, events.state AS events_state, events.start_time AS events_start_time, events.end_time AS events_end_time, events.registration_deadline AS events_registration_deadline, events.venue AS events_venue, events.meeting_link AS events_meeting_link, events.max_participants AS events_max_participants, events.created_at AS events_created_at, events.updated_at AS events_updated_at, events.created_by AS events_created_by 
FROM events 
WHERE events.id = ?
 LIMIT ? OFFSET ?
2026-03-01 16:53:54,590 INFO sqlalchemy.engine.Engine [cached since 1.19s ago] (3, 1, 0)
2026-03-01 16:53:54,590 INFO sqlalchemy.engine.Engine SELECT analytics.id AS analytics_id, analytics.event_id AS analytics_event_id, analytics.total_registered AS analytics_total_registered, analytics.total_confirmed AS analytics_total_confirmed, analytics.confirmation_rate AS analytics_confirmation_rate, analytics.total_attended AS analytics_total_attended, analytics.attendance_rate AS analytics_attendance_rate, analytics.no_show_count AS analytics_no_show_count, analytics.no_show_rate AS analytics_no_show_rate, analytics.registration_to_attendance_rate AS analytics_registration_to_attendance_rate, analytics.engagement_score AS analytics_engagement_score, analytics.avg_confirmation_time_hours AS analytics_avg_confirmation_time_hours, analytics.additional_metrics AS analytics_additional_metrics, analytics.ai_insights AS analytics_ai_insights, analytics.generated_at AS analytics_generated_at, analytics.updated_at AS analytics_updated_at 
FROM analytics 
WHERE analytics.event_id = ?
 LIMIT ? OFFSET ?
2026-03-01 16:53:54,590 INFO sqlalchemy.engine.Engine [cached since 0.2778s ago] (4, 1, 0)
2026-03-01 16:53:54,590 INFO sqlalchemy.engine.Engine SELECT events.id AS events_id, events.name AS events_name, events.description AS events_description, events.event_type AS events_event_type, events.state AS events_state, events.start_time AS events_start_time, events.end_time AS events_end_time, events.registration_deadline AS events_registration_deadline, events.venue AS events_venue, events.meeting_link AS events_meeting_link, events.max_participants AS events_max_participants, events.created_at AS events_created_at, events.updated_at AS events_updated_at, events.created_by AS events_created_by 
FROM events 
WHERE events.id = ?
 LIMIT ? OFFSET ?
2026-03-01 16:53:54,590 INFO sqlalchemy.engine.Engine [cached since 1.191s ago] (4, 1, 0)
[OK] Compared 2 events
     Average Attendance: 30.0%
     Average Engagement: 34.0
     Best Performer: Stage 5 Test - Analytics Demo Event

============================================================
 TEST 13: Summary Report Generation
============================================================
2026-03-01 16:53:54,591 INFO sqlalchemy.engine.Engine SELECT events.id AS events_id, events.name AS events_name, events.description AS events_description, events.event_type AS events_event_type, events.state AS events_state, events.start_time AS events_start_time, events.end_time AS events_end_time, events.registration_deadline AS events_registration_deadline, events.venue AS events_venue, events.meeting_link AS events_meeting_link, events.max_participants AS events_max_participants, events.created_at AS events_created_at, events.updated_at AS events_updated_at, events.created_by AS events_created_by 
FROM events 
WHERE events.id = ?
 LIMIT ? OFFSET ?
2026-03-01 16:53:54,591 INFO sqlalchemy.engine.Engine [cached since 1.191s ago] (3, 1, 0)
2026-03-01 16:53:54,591 INFO sqlalchemy.engine.Engine SELECT count(*) AS count_1 
FROM (SELECT participants.id AS participants_id, participants.event_id AS participants_event_id, participants.name AS participants_name, participants.email AS participants_email, participants.phone AS participants_phone, participants.status AS participants_status, participants.is_confirmed AS participants_is_confirmed, participants.confirmed_at AS participants_confirmed_at, participants.qr_token AS participants_qr_token, participants.otp AS participants_otp, participants.otp_expires_at AS participants_otp_expires_at, participants.registered_at AS participants_registered_at, participants.updated_at AS participants_updated_at 
FROM participants 
WHERE participants.event_id = ? AND participants.status != ?) AS anon_1
2026-03-01 16:53:54,591 INFO sqlalchemy.engine.Engine [cached since 0.2869s ago] (3, 'CANCELLED')
2026-03-01 16:53:54,592 INFO sqlalchemy.engine.Engine SELECT count(*) AS count_1 
FROM (SELECT participants.id AS participants_id, participants.event_id AS participants_event_id, participants.name AS participants_name, participants.email AS participants_email, participants.phone AS participants_phone, participants.status AS participants_status, participants.is_confirmed AS participants_is_confirmed, participants.confirmed_at AS participants_confirmed_at, participants.qr_token AS participants_qr_token, participants.otp AS participants_otp, participants.otp_expires_at AS participants_otp_expires_at, participants.registered_at AS participants_registered_at, participants.updated_at AS participants_updated_at 
FROM participants 
WHERE participants.event_id = ? AND participants.is_confirmed = 1) AS anon_1
2026-03-01 16:53:54,592 INFO sqlalchemy.engine.Engine [cached since 0.286s ago] (3,)
2026-03-01 16:53:54,592 INFO sqlalchemy.engine.Engine SELECT count(*) AS count_1 
FROM (SELECT attendance.id AS attendance_id, attendance.event_id AS attendance_event_id, attendance.participant_id AS attendance_participant_id, attendance.checked_in_at AS attendance_checked_in_at, attendance.check_in_method AS attendance_check_in_method, attendance.is_valid AS attendance_is_valid, attendance.validation_notes AS attendance_validation_notes, attendance.check_in_ip AS attendance_check_in_ip, attendance.check_in_device AS attendance_check_in_device 
FROM attendance 
WHERE attendance.event_id = ? AND attendance.is_valid = 1) AS anon_1
2026-03-01 16:53:54,592 INFO sqlalchemy.engine.Engine [cached since 0.2849s ago] (3,)
2026-03-01 16:53:54,593 INFO sqlalchemy.engine.Engine SELECT count(*) AS count_1 
FROM (SELECT participants.id AS participants_id, participants.event_id AS participants_event_id, participants.name AS participants_name, participants.email AS participants_email, participants.phone AS participants_phone, participants.status AS participants_status, participants.is_confirmed AS participants_is_confirmed, participants.confirmed_at AS participants_confirmed_at, participants.qr_token AS participants_qr_token, participants.otp AS participants_otp, participants.otp_expires_at AS participants_otp_expires_at, participants.registered_at AS participants_registered_at, participants.updated_at AS participants_updated_at 
FROM participants 
WHERE participants.event_id = ?) AS anon_1
2026-03-01 16:53:54,593 INFO sqlalchemy.engine.Engine [cached since 0.2835s ago] (3,)
2026-03-01 16:53:54,593 INFO sqlalchemy.engine.Engine SELECT participants.id AS participants_id, participants.event_id AS participants_event_id, participants.name AS participants_name, participants.email AS participants_email, participants.phone AS participants_phone, participants.status AS participants_status, participants.is_confirmed AS participants_is_confirmed, participants.confirmed_at AS participants_confirmed_at, participants.qr_token AS participants_qr_token, participants.otp AS participants_otp, participants.otp_expires_at AS participants_otp_expires_at, participants.registered_at AS participants_registered_at, participants.updated_at AS participants_updated_at 
FROM participants 
WHERE participants.event_id = ? AND participants.is_confirmed = 1 AND participants.confirmed_at IS NOT NULL
2026-03-01 16:53:54,593 INFO sqlalchemy.engine.Engine [cached since 0.2828s ago] (3,)
2026-03-01 16:53:54 | INFO     | event_agent | [ANALYTICS] Calculated for event 3: Attendance=60.0%, Engagement=68.0, Category=GOOD
Event Analytics Report
============================================================
Event: Stage 5 Test - Analytics Demo Event (ID: 3)

PARTICIPATION METRICS:
- Total Registered: 10
- Total Confirmed: 8 (80.0%)
- Total Attended: 6 (60.0%)
- No-shows: 2 (25.0%)

PERFORMANCE:
- Engagement Score: 68.0/100
- Category: GOOD

COMMUNICATION:
- Reminders Sent: 20
- Avg Response Time: 0.0 hours

============================================================

[OK] Summary report generated

============================================================
 STAGE 5 TEST - VALIDATION
============================================================
[PASS] Analytics calculation working correctly
[PASS] Metrics: 60% attendance, 80% confirmation, 25% no-show
[PASS] AI insights generated (RULE_BASED)
[PASS] Data persistence working
[PASS] Event comparison working
[PASS] All Stage 5 features validated!
2026-03-01 16:53:54,593 INFO sqlalchemy.engine.Engine COMMIT

============================================================
 STAGE 5 TEST PASSED - Analytics + AI Complete!
============================================================

What was tested:
  * Analytics calculation (rates, scores, categories)
  * AI insights generation (GPT-4 or rule-based)
  * Data persistence (Analytics table)
  * Event comparison
  * Summary reports

Next Steps:
  - Configure OpenAI API key in .env for AI insights
  - Ready for Stage 6: REST API Layer
